Archive member included to satisfy reference by file (symbol)

d:/program files/stm32cubeide_1.7.0/stm32cubeide/plugins/com.st.stm32cube.ide.mcu.externaltools.gnu-tools-for-stm32.9-2020-q2-update.win32_2.0.0.202105311346/tools/bin/../lib/gcc/arm-none-eabi/9.3.1/../../../../arm-none-eabi/lib/thumb/v6-m/nofp\libc_nano.a(lib_a-assert.o)
                              ./Core/Src/API/circular_buffer.o (__assert_func)
d:/program files/stm32cubeide_1.7.0/stm32cubeide/plugins/com.st.stm32cube.ide.mcu.externaltools.gnu-tools-for-stm32.9-2020-q2-update.win32_2.0.0.202105311346/tools/bin/../lib/gcc/arm-none-eabi/9.3.1/../../../../arm-none-eabi/lib/thumb/v6-m/nofp\libc_nano.a(lib_a-errno.o)
                              ./Core/Src/syscalls.o (__errno)
d:/program files/stm32cubeide_1.7.0/stm32cubeide/plugins/com.st.stm32cube.ide.mcu.externaltools.gnu-tools-for-stm32.9-2020-q2-update.win32_2.0.0.202105311346/tools/bin/../lib/gcc/arm-none-eabi/9.3.1/../../../../arm-none-eabi/lib/thumb/v6-m/nofp\libc_nano.a(lib_a-exit.o)
                              d:/program files/stm32cubeide_1.7.0/stm32cubeide/plugins/com.st.stm32cube.ide.mcu.externaltools.gnu-tools-for-stm32.9-2020-q2-update.win32_2.0.0.202105311346/tools/bin/../lib/gcc/arm-none-eabi/9.3.1/../../../../arm-none-eabi/lib/thumb/v6-m/nofp/crt0.o (exit)
d:/program files/stm32cubeide_1.7.0/stm32cubeide/plugins/com.st.stm32cube.ide.mcu.externaltools.gnu-tools-for-stm32.9-2020-q2-update.win32_2.0.0.202105311346/tools/bin/../lib/gcc/arm-none-eabi/9.3.1/../../../../arm-none-eabi/lib/thumb/v6-m/nofp\libc_nano.a(lib_a-fprintf.o)
                              d:/program files/stm32cubeide_1.7.0/stm32cubeide/plugins/com.st.stm32cube.ide.mcu.externaltools.gnu-tools-for-stm32.9-2020-q2-update.win32_2.0.0.202105311346/tools/bin/../lib/gcc/arm-none-eabi/9.3.1/../../../../arm-none-eabi/lib/thumb/v6-m/nofp\libc_nano.a(lib_a-assert.o) (fiprintf)
d:/program files/stm32cubeide_1.7.0/stm32cubeide/plugins/com.st.stm32cube.ide.mcu.externaltools.gnu-tools-for-stm32.9-2020-q2-update.win32_2.0.0.202105311346/tools/bin/../lib/gcc/arm-none-eabi/9.3.1/../../../../arm-none-eabi/lib/thumb/v6-m/nofp\libc_nano.a(lib_a-impure.o)
                              d:/program files/stm32cubeide_1.7.0/stm32cubeide/plugins/com.st.stm32cube.ide.mcu.externaltools.gnu-tools-for-stm32.9-2020-q2-update.win32_2.0.0.202105311346/tools/bin/../lib/gcc/arm-none-eabi/9.3.1/../../../../arm-none-eabi/lib/thumb/v6-m/nofp\libc_nano.a(lib_a-exit.o) (_global_impure_ptr)
d:/program files/stm32cubeide_1.7.0/stm32cubeide/plugins/com.st.stm32cube.ide.mcu.externaltools.gnu-tools-for-stm32.9-2020-q2-update.win32_2.0.0.202105311346/tools/bin/../lib/gcc/arm-none-eabi/9.3.1/../../../../arm-none-eabi/lib/thumb/v6-m/nofp\libc_nano.a(lib_a-init.o)
                              d:/program files/stm32cubeide_1.7.0/stm32cubeide/plugins/com.st.stm32cube.ide.mcu.externaltools.gnu-tools-for-stm32.9-2020-q2-update.win32_2.0.0.202105311346/tools/bin/../lib/gcc/arm-none-eabi/9.3.1/../../../../arm-none-eabi/lib/thumb/v6-m/nofp/crt0.o (__libc_init_array)
d:/program files/stm32cubeide_1.7.0/stm32cubeide/plugins/com.st.stm32cube.ide.mcu.externaltools.gnu-tools-for-stm32.9-2020-q2-update.win32_2.0.0.202105311346/tools/bin/../lib/gcc/arm-none-eabi/9.3.1/../../../../arm-none-eabi/lib/thumb/v6-m/nofp\libc_nano.a(lib_a-malloc.o)
                              ./Core/Src/API/circular_buffer.o (malloc)
d:/program files/stm32cubeide_1.7.0/stm32cubeide/plugins/com.st.stm32cube.ide.mcu.externaltools.gnu-tools-for-stm32.9-2020-q2-update.win32_2.0.0.202105311346/tools/bin/../lib/gcc/arm-none-eabi/9.3.1/../../../../arm-none-eabi/lib/thumb/v6-m/nofp\libc_nano.a(lib_a-memset.o)
                              d:/program files/stm32cubeide_1.7.0/stm32cubeide/plugins/com.st.stm32cube.ide.mcu.externaltools.gnu-tools-for-stm32.9-2020-q2-update.win32_2.0.0.202105311346/tools/bin/../lib/gcc/arm-none-eabi/9.3.1/../../../../arm-none-eabi/lib/thumb/v6-m/nofp/crt0.o (memset)
d:/program files/stm32cubeide_1.7.0/stm32cubeide/plugins/com.st.stm32cube.ide.mcu.externaltools.gnu-tools-for-stm32.9-2020-q2-update.win32_2.0.0.202105311346/tools/bin/../lib/gcc/arm-none-eabi/9.3.1/../../../../arm-none-eabi/lib/thumb/v6-m/nofp\libc_nano.a(lib_a-nano-freer.o)
                              d:/program files/stm32cubeide_1.7.0/stm32cubeide/plugins/com.st.stm32cube.ide.mcu.externaltools.gnu-tools-for-stm32.9-2020-q2-update.win32_2.0.0.202105311346/tools/bin/../lib/gcc/arm-none-eabi/9.3.1/../../../../arm-none-eabi/lib/thumb/v6-m/nofp\libc_nano.a(lib_a-malloc.o) (_free_r)
d:/program files/stm32cubeide_1.7.0/stm32cubeide/plugins/com.st.stm32cube.ide.mcu.externaltools.gnu-tools-for-stm32.9-2020-q2-update.win32_2.0.0.202105311346/tools/bin/../lib/gcc/arm-none-eabi/9.3.1/../../../../arm-none-eabi/lib/thumb/v6-m/nofp\libc_nano.a(lib_a-nano-mallocr.o)
[...]
Memory Configuration

Name             Origin             Length             Attributes
RAM              0x0000000020000000 0x0000000000008000 xrw
FLASH            0x0000000008000000 0x0000000000040000 xr
*default*        0x0000000000000000 0xffffffffffffffff

Linker script and memory map

LOAD d:/program files/stm32cubeide_1.7.0/stm32cubeide/plugins/com.st.stm32cube.ide.mcu.externaltools.gnu-tools-for-stm32.9-2020-q2-update.win32_2.0.0.202105311346/tools/bin/../lib/gcc/arm-none-eabi/9.3.1/thumb/v6-m/nofp/crti.o
LOAD d:/program files/stm32cubeide_1.7.0/stm32cubeide/plugins/com.st.stm32cube.ide.mcu.externaltools.gnu-tools-for-stm32.9-2020-q2-update.win32_2.0.0.202105311346/tools/bin/../lib/gcc/arm-none-eabi/9.3.1/thumb/v6-m/nofp/crtbegin.o
LOAD d:/program files/stm32cubeide_1.7.0/stm32cubeide/plugins/com.st.stm32cube.ide.mcu.externaltools.gnu-tools-for-stm32.9-2020-q2-update.win32_2.0.0.202105311346/tools/bin/../lib/gcc/arm-none-eabi/9.3.1/../../../../arm-none-eabi/lib/thumb/v6-m/nofp/crt0.o
LOAD ./Core/Src/API/circular_buffer.o
LOAD ./Core/Src/API/printf_debug.o
LOAD ./Core/Src/API/time_event.o
LOAD ./Core/Src/API/time_irq.o
LOAD ./Core/Src/API/uart_driver.o
LOAD ./Core/Src/main.o
LOAD ./Core/Src/peripherals_init.o
LOAD ./Core/Src/stm32f0xx_hal_msp.o
LOAD ./Core/Src/stm32f0xx_it.o
LOAD ./Core/Src/syscalls.o
LOAD ./Core/Src/sysmem.o
LOAD ./Core/Src/system_stm32f0xx.o
LOAD ./Core/Startup/startup_stm32f030cctx.o
LOAD ./Drivers/STM32F0xx_HAL_Driver/Src/stm32f0xx_hal.o
LOAD ./Drivers/STM32F0xx_HAL_Driver/Src/stm32f0xx_hal_cortex.o
LOAD ./Drivers/STM32F0xx_HAL_Driver/Src/stm32f0xx_hal_dma.o
LOAD ./Drivers/STM32F0xx_HAL_Driver/Src/stm32f0xx_hal_exti.o
LOAD ./Drivers/STM32F0xx_HAL_Driver/Src/stm32f0xx_hal_flash.o
LOAD ./Drivers/STM32F0xx_HAL_Driver/Src/stm32f0xx_hal_flash_ex.o
LOAD ./Drivers/STM32F0xx_HAL_Driver/Src/stm32f0xx_hal_gpio.o
LOAD ./Drivers/STM32F0xx_HAL_Driver/Src/stm32f0xx_hal_i2c.o
LOAD ./Drivers/STM32F0xx_HAL_Driver/Src/stm32f0xx_hal_i2c_ex.o
LOAD ./Drivers/STM32F0xx_HAL_Driver/Src/stm32f0xx_hal_pwr.o
LOAD ./Drivers/STM32F0xx_HAL_Driver/Src/stm32f0xx_hal_pwr_ex.o
LOAD ./Drivers/STM32F0xx_HAL_Driver/Src/stm32f0xx_hal_rcc.o
LOAD ./Drivers/STM32F0xx_HAL_Driver/Src/stm32f0xx_hal_rcc_ex.o
LOAD ./Drivers/STM32F0xx_HAL_Driver/Src/stm32f0xx_hal_tim.o
LOAD ./Drivers/STM32F0xx_HAL_Driver/Src/stm32f0xx_hal_tim_ex.o
LOAD ./Drivers/STM32F0xx_HAL_Driver/Src/stm32f0xx_hal_uart.o
LOAD ./Drivers/STM32F0xx_HAL_Driver/Src/stm32f0xx_hal_uart_ex.o
START GROUP
LOAD d:/program files/stm32cubeide_1.7.0/stm32cubeide/plugins/com.st.stm32cube.ide.mcu.externaltools.gnu-tools-for-stm32.9-2020-q2-update.win32_2.0.0.202105311346/tools/bin/../lib/gcc/arm-none-eabi/9.3.1/../../../../arm-none-eabi/lib/thumb/v6-m/nofp\libc_nano.a
LOAD d:/program files/stm32cubeide_1.7.0/stm32cubeide/plugins/com.st.stm32cube.ide.mcu.externaltools.gnu-tools-for-stm32.9-2020-q2-update.win32_2.0.0.202105311346/tools/bin/../lib/gcc/arm-none-eabi/9.3.1/../../../../arm-none-eabi/lib/thumb/v6-m/nofp\libm.a
END GROUP
START GROUP
LOAD d:/program files/stm32cubeide_1.7.0/stm32cubeide/plugins/com.st.stm32cube.ide.mcu.externaltools.gnu-tools-for-stm32.9-2020-q2-update.win32_2.0.0.202105311346/tools/bin/../lib/gcc/arm-none-eabi/9.3.1/thumb/v6-m/nofp\libgcc.a
LOAD d:/program files/stm32cubeide_1.7.0/stm32cubeide/plugins/com.st.stm32cube.ide.mcu.externaltools.gnu-tools-for-stm32.9-2020-q2-update.win32_2.0.0.202105311346/tools/bin/../lib/gcc/arm-none-eabi/9.3.1/../../../../arm-none-eabi/lib/thumb/v6-m/nofp\libc_nano.a
END GROUP
START GROUP
LOAD d:/program files/stm32cubeide_1.7.0/stm32cubeide/plugins/com.st.stm32cube.ide.mcu.externaltools.gnu-tools-for-stm32.9-2020-q2-update.win32_2.0.0.202105311346/tools/bin/../lib/gcc/arm-none-eabi/9.3.1/thumb/v6-m/nofp\libgcc.a
LOAD d:/program files/stm32cubeide_1.7.0/stm32cubeide/plugins/com.st.stm32cube.ide.mcu.externaltools.gnu-tools-for-stm32.9-2020-q2-update.win32_2.0.0.202105311346/tools/bin/../lib/gcc/arm-none-eabi/9.3.1/../../../../arm-none-eabi/lib/thumb/v6-m/nofp\libc_nano.a
LOAD d:/program files/stm32cubeide_1.7.0/stm32cubeide/plugins/com.st.stm32cube.ide.mcu.externaltools.gnu-tools-for-stm32.9-2020-q2-update.win32_2.0.0.202105311346/tools/bin/../lib/gcc/arm-none-eabi/9.3.1/../../../../arm-none-eabi/lib/thumb/v6-m/nofp\libnosys.a
END GROUP
START GROUP
LOAD d:/program files/stm32cubeide_1.7.0/stm32cubeide/plugins/com.st.stm32cube.ide.mcu.externaltools.gnu-tools-for-stm32.9-2020-q2-update.win32_2.0.0.202105311346/tools/bin/../lib/gcc/arm-none-eabi/9.3.1/thumb/v6-m/nofp\libgcc.a
LOAD d:/program files/stm32cubeide_1.7.0/stm32cubeide/plugins/com.st.stm32cube.ide.mcu.externaltools.gnu-tools-for-stm32.9-2020-q2-update.win32_2.0.0.202105311346/tools/bin/../lib/gcc/arm-none-eabi/9.3.1/../../../../arm-none-eabi/lib/thumb/v6-m/nofp\libc_nano.a
LOAD d:/program files/stm32cubeide_1.7.0/stm32cubeide/plugins/com.st.stm32cube.ide.mcu.externaltools.gnu-tools-for-stm32.9-2020-q2-update.win32_2.0.0.202105311346/tools/bin/../lib/gcc/arm-none-eabi/9.3.1/../../../../arm-none-eabi/lib/thumb/v6-m/nofp\libnosys.a
END GROUP
LOAD d:/program files/stm32cubeide_1.7.0/stm32cubeide/plugins/com.st.stm32cube.ide.mcu.externaltools.gnu-tools-for-stm32.9-2020-q2-update.win32_2.0.0.202105311346/tools/bin/../lib/gcc/arm-none-eabi/9.3.1/thumb/v6-m/nofp/crtend.o
LOAD d:/program files/stm32cubeide_1.7.0/stm32cubeide/plugins/com.st.stm32cube.ide.mcu.externaltools.gnu-tools-for-stm32.9-2020-q2-update.win32_2.0.0.202105311346/tools/bin/../lib/gcc/arm-none-eabi/9.3.1/thumb/v6-m/nofp/crtn.o
                0x0000000020008000                _estack = (ORIGIN (RAM) + LENGTH (RAM))
                0x0000000000000200                _Min_Heap_Size = 0x200
                0x0000000000000400                _Min_Stack_Size = 0x400

.isr_vector     0x0000000008000000       0xbc
                0x0000000008000000                . = ALIGN (0x4)
 *(.isr_vector)
 .isr_vector    0x0000000008000000       0xbc ./Core/Startup/startup_stm32f030cctx.o
                0x0000000008000000                g_pfnVectors
                0x00000000080000bc                . = ALIGN (0x4)

.text           0x00000000080000bc     0x4624
                0x00000000080000bc                . = ALIGN (0x4)
 *(.text)
 .text          0x00000000080000bc       0x48 d:/program files/stm32cubeide_1.7.0/stm32cubeide/plugins/com.st.stm32cube.ide.mcu.externaltools.gnu-tools-for-stm32.9-2020-q2-update.win32_2.0.0.202105311346/tools/bin/../lib/gcc/arm-none-eabi/9.3.1/thumb/v6-m/nofp/crtbegin.o
 .text          0x0000000008000104       0x14 d:/program files/stm32cubeide_1.7.0/stm32cubeide/plugins/com.st.stm32cube.ide.mcu.externaltools.gnu-tools-for-stm32.9-2020-q2-update.win32_2.0.0.202105311346/tools/bin/../lib/gcc/arm-none-eabi/9.3.1/thumb/v6-m/nofp\libgcc.a(_thumb1_case_shi.o)
                0x0000000008000104                __gnu_thumb1_case_shi
 .text          0x0000000008000118      0x114 d:/program files/stm32cubeide_1.7.0/stm32cubeide/plugins/com.st.stm32cube.ide.mcu.externaltools.gnu-tools-for-stm32.9-2020-q2-update.win32_2.0.0.202105311346/tools/bin/../lib/gcc/arm-none-eabi/9.3.1/thumb/v6-m/nofp\libgcc.a(_udivsi3.o)
                0x0000000008000118                __aeabi_uidiv
                0x0000000008000118                __udivsi3
                0x0000000008000224                __aeabi_uidivmod
 .text          0x000000000800022c        0x4 d:/program files/stm32cubeide_1.7.0/stm32cubeide/plugins/com.st.stm32cube.ide.mcu.externaltools.gnu-tools-for-stm32.9-2020-q2-update.win32_2.0.0.202105311346/tools/bin/../lib/gcc/arm-none-eabi/9.3.1/thumb/v6-m/nofp\libgcc.a(_dvmd_tls.o)
                0x000000000800022c                __aeabi_idiv0
                0x000000000800022c                __aeabi_ldiv0
 *(.text*)
 .text.head_ptr_advance
                0x0000000008000230       0x80 ./Core/Src/API/circular_buffer.o
 .text.tail_ptr_retreat
                0x00000000080002b0       0x50 ./Core/Src/API/circular_buffer.o
 .text.circular_buff_empty
                0x0000000008000300       0x4c ./Core/Src/API/circular_buffer.o
                0x0000000008000300                circular_buff_empty
 .text.circular_buff_init
                0x000000000800034c       0x88 ./Core/Src/API/circular_buffer.o
                0x000000000800034c                circular_buff_init
 .text.circular_buff_reset
                0x00000000080003d4       0x40 ./Core/Src/API/circular_buffer.o
                0x00000000080003d4                circular_buff_reset
 .text.circular_buff_get_data_len
                0x0000000008000414       0x6c ./Core/Src/API/circular_buffer.o
                0x0000000008000414                circular_buff_get_data_len
 .text.circular_buff_get_free_space
                0x0000000008000480       0x40 ./Core/Src/API/circular_buffer.o
                0x0000000008000480                circular_buff_get_free_space
 .text.circular_buff_put
                0x00000000080004c0       0x54 ./Core/Src/API/circular_buffer.o
                0x00000000080004c0                circular_buff_put
 .text.circular_buff_get
                0x0000000008000514       0x70 ./Core/Src/API/circular_buffer.o
                0x0000000008000514                circular_buff_get
 .text.circular_buff_write
                0x0000000008000584       0x88 ./Core/Src/API/circular_buffer.o
                0x0000000008000584                circular_buff_write
 .text.circular_buff_read
                0x000000000800060c       0x70 ./Core/Src/API/circular_buffer.o
                0x000000000800060c                circular_buff_read
 .text._write   0x000000000800067c       0x28 ./Core/Src/API/printf_debug.o
                0x000000000800067c                _write
 .text.uart_init_it
                0x00000000080006a4       0xb0 ./Core/Src/API/uart_driver.o
                0x00000000080006a4                uart_init_it
 .text.uart_transmit_it
                0x0000000008000754       0x58 ./Core/Src/API/uart_driver.o
                0x0000000008000754                uart_transmit_it
 .text.HAL_UART_TxCpltCallback
                0x00000000080007ac       0x9c ./Core/Src/API/uart_driver.o
                0x00000000080007ac                HAL_UART_TxCpltCallback
 .text.HAL_UART_RxCpltCallback
                0x0000000008000848       0x78 ./Core/Src/API/uart_driver.o
                0x0000000008000848                HAL_UART_RxCpltCallback
 .text.print_startup_message
                0x00000000080008c0       0x58 ./Core/Src/main.o
                0x00000000080008c0                print_startup_message
 .text.main     0x0000000008000918        0xe ./Core/Src/main.o
                0x0000000008000918                main
 .text.Error_Handler
                0x0000000008000926        0xa ./Core/Src/main.o
                0x0000000008000926                Error_Handler
 .text.SystemClock_Config
                0x0000000008000930       0xa6 ./Core/Src/peripherals_init.o
 *fill*         0x00000000080009d6        0x2 
 .text.MX_GPIO_Init
                0x00000000080009d8      0x104 ./Core/Src/peripherals_init.o
 .text.peripherals_init
                0x0000000008000adc       0x50 ./Core/Src/peripherals_init.o
                0x0000000008000adc                peripherals_init
 .text.HAL_MspInit
                0x0000000008000b2c       0x48 ./Core/Src/stm32f0xx_hal_msp.o
                0x0000000008000b2c                HAL_MspInit
 .text.HAL_UART_MspInit
                0x0000000008000b74      0x130 ./Core/Src/stm32f0xx_hal_msp.o
                0x0000000008000b74                HAL_UART_MspInit
 .text.NMI_Handler
                0x0000000008000ca4        0x6 ./Core/Src/stm32f0xx_it.o
                0x0000000008000ca4                NMI_Handler
 .text.HardFault_Handler
                0x0000000008000caa        0x6 ./Core/Src/stm32f0xx_it.o
                0x0000000008000caa                HardFault_Handler
 .text.SVC_Handler
                0x0000000008000cb0        0xa ./Core/Src/stm32f0xx_it.o
                0x0000000008000cb0                SVC_Handler
 .text.PendSV_Handler
                0x0000000008000cba        0xa ./Core/Src/stm32f0xx_it.o
                0x0000000008000cba                PendSV_Handler
 .text.SysTick_Handler
                0x0000000008000cc4        0xe ./Core/Src/stm32f0xx_it.o
                0x0000000008000cc4                SysTick_Handler
 *fill*         0x0000000008000cd2        0x2 
 .text.USART1_IRQHandler
                0x0000000008000cd4       0x18 ./Core/Src/stm32f0xx_it.o
                0x0000000008000cd4                USART1_IRQHandler
 .text.USART2_IRQHandler
                0x0000000008000cec       0x18 ./Core/Src/stm32f0xx_it.o
                0x0000000008000cec                USART2_IRQHandler
 .text._getpid  0x0000000008000d04        0xc ./Core/Src/syscalls.o
                0x0000000008000d04                _getpid
 .text._kill    0x0000000008000d10       0x20 ./Core/Src/syscalls.o
                0x0000000008000d10                _kill
 .text._exit    0x0000000008000d30       0x18 ./Core/Src/syscalls.o
                0x0000000008000d30                _exit
 .text._read    0x0000000008000d48       0x3a ./Core/Src/syscalls.o
                0x0000000008000d48                _read
 .text._close   0x0000000008000d82       0x14 ./Core/Src/syscalls.o
                0x0000000008000d82                _close
 .text._fstat   0x0000000008000d96       0x1c ./Core/Src/syscalls.o
                0x0000000008000d96                _fstat
 .text._isatty  0x0000000008000db2       0x12 ./Core/Src/syscalls.o
                0x0000000008000db2                _isatty
 .text._lseek   0x0000000008000dc4       0x16 ./Core/Src/syscalls.o
                0x0000000008000dc4                _lseek
 *fill*         0x0000000008000dda        0x2 
 .text._sbrk    0x0000000008000ddc       0x6c ./Core/Src/sysmem.o
                0x0000000008000ddc                _sbrk
 .text.SystemInit
                0x0000000008000e48        0xa ./Core/Src/system_stm32f0xx.o
                0x0000000008000e48                SystemInit
 *fill*         0x0000000008000e52        0x2 
 .text.Reset_Handler
                0x0000000008000e54       0x50 ./Core/Startup/startup_stm32f030cctx.o
                0x0000000008000e54                Reset_Handler
 .text.Default_Handler
                0x0000000008000ea4        0x2 ./Core/Startup/startup_stm32f030cctx.o
                0x0000000008000ea4                TIM1_CC_IRQHandler
                0x0000000008000ea4                TIM6_IRQHandler
                0x0000000008000ea4                I2C1_IRQHandler
                0x0000000008000ea4                SPI1_IRQHandler
                0x0000000008000ea4                EXTI2_3_IRQHandler
                0x0000000008000ea4                ADC1_IRQHandler
                0x0000000008000ea4                I2C2_IRQHandler
                0x0000000008000ea4                USART3_6_IRQHandler
                0x0000000008000ea4                TIM17_IRQHandler
                0x0000000008000ea4                RTC_IRQHandler
                0x0000000008000ea4                TIM16_IRQHandler
                0x0000000008000ea4                TIM3_IRQHandler
                0x0000000008000ea4                EXTI4_15_IRQHandler
                0x0000000008000ea4                RCC_IRQHandler
                0x0000000008000ea4                DMA1_Channel1_IRQHandler
                0x0000000008000ea4                Default_Handler
                0x0000000008000ea4                TIM14_IRQHandler
                0x0000000008000ea4                DMA1_Channel4_5_IRQHandler
                0x0000000008000ea4                TIM7_IRQHandler
                0x0000000008000ea4                TIM15_IRQHandler
                0x0000000008000ea4                EXTI0_1_IRQHandler
                0x0000000008000ea4                SPI2_IRQHandler
                0x0000000008000ea4                WWDG_IRQHandler
                0x0000000008000ea4                DMA1_Channel2_3_IRQHandler
                0x0000000008000ea4                FLASH_IRQHandler
                0x0000000008000ea4                TIM1_BRK_UP_TRG_COM_IRQHandler
 *fill*         0x0000000008000ea6        0x2 
 .text.HAL_Init
                0x0000000008000ea8       0x28 ./Drivers/STM32F0xx_HAL_Driver/Src/stm32f0xx_hal.o
                0x0000000008000ea8                HAL_Init
 .text.HAL_InitTick
                0x0000000008000ed0       0x68 ./Drivers/STM32F0xx_HAL_Driver/Src/stm32f0xx_hal.o
                0x0000000008000ed0                HAL_InitTick
 .text.HAL_IncTick
                0x0000000008000f38       0x24 ./Drivers/STM32F0xx_HAL_Driver/Src/stm32f0xx_hal.o
                0x0000000008000f38                HAL_IncTick
 .text.HAL_GetTick
                0x0000000008000f5c       0x14 ./Drivers/STM32F0xx_HAL_Driver/Src/stm32f0xx_hal.o
                0x0000000008000f5c                HAL_GetTick
 .text.__NVIC_EnableIRQ
                0x0000000008000f70       0x34 ./Drivers/STM32F0xx_HAL_Driver/Src/stm32f0xx_hal_cortex.o
 .text.__NVIC_SetPriority
                0x0000000008000fa4       0xdc ./Drivers/STM32F0xx_HAL_Driver/Src/stm32f0xx_hal_cortex.o
 .text.SysTick_Config
                0x0000000008001080       0x48 ./Drivers/STM32F0xx_HAL_Driver/Src/stm32f0xx_hal_cortex.o
 .text.HAL_NVIC_SetPriority
                0x00000000080010c8       0x2a ./Drivers/STM32F0xx_HAL_Driver/Src/stm32f0xx_hal_cortex.o
                0x00000000080010c8                HAL_NVIC_SetPriority
 .text.HAL_NVIC_EnableIRQ
                0x00000000080010f2       0x20 ./Drivers/STM32F0xx_HAL_Driver/Src/stm32f0xx_hal_cortex.o
                0x00000000080010f2                HAL_NVIC_EnableIRQ
 .text.HAL_SYSTICK_Config
                0x0000000008001112       0x1a ./Drivers/STM32F0xx_HAL_Driver/Src/stm32f0xx_hal_cortex.o
                0x0000000008001112                HAL_SYSTICK_Config
 .text.HAL_DMA_Abort
                0x000000000800112c       0x70 ./Drivers/STM32F0xx_HAL_Driver/Src/stm32f0xx_hal_dma.o
                0x000000000800112c                HAL_DMA_Abort
 .text.HAL_DMA_Abort_IT
                0x000000000800119c       0x8a ./Drivers/STM32F0xx_HAL_Driver/Src/stm32f0xx_hal_dma.o
                0x000000000800119c                HAL_DMA_Abort_IT
 *fill*         0x0000000008001226        0x2 
 .text.HAL_GPIO_Init
                0x0000000008001228      0x2e0 ./Drivers/STM32F0xx_HAL_Driver/Src/stm32f0xx_hal_gpio.o
                0x0000000008001228                HAL_GPIO_Init
 .text.HAL_GPIO_WritePin
                0x0000000008001508       0x3a ./Drivers/STM32F0xx_HAL_Driver/Src/stm32f0xx_hal_gpio.o
                0x0000000008001508                HAL_GPIO_WritePin
 *fill*         0x0000000008001542        0x2 
 .text.HAL_RCC_OscConfig
                0x0000000008001544      0x63c ./Drivers/STM32F0xx_HAL_Driver/Src/stm32f0xx_hal_rcc.o
                0x0000000008001544                HAL_RCC_OscConfig
 .text.HAL_RCC_ClockConfig
                0x0000000008001b80      0x19c ./Drivers/STM32F0xx_HAL_Driver/Src/stm32f0xx_hal_rcc.o
                0x0000000008001b80                HAL_RCC_ClockConfig
 .text.HAL_RCC_GetSysClockFreq
                0x0000000008001d1c       0xc8 ./Drivers/STM32F0xx_HAL_Driver/Src/stm32f0xx_hal_rcc.o
                0x0000000008001d1c                HAL_RCC_GetSysClockFreq
 .text.HAL_RCC_GetHCLKFreq
                0x0000000008001de4       0x14 ./Drivers/STM32F0xx_HAL_Driver/Src/stm32f0xx_hal_rcc.o
                0x0000000008001de4                HAL_RCC_GetHCLKFreq
 .text.HAL_RCC_GetPCLK1Freq
                0x0000000008001df8       0x2c ./Drivers/STM32F0xx_HAL_Driver/Src/stm32f0xx_hal_rcc.o
                0x0000000008001df8                HAL_RCC_GetPCLK1Freq
 .text.HAL_RCCEx_PeriphCLKConfig
                0x0000000008001e24      0x19c ./Drivers/STM32F0xx_HAL_Driver/Src/stm32f0xx_hal_rcc_ex.o
                0x0000000008001e24                HAL_RCCEx_PeriphCLKConfig
 .text.HAL_UART_Init
                0x0000000008001fc0       0xa8 ./Drivers/STM32F0xx_HAL_Driver/Src/stm32f0xx_hal_uart.o
                0x0000000008001fc0                HAL_UART_Init
 .text.HAL_UART_Transmit_IT
                0x0000000008002068      0x100 ./Drivers/STM32F0xx_HAL_Driver/Src/stm32f0xx_hal_uart.o
                0x0000000008002068                HAL_UART_Transmit_IT
 .text.HAL_UART_Receive_IT
                0x0000000008002168       0xc2 ./Drivers/STM32F0xx_HAL_Driver/Src/stm32f0xx_hal_uart.o
                0x0000000008002168                HAL_UART_Receive_IT
 *fill*         0x000000000800222a        0x2 
 .text.HAL_UART_IRQHandler
                0x000000000800222c      0x580 ./Drivers/STM32F0xx_HAL_Driver/Src/stm32f0xx_hal_uart.o
                0x000000000800222c                HAL_UART_IRQHandler
 .text.HAL_UART_ErrorCallback
                0x00000000080027ac       0x10 ./Drivers/STM32F0xx_HAL_Driver/Src/stm32f0xx_hal_uart.o
                0x00000000080027ac                HAL_UART_ErrorCallback
 .text.HAL_UARTEx_RxEventCallback
                0x00000000080027bc       0x16 ./Drivers/STM32F0xx_HAL_Driver/Src/stm32f0xx_hal_uart.o
                0x00000000080027bc                HAL_UARTEx_RxEventCallback
 *fill*         0x00000000080027d2        0x2 
 .text.UART_SetConfig
                0x00000000080027d4      0x2e0 ./Drivers/STM32F0xx_HAL_Driver/Src/stm32f0xx_hal_uart.o
                0x00000000080027d4                UART_SetConfig
 .text.UART_AdvFeatureConfig
                0x0000000008002ab4      0x168 ./Drivers/STM32F0xx_HAL_Driver/Src/stm32f0xx_hal_uart.o
                0x0000000008002ab4                UART_AdvFeatureConfig
 .text.UART_CheckIdleState
                0x0000000008002c1c       0x90 ./Drivers/STM32F0xx_HAL_Driver/Src/stm32f0xx_hal_uart.o
                0x0000000008002c1c                UART_CheckIdleState
 .text.UART_WaitOnFlagUntilTimeout
                0x0000000008002cac      0x188 ./Drivers/STM32F0xx_HAL_Driver/Src/stm32f0xx_hal_uart.o
                0x0000000008002cac                UART_WaitOnFlagUntilTimeout
 .text.UART_Start_Receive_IT
                0x0000000008002e34      0x160 ./Drivers/STM32F0xx_HAL_Driver/Src/stm32f0xx_hal_uart.o
                0x0000000008002e34                UART_Start_Receive_IT
 .text.UART_EndRxTransfer
                0x0000000008002f94       0xc4 ./Drivers/STM32F0xx_HAL_Driver/Src/stm32f0xx_hal_uart.o
 .text.UART_DMAAbortOnError
                0x0000000008003058       0x2e ./Drivers/STM32F0xx_HAL_Driver/Src/stm32f0xx_hal_uart.o
 .text.UART_TxISR_8BIT
                0x0000000008003086       0xb4 ./Drivers/STM32F0xx_HAL_Driver/Src/stm32f0xx_hal_uart.o
 .text.UART_TxISR_16BIT
                0x000000000800313a       0xbc ./Drivers/STM32F0xx_HAL_Driver/Src/stm32f0xx_hal_uart.o
 .text.UART_EndTransmit_IT
                0x00000000080031f6       0x56 ./Drivers/STM32F0xx_HAL_Driver/Src/stm32f0xx_hal_uart.o
 .text.UART_RxISR_8BIT
                0x000000000800324c      0x168 ./Drivers/STM32F0xx_HAL_Driver/Src/stm32f0xx_hal_uart.o
 .text.UART_RxISR_16BIT
                0x00000000080033b4      0x168 ./Drivers/STM32F0xx_HAL_Driver/Src/stm32f0xx_hal_uart.o
 .text.__assert_func
                0x000000000800351c       0x3c d:/program files/stm32cubeide_1.7.0/stm32cubeide/plugins/com.st.stm32cube.ide.mcu.externaltools.gnu-tools-for-stm32.9-2020-q2-update.win32_2.0.0.202105311346/tools/bin/../lib/gcc/arm-none-eabi/9.3.1/../../../../arm-none-eabi/lib/thumb/v6-m/nofp\libc_nano.a(lib_a-assert.o)
                0x000000000800351c                __assert_func
 .text.__errno  0x0000000008003558        0xc d:/program files/stm32cubeide_1.7.0/stm32cubeide/plugins/com.st.stm32cube.ide.mcu.externaltools.gnu-tools-for-stm32.9-2020-q2-update.win32_2.0.0.202105311346/tools/bin/../lib/gcc/arm-none-eabi/9.3.1/../../../../arm-none-eabi/lib/thumb/v6-m/nofp\libc_nano.a(lib_a-errno.o)
                0x0000000008003558                __errno
 .text.fprintf  0x0000000008003564       0x20 d:/program files/stm32cubeide_1.7.0/stm32cubeide/plugins/com.st.stm32cube.ide.mcu.externaltools.gnu-tools-for-stm32.9-2020-q2-update.win32_2.0.0.202105311346/tools/bin/../lib/gcc/arm-none-eabi/9.3.1/../../../../arm-none-eabi/lib/thumb/v6-m/nofp\libc_nano.a(lib_a-fprintf.o)
                0x0000000008003564                fiprintf
                0x0000000008003564                fprintf
 .text.__libc_init_array
                0x0000000008003584       0x48 d:/program files/stm32cubeide_1.7.0/stm32cubeide/plugins/com.st.stm32cube.ide.mcu.externaltools.gnu-tools-for-stm32.9-2020-q2-update.win32_2.0.0.202105311346/tools/bin/../lib/gcc/arm-none-eabi/9.3.1/../../../../arm-none-eabi/lib/thumb/v6-m/nofp\libc_nano.a(lib_a-init.o)
                0x0000000008003584                __libc_init_array
 .text.malloc   0x00000000080035cc       0x14 d:/program files/stm32cubeide_1.7.0/stm32cubeide/plugins/com.st.stm32cube.ide.mcu.externaltools.gnu-tools-for-stm32.9-2020-q2-update.win32_2.0.0.202105311346/tools/bin/../lib/gcc/arm-none-eabi/9.3.1/../../../../arm-none-eabi/lib/thumb/v6-m/nofp\libc_nano.a(lib_a-malloc.o)
                0x00000000080035cc                malloc
 .text.memset   0x00000000080035e0       0x10 d:/program files/stm32cubeide_1.7.0/stm32cubeide/plugins/com.st.stm32cube.ide.mcu.externaltools.gnu-tools-for-stm32.9-2020-q2-update.win32_2.0.0.202105311346/tools/bin/../lib/gcc/arm-none-eabi/9.3.1/../../../../arm-none-eabi/lib/thumb/v6-m/nofp\libc_nano.a(lib_a-memset.o)
                0x00000000080035e0                memset
 .text._free_r  0x00000000080035f0       0x94 d:/program files/stm32cubeide_1.7.0/stm32cubeide/plugins/com.st.stm32cube.ide.mcu.externaltools.gnu-tools-for-stm32.9-2020-q2-update.win32_2.0.0.202105311346/tools/bin/../lib/gcc/arm-none-eabi/9.3.1/../../../../arm-none-eabi/lib/thumb/v6-m/nofp\libc_nano.a(lib_a-nano-freer.o)
                0x00000000080035f0                _free_r
 .text._malloc_r
                0x0000000008003684       0xbc d:/program files/stm32cubeide_1.7.0/stm32cubeide/plugins/com.st.stm32cube.ide.mcu.externaltools.gnu-tools-for-stm32.9-2020-q2-update.win32_2.0.0.202105311346/tools/bin/../lib/gcc/arm-none-eabi/9.3.1/../../../../arm-none-eabi/lib/thumb/v6-m/nofp\libc_nano.a(lib_a-nano-mallocr.o)
                0x0000000008003684                _malloc_r
 .text.__sfputc_r
                0x0000000008003740       0x2a d:/program files/stm32cubeide_1.7.0/stm32cubeide/plugins/com.st.stm32cube.ide.mcu.externaltools.gnu-tools-for-stm32.9-2020-q2-update.win32_2.0.0.202105311346/tools/bin/../lib/gcc/arm-none-eabi/9.3.1/../../../../arm-none-eabi/lib/thumb/v6-m/nofp\libc_nano.a(lib_a-nano-vfprintf.o)
 .text.__sfputs_r
                0x000000000800376a       0x24 d:/program files/stm32cubeide_1.7.0/stm32cubeide/plugins/com.st.stm32cube.ide.mcu.externaltools.gnu-tools-for-stm32.9-2020-q2-update.win32_2.0.0.202105311346/tools/bin/../lib/gcc/arm-none-eabi/9.3.1/../../../../arm-none-eabi/lib/thumb/v6-m/nofp\libc_nano.a(lib_a-nano-vfprintf.o)
                0x000000000800376a                __sfputs_r
 *fill*         0x000000000800378e        0x2 
 .text._vfprintf_r
                0x0000000008003790      0x274 d:/program files/stm32cubeide_1.7.0/stm32cubeide/plugins/com.st.stm32cube.ide.mcu.externaltools.gnu-tools-for-stm32.9-2020-q2-update.win32_2.0.0.202105311346/tools/bin/../lib/gcc/arm-none-eabi/9.3.1/../../../../arm-none-eabi/lib/thumb/v6-m/nofp\libc_nano.a(lib_a-nano-vfprintf.o)
                0x0000000008003790                _vfprintf_r
                0x0000000008003790                _vfiprintf_r
 .text._printf_common
                0x0000000008003a04       0xde d:/program files/stm32cubeide_1.7.0/stm32cubeide/plugins/com.st.stm32cube.ide.mcu.externaltools.gnu-tools-for-stm32.9-2020-q2-update.win32_2.0.0.202105311346/tools/bin/../lib/gcc/arm-none-eabi/9.3.1/../../../../arm-none-eabi/lib/thumb/v6-m/nofp\libc_nano.a(lib_a-nano-vfprintf_i.o)
                0x0000000008003a04                _printf_common
 *fill*         0x0000000008003ae2        0x2 
 .text._printf_i
                0x0000000008003ae4      0x224 d:/program files/stm32cubeide_1.7.0/stm32cubeide/plugins/com.st.stm32cube.ide.mcu.externaltools.gnu-tools-for-stm32.9-2020-q2-update.win32_2.0.0.202105311346/tools/bin/../lib/gcc/arm-none-eabi/9.3.1/../../../../arm-none-eabi/lib/thumb/v6-m/nofp\libc_nano.a(lib_a-nano-vfprintf_i.o)
                0x0000000008003ae4                _printf_i
 .text.printf   0x0000000008003d08       0x34 d:/program files/stm32cubeide_1.7.0/stm32cubeide/plugins/com.st.stm32cube.ide.mcu.externaltools.gnu-tools-for-stm32.9-2020-q2-update.win32_2.0.0.202105311346/tools/bin/../lib/gcc/arm-none-eabi/9.3.1/../../../../arm-none-eabi/lib/thumb/v6-m/nofp\libc_nano.a(lib_a-printf.o)
                0x0000000008003d08                iprintf
                0x0000000008003d08                printf
 .text._puts_r  0x0000000008003d3c       0xe4 d:/program files/stm32cubeide_1.7.0/stm32cubeide/plugins/com.st.stm32cube.ide.mcu.externaltools.gnu-tools-for-stm32.9-2020-q2-update.win32_2.0.0.202105311346/tools/bin/../lib/gcc/arm-none-eabi/9.3.1/../../../../arm-none-eabi/lib/thumb/v6-m/nofp\libc_nano.a(lib_a-puts.o)
                0x0000000008003d3c                _puts_r
 .text.puts     0x0000000008003e20       0x14 d:/program files/stm32cubeide_1.7.0/stm32cubeide/plugins/com.st.stm32cube.ide.mcu.externaltools.gnu-tools-for-stm32.9-2020-q2-update.win32_2.0.0.202105311346/tools/bin/../lib/gcc/arm-none-eabi/9.3.1/../../../../arm-none-eabi/lib/thumb/v6-m/nofp\libc_nano.a(lib_a-puts.o)
                0x0000000008003e20                puts
 .text._sbrk_r  0x0000000008003e34       0x24 d:/program files/stm32cubeide_1.7.0/stm32cubeide/plugins/com.st.stm32cube.ide.mcu.externaltools.gnu-tools-for-stm32.9-2020-q2-update.win32_2.0.0.202105311346/tools/bin/../lib/gcc/arm-none-eabi/9.3.1/../../../../arm-none-eabi/lib/thumb/v6-m/nofp\libc_nano.a(lib_a-sbrkr.o)
                0x0000000008003e34                _sbrk_r
 .text.__swbuf_r
                0x0000000008003e58       0xac d:/program files/stm32cubeide_1.7.0/stm32cubeide/plugins/com.st.stm32cube.ide.mcu.externaltools.gnu-tools-for-stm32.9-2020-q2-update.win32_2.0.0.202105311346/tools/bin/../lib/gcc/arm-none-eabi/9.3.1/../../../../arm-none-eabi/lib/thumb/v6-m/nofp\libc_nano.a(lib_a-wbuf.o)
                0x0000000008003e58                __swbuf_r
 .text.__swsetup_r
                0x0000000008003f04       0xf0 d:/program files/stm32cubeide_1.7.0/stm32cubeide/plugins/com.st.stm32cube.ide.mcu.externaltools.gnu-tools-for-stm32.9-2020-q2-update.win32_2.0.0.202105311346/tools/bin/../lib/gcc/arm-none-eabi/9.3.1/../../../../arm-none-eabi/lib/thumb/v6-m/nofp\libc_nano.a(lib_a-wsetup.o)
                0x0000000008003f04                __swsetup_r
 .text.abort    0x0000000008003ff4        0xe d:/program files/stm32cubeide_1.7.0/stm32cubeide/plugins/com.st.stm32cube.ide.mcu.externaltools.gnu-tools-for-stm32.9-2020-q2-update.win32_2.0.0.202105311346/tools/bin/../lib/gcc/arm-none-eabi/9.3.1/../../../../arm-none-eabi/lib/thumb/v6-m/nofp\libc_nano.a(lib_a-abort.o)
                0x0000000008003ff4                abort
 *fill*         0x0000000008004002        0x2 
 .text.__sflush_r
                0x0000000008004004      0x118 d:/program files/stm32cubeide_1.7.0/stm32cubeide/plugins/com.st.stm32cube.ide.mcu.externaltools.gnu-tools-for-stm32.9-2020-q2-update.win32_2.0.0.202105311346/tools/bin/../lib/gcc/arm-none-eabi/9.3.1/../../../../arm-none-eabi/lib/thumb/v6-m/nofp\libc_nano.a(lib_a-fflush.o)
                0x0000000008004004                __sflush_r
 .text._fflush_r
                0x000000000800411c       0x80 d:/program files/stm32cubeide_1.7.0/stm32cubeide/plugins/com.st.stm32cube.ide.mcu.externaltools.gnu-tools-for-stm32.9-2020-q2-update.win32_2.0.0.202105311346/tools/bin/../lib/gcc/arm-none-eabi/9.3.1/../../../../arm-none-eabi/lib/thumb/v6-m/nofp\libc_nano.a(lib_a-fflush.o)
                0x000000000800411c                _fflush_r
 .text.std      0x000000000800419c       0x48 d:/program files/stm32cubeide_1.7.0/stm32cubeide/plugins/com.st.stm32cube.ide.mcu.externaltools.gnu-tools-for-stm32.9-2020-q2-update.win32_2.0.0.202105311346/tools/bin/../lib/gcc/arm-none-eabi/9.3.1/../../../../arm-none-eabi/lib/thumb/v6-m/nofp\libc_nano.a(lib_a-findfp.o)
 .text._cleanup_r
                0x00000000080041e4       0x10 d:/program files/stm32cubeide_1.7.0/stm32cubeide/plugins/com.st.stm32cube.ide.mcu.externaltools.gnu-tools-for-stm32.9-2020-q2-update.win32_2.0.0.202105311346/tools/bin/../lib/gcc/arm-none-eabi/9.3.1/../../../../arm-none-eabi/lib/thumb/v6-m/nofp\libc_nano.a(lib_a-findfp.o)
                0x00000000080041e4                _cleanup_r
 .text.__sfmoreglue
                0x00000000080041f4       0x2c d:/program files/stm32cubeide_1.7.0/stm32cubeide/plugins/com.st.stm32cube.ide.mcu.externaltools.gnu-tools-for-stm32.9-2020-q2-update.win32_2.0.0.202105311346/tools/bin/../lib/gcc/arm-none-eabi/9.3.1/../../../../arm-none-eabi/lib/thumb/v6-m/nofp\libc_nano.a(lib_a-findfp.o)
                0x00000000080041f4                __sfmoreglue
 .text.__sfp_lock_acquire
                0x0000000008004220       0x10 d:/program files/stm32cubeide_1.7.0/stm32cubeide/plugins/com.st.stm32cube.ide.mcu.externaltools.gnu-tools-for-stm32.9-2020-q2-update.win32_2.0.0.202105311346/tools/bin/../lib/gcc/arm-none-eabi/9.3.1/../../../../arm-none-eabi/lib/thumb/v6-m/nofp\libc_nano.a(lib_a-findfp.o)
                0x0000000008004220                __sfp_lock_acquire
 .text.__sfp_lock_release
                0x0000000008004230       0x10 d:/program files/stm32cubeide_1.7.0/stm32cubeide/plugins/com.st.stm32cube.ide.mcu.externaltools.gnu-tools-for-stm32.9-2020-q2-update.win32_2.0.0.202105311346/tools/bin/../lib/gcc/arm-none-eabi/9.3.1/../../../../arm-none-eabi/lib/thumb/v6-m/nofp\libc_nano.a(lib_a-findfp.o)
                0x0000000008004230                __sfp_lock_release
 .text.__sinit_lock_acquire
                0x0000000008004240       0x10 d:/program files/stm32cubeide_1.7.0/stm32cubeide/plugins/com.st.stm32cube.ide.mcu.externaltools.gnu-tools-for-stm32.9-2020-q2-update.win32_2.0.0.202105311346/tools/bin/../lib/gcc/arm-none-eabi/9.3.1/../../../../arm-none-eabi/lib/thumb/v6-m/nofp\libc_nano.a(lib_a-findfp.o)
                0x0000000008004240                __sinit_lock_acquire
 .text.__sinit_lock_release
                0x0000000008004250       0x10 d:/program files/stm32cubeide_1.7.0/stm32cubeide/plugins/com.st.stm32cube.ide.mcu.externaltools.gnu-tools-for-stm32.9-2020-q2-update.win32_2.0.0.202105311346/tools/bin/../lib/gcc/arm-none-eabi/9.3.1/../../../../arm-none-eabi/lib/thumb/v6-m/nofp\libc_nano.a(lib_a-findfp.o)
                0x0000000008004250                __sinit_lock_release
 .text.__sinit  0x0000000008004260       0x70 d:/program files/stm32cubeide_1.7.0/stm32cubeide/plugins/com.st.stm32cube.ide.mcu.externaltools.gnu-tools-for-stm32.9-2020-q2-update.win32_2.0.0.202105311346/tools/bin/../lib/gcc/arm-none-eabi/9.3.1/../../../../arm-none-eabi/lib/thumb/v6-m/nofp\libc_nano.a(lib_a-findfp.o)
                0x0000000008004260                __sinit
 .text.__sfp    0x00000000080042d0       0x90 d:/program files/stm32cubeide_1.7.0/stm32cubeide/plugins/com.st.stm32cube.ide.mcu.externaltools.gnu-tools-for-stm32.9-2020-q2-update.win32_2.0.0.202105311346/tools/bin/../lib/gcc/arm-none-eabi/9.3.1/../../../../arm-none-eabi/lib/thumb/v6-m/nofp\libc_nano.a(lib_a-findfp.o)
                0x00000000080042d0                __sfp
 .text._fwalk_reent
                0x0000000008004360       0x40 d:/program files/stm32cubeide_1.7.0/stm32cubeide/plugins/com.st.stm32cube.ide.mcu.externaltools.gnu-tools-for-stm32.9-2020-q2-update.win32_2.0.0.202105311346/tools/bin/../lib/gcc/arm-none-eabi/9.3.1/../../../../arm-none-eabi/lib/thumb/v6-m/nofp\libc_nano.a(lib_a-fwalk.o)
                0x0000000008004360                _fwalk_reent
 .text.__retarget_lock_init_recursive
                0x00000000080043a0        0x2 d:/program files/stm32cubeide_1.7.0/stm32cubeide/plugins/com.st.stm32cube.ide.mcu.externaltools.gnu-tools-for-stm32.9-2020-q2-update.win32_2.0.0.202105311346/tools/bin/../lib/gcc/arm-none-eabi/9.3.1/../../../../arm-none-eabi/lib/thumb/v6-m/nofp\libc_nano.a(lib_a-lock.o)
                0x00000000080043a0                __retarget_lock_init_recursive
 .text.__retarget_lock_acquire_recursive
                0x00000000080043a2        0x2 d:/program files/stm32cubeide_1.7.0/stm32cubeide/plugins/com.st.stm32cube.ide.mcu.externaltools.gnu-tools-for-stm32.9-2020-q2-update.win32_2.0.0.202105311346/tools/bin/../lib/gcc/arm-none-eabi/9.3.1/../../../../arm-none-eabi/lib/thumb/v6-m/nofp\libc_nano.a(lib_a-lock.o)
                0x00000000080043a2                __retarget_lock_acquire_recursive
 .text.__retarget_lock_release_recursive
                0x00000000080043a4        0x2 d:/program files/stm32cubeide_1.7.0/stm32cubeide/plugins/com.st.stm32cube.ide.mcu.externaltools.gnu-tools-for-stm32.9-2020-q2-update.win32_2.0.0.202105311346/tools/bin/../lib/gcc/arm-none-eabi/9.3.1/../../../../arm-none-eabi/lib/thumb/v6-m/nofp\libc_nano.a(lib_a-lock.o)
                0x00000000080043a4                __retarget_lock_release_recursive
 *fill*         0x00000000080043a6        0x2 
 .text.__swhatbuf_r
                0x00000000080043a8       0x50 d:/program files/stm32cubeide_1.7.0/stm32cubeide/plugins/com.st.stm32cube.ide.mcu.externaltools.gnu-tools-for-stm32.9-2020-q2-update.win32_2.0.0.202105311346/tools/bin/../lib/gcc/arm-none-eabi/9.3.1/../../../../arm-none-eabi/lib/thumb/v6-m/nofp\libc_nano.a(lib_a-makebuf.o)
                0x00000000080043a8                __swhatbuf_r
 .text.__smakebuf_r
                0x00000000080043f8       0x88 d:/program files/stm32cubeide_1.7.0/stm32cubeide/plugins/com.st.stm32cube.ide.mcu.externaltools.gnu-tools-for-stm32.9-2020-q2-update.win32_2.0.0.202105311346/tools/bin/../lib/gcc/arm-none-eabi/9.3.1/../../../../arm-none-eabi/lib/thumb/v6-m/nofp\libc_nano.a(lib_a-makebuf.o)
                0x00000000080043f8                __smakebuf_r
 .text.memchr   0x0000000008004480       0x16 d:/program files/stm32cubeide_1.7.0/stm32cubeide/plugins/com.st.stm32cube.ide.mcu.externaltools.gnu-tools-for-stm32.9-2020-q2-update.win32_2.0.0.202105311346/tools/bin/../lib/gcc/arm-none-eabi/9.3.1/../../../../arm-none-eabi/lib/thumb/v6-m/nofp\libc_nano.a(lib_a-memchr-stub.o)
                0x0000000008004480                memchr
 *fill*         0x0000000008004496        0x2 
 .text.__malloc_lock
                0x0000000008004498       0x10 d:/program files/stm32cubeide_1.7.0/stm32cubeide/plugins/com.st.stm32cube.ide.mcu.externaltools.gnu-tools-for-stm32.9-2020-q2-update.win32_2.0.0.202105311346/tools/bin/../lib/gcc/arm-none-eabi/9.3.1/../../../../arm-none-eabi/lib/thumb/v6-m/nofp\libc_nano.a(lib_a-mlock.o)
                0x0000000008004498                __malloc_lock
 .text.__malloc_unlock
                0x00000000080044a8       0x10 d:/program files/stm32cubeide_1.7.0/stm32cubeide/plugins/com.st.stm32cube.ide.mcu.externaltools.gnu-tools-for-stm32.9-2020-q2-update.win32_2.0.0.202105311346/tools/bin/../lib/gcc/arm-none-eabi/9.3.1/../../../../arm-none-eabi/lib/thumb/v6-m/nofp\libc_nano.a(lib_a-mlock.o)
                0x00000000080044a8                __malloc_unlock
 .text._raise_r
                0x00000000080044b8       0x54 d:/program files/stm32cubeide_1.7.0/stm32cubeide/plugins/com.st.stm32cube.ide.mcu.externaltools.gnu-tools-for-stm32.9-2020-q2-update.win32_2.0.0.202105311346/tools/bin/../lib/gcc/arm-none-eabi/9.3.1/../../../../arm-none-eabi/lib/thumb/v6-m/nofp\libc_nano.a(lib_a-signal.o)
                0x00000000080044b8                _raise_r
 .text.raise    0x000000000800450c       0x14 d:/program files/stm32cubeide_1.7.0/stm32cubeide/plugins/com.st.stm32cube.ide.mcu.externaltools.gnu-tools-for-stm32.9-2020-q2-update.win32_2.0.0.202105311346/tools/bin/../lib/gcc/arm-none-eabi/9.3.1/../../../../arm-none-eabi/lib/thumb/v6-m/nofp\libc_nano.a(lib_a-signal.o)
                0x000000000800450c                raise
 .text._kill_r  0x0000000008004520       0x24 d:/program files/stm32cubeide_1.7.0/stm32cubeide/plugins/com.st.stm32cube.ide.mcu.externaltools.gnu-tools-for-stm32.9-2020-q2-update.win32_2.0.0.202105311346/tools/bin/../lib/gcc/arm-none-eabi/9.3.1/../../../../arm-none-eabi/lib/thumb/v6-m/nofp\libc_nano.a(lib_a-signalr.o)
                0x0000000008004520                _kill_r
 .text._getpid_r
                0x0000000008004544        0x8 d:/program files/stm32cubeide_1.7.0/stm32cubeide/plugins/com.st.stm32cube.ide.mcu.externaltools.gnu-tools-for-stm32.9-2020-q2-update.win32_2.0.0.202105311346/tools/bin/../lib/gcc/arm-none-eabi/9.3.1/../../../../arm-none-eabi/lib/thumb/v6-m/nofp\libc_nano.a(lib_a-signalr.o)
                0x0000000008004544                _getpid_r
 .text.__sread  0x000000000800454c       0x28 d:/program files/stm32cubeide_1.7.0/stm32cubeide/plugins/com.st.stm32cube.ide.mcu.externaltools.gnu-tools-for-stm32.9-2020-q2-update.win32_2.0.0.202105311346/tools/bin/../lib/gcc/arm-none-eabi/9.3.1/../../../../arm-none-eabi/lib/thumb/v6-m/nofp\libc_nano.a(lib_a-stdio.o)
                0x000000000800454c                __sread
 .text.__swrite
                0x0000000008004574       0x38 d:/program files/stm32cubeide_1.7.0/stm32cubeide/plugins/com.st.stm32cube.ide.mcu.externaltools.gnu-tools-for-stm32.9-2020-q2-update.win32_2.0.0.202105311346/tools/bin/../lib/gcc/arm-none-eabi/9.3.1/../../../../arm-none-eabi/lib/thumb/v6-m/nofp\libc_nano.a(lib_a-stdio.o)
                0x0000000008004574                __swrite
 .text.__sseek  0x00000000080045ac       0x2c d:/program files/stm32cubeide_1.7.0/stm32cubeide/plugins/com.st.stm32cube.ide.mcu.externaltools.gnu-tools-for-stm32.9-2020-q2-update.win32_2.0.0.202105311346/tools/bin/../lib/gcc/arm-none-eabi/9.3.1/../../../../arm-none-eabi/lib/thumb/v6-m/nofp\libc_nano.a(lib_a-stdio.o)
                0x00000000080045ac                __sseek
 .text.__sclose
                0x00000000080045d8        0xc d:/program files/stm32cubeide_1.7.0/stm32cubeide/plugins/com.st.stm32cube.ide.mcu.externaltools.gnu-tools-for-stm32.9-2020-q2-update.win32_2.0.0.202105311346/tools/bin/../lib/gcc/arm-none-eabi/9.3.1/../../../../arm-none-eabi/lib/thumb/v6-m/nofp\libc_nano.a(lib_a-stdio.o)
                0x00000000080045d8                __sclose
 .text._write_r
                0x00000000080045e4       0x28 d:/program files/stm32cubeide_1.7.0/stm32cubeide/plugins/com.st.stm32cube.ide.mcu.externaltools.gnu-tools-for-stm32.9-2020-q2-update.win32_2.0.0.202105311346/tools/bin/../lib/gcc/arm-none-eabi/9.3.1/../../../../arm-none-eabi/lib/thumb/v6-m/nofp\libc_nano.a(lib_a-writer.o)
                0x00000000080045e4                _write_r
 .text._close_r
                0x000000000800460c       0x24 d:/program files/stm32cubeide_1.7.0/stm32cubeide/plugins/com.st.stm32cube.ide.mcu.externaltools.gnu-tools-for-stm32.9-2020-q2-update.win32_2.0.0.202105311346/tools/bin/../lib/gcc/arm-none-eabi/9.3.1/../../../../arm-none-eabi/lib/thumb/v6-m/nofp\libc_nano.a(lib_a-closer.o)
                0x000000000800460c                _close_r
 .text._fstat_r
                0x0000000008004630       0x24 d:/program files/stm32cubeide_1.7.0/stm32cubeide/plugins/com.st.stm32cube.ide.mcu.externaltools.gnu-tools-for-stm32.9-2020-q2-update.win32_2.0.0.202105311346/tools/bin/../lib/gcc/arm-none-eabi/9.3.1/../../../../arm-none-eabi/lib/thumb/v6-m/nofp\libc_nano.a(lib_a-fstatr.o)
                0x0000000008004630                _fstat_r
 .text._isatty_r
                0x0000000008004654       0x24 d:/program files/stm32cubeide_1.7.0/stm32cubeide/plugins/com.st.stm32cube.ide.mcu.externaltools.gnu-tools-for-stm32.9-2020-q2-update.win32_2.0.0.202105311346/tools/bin/../lib/gcc/arm-none-eabi/9.3.1/../../../../arm-none-eabi/lib/thumb/v6-m/nofp\libc_nano.a(lib_a-isattyr.o)
                0x0000000008004654                _isatty_r
 .text._lseek_r
                0x0000000008004678       0x28 d:/program files/stm32cubeide_1.7.0/stm32cubeide/plugins/com.st.stm32cube.ide.mcu.externaltools.gnu-tools-for-stm32.9-2020-q2-update.win32_2.0.0.202105311346/tools/bin/../lib/gcc/arm-none-eabi/9.3.1/../../../../arm-none-eabi/lib/thumb/v6-m/nofp\libc_nano.a(lib_a-lseekr.o)
                0x0000000008004678                _lseek_r
 .text._read_r  0x00000000080046a0       0x28 d:/program files/stm32cubeide_1.7.0/stm32cubeide/plugins/com.st.stm32cube.ide.mcu.externaltools.gnu-tools-for-stm32.9-2020-q2-update.win32_2.0.0.202105311346/tools/bin/../lib/gcc/arm-none-eabi/9.3.1/../../../../arm-none-eabi/lib/thumb/v6-m/nofp\libc_nano.a(lib_a-readr.o)
                0x00000000080046a0                _read_r
 *(.glue_7)
 .glue_7        0x00000000080046c8        0x0 linker stubs
 *(.glue_7t)
 .glue_7t       0x00000000080046c8        0x0 linker stubs
 *(.eh_frame)
 .eh_frame      0x00000000080046c8        0x0 d:/program files/stm32cubeide_1.7.0/stm32cubeide/plugins/com.st.stm32cube.ide.mcu.externaltools.gnu-tools-for-stm32.9-2020-q2-update.win32_2.0.0.202105311346/tools/bin/../lib/gcc/arm-none-eabi/9.3.1/thumb/v6-m/nofp/crtbegin.o
 *(.init)
 .init          0x00000000080046c8        0x4 d:/program files/stm32cubeide_1.7.0/stm32cubeide/plugins/com.st.stm32cube.ide.mcu.externaltools.gnu-tools-for-stm32.9-2020-q2-update.win32_2.0.0.202105311346/tools/bin/../lib/gcc/arm-none-eabi/9.3.1/thumb/v6-m/nofp/crti.o
                0x00000000080046c8                _init
 .init          0x00000000080046cc        0x8 d:/program files/stm32cubeide_1.7.0/stm32cubeide/plugins/com.st.stm32cube.ide.mcu.externaltools.gnu-tools-for-stm32.9-2020-q2-update.win32_2.0.0.202105311346/tools/bin/../lib/gcc/arm-none-eabi/9.3.1/thumb/v6-m/nofp/crtn.o
 *(.fini)
 .fini          0x00000000080046d4        0x4 d:/program files/stm32cubeide_1.7.0/stm32cubeide/plugins/com.st.stm32cube.ide.mcu.externaltools.gnu-tools-for-stm32.9-2020-q2-update.win32_2.0.0.202105311346/tools/bin/../lib/gcc/arm-none-eabi/9.3.1/thumb/v6-m/nofp/crti.o
                0x00000000080046d4                _fini
 .fini          0x00000000080046d8        0x8 d:/program files/stm32cubeide_1.7.0/stm32cubeide/plugins/com.st.stm32cube.ide.mcu.externaltools.gnu-tools-for-stm32.9-2020-q2-update.win32_2.0.0.202105311346/tools/bin/../lib/gcc/arm-none-eabi/9.3.1/thumb/v6-m/nofp/crtn.o
                0x00000000080046e0                . = ALIGN (0x4)
                0x00000000080046e0                _etext = .

.vfp11_veneer   0x00000000080046e0        0x0
 .vfp11_veneer  0x00000000080046e0        0x0 linker stubs

.v4_bx          0x00000000080046e0        0x0
 .v4_bx         0x00000000080046e0        0x0 linker stubs

.iplt           0x00000000080046e0        0x0
 .iplt          0x00000000080046e0        0x0 d:/program files/stm32cubeide_1.7.0/stm32cubeide/plugins/com.st.stm32cube.ide.mcu.externaltools.gnu-tools-for-stm32.9-2020-q2-update.win32_2.0.0.202105311346/tools/bin/../lib/gcc/arm-none-eabi/9.3.1/thumb/v6-m/nofp/crtbegin.o

.rodata         0x00000000080046e0      0x348
                0x00000000080046e0                . = ALIGN (0x4)
 *(.rodata)
 .rodata        0x00000000080046e0       0xb9 ./Core/Src/API/circular_buffer.o
 *fill*         0x0000000008004799        0x3 
 .rodata        0x000000000800479c       0x90 ./Core/Src/main.o
 .rodata        0x000000000800482c       0x20 ./Drivers/STM32F0xx_HAL_Driver/Src/stm32f0xx_hal_rcc.o
 *(.rodata*)
 .rodata.__func__.5708
                0x000000000800484c       0x11 ./Core/Src/API/circular_buffer.o
 *fill*         0x000000000800485d        0x3 
 .rodata.__func__.5712
                0x0000000008004860       0x11 ./Core/Src/API/circular_buffer.o
 *fill*         0x0000000008004871        0x3 
 .rodata.__func__.5716
                0x0000000008004874       0x14 ./Core/Src/API/circular_buffer.o
 .rodata.__func__.5725
                0x0000000008004888       0x13 ./Core/Src/API/circular_buffer.o
 *fill*         0x000000000800489b        0x1 
 .rodata.__func__.5734
                0x000000000800489c       0x14 ./Core/Src/API/circular_buffer.o
 .rodata.__func__.5738
                0x00000000080048b0       0x1b ./Core/Src/API/circular_buffer.o
 *fill*         0x00000000080048cb        0x1 
 .rodata.__func__.5747
                0x00000000080048cc       0x1d ./Core/Src/API/circular_buffer.o
 *fill*         0x00000000080048e9        0x3 
 .rodata.__func__.5752
                0x00000000080048ec       0x12 ./Core/Src/API/circular_buffer.o
 *fill*         0x00000000080048fe        0x2 
 .rodata.__func__.5757
                0x0000000008004900       0x12 ./Core/Src/API/circular_buffer.o
 *fill*         0x0000000008004912        0x2 
 .rodata.__func__.5764
                0x0000000008004914       0x14 ./Core/Src/API/circular_buffer.o
 .rodata.__func__.5774
                0x0000000008004928       0x13 ./Core/Src/API/circular_buffer.o
 *fill*         0x000000000800493b        0x1 
 .rodata.AHBPrescTable
                0x000000000800493c       0x10 ./Core/Src/system_stm32f0xx.o
                0x000000000800493c                AHBPrescTable
 .rodata.APBPrescTable
                0x000000000800494c        0x8 ./Core/Src/system_stm32f0xx.o
                0x000000000800494c                APBPrescTable
 .rodata.__assert_func.str1.1
                0x0000000008004954       0x3c d:/program files/stm32cubeide_1.7.0/stm32cubeide/plugins/com.st.stm32cube.ide.mcu.externaltools.gnu-tools-for-stm32.9-2020-q2-update.win32_2.0.0.202105311346/tools/bin/../lib/gcc/arm-none-eabi/9.3.1/../../../../arm-none-eabi/lib/thumb/v6-m/nofp\libc_nano.a(lib_a-assert.o)
                                         0x3d (size before relaxing)
 .rodata._global_impure_ptr
                0x0000000008004990        0x4 d:/program files/stm32cubeide_1.7.0/stm32cubeide/plugins/com.st.stm32cube.ide.mcu.externaltools.gnu-tools-for-stm32.9-2020-q2-update.win32_2.0.0.202105311346/tools/bin/../lib/gcc/arm-none-eabi/9.3.1/../../../../arm-none-eabi/lib/thumb/v6-m/nofp\libc_nano.a(lib_a-impure.o)
                0x0000000008004990                _global_impure_ptr
 .rodata._vfprintf_r.str1.1
                0x0000000008004994       0x11 d:/program files/stm32cubeide_1.7.0/stm32cubeide/plugins/com.st.stm32cube.ide.mcu.externaltools.gnu-tools-for-stm32.9-2020-q2-update.win32_2.0.0.202105311346/tools/bin/../lib/gcc/arm-none-eabi/9.3.1/../../../../arm-none-eabi/lib/thumb/v6-m/nofp\libc_nano.a(lib_a-nano-vfprintf.o)
 .rodata._printf_i.str1.1
                0x00000000080049a5       0x22 d:/program files/stm32cubeide_1.7.0/stm32cubeide/plugins/com.st.stm32cube.ide.mcu.externaltools.gnu-tools-for-stm32.9-2020-q2-update.win32_2.0.0.202105311346/tools/bin/../lib/gcc/arm-none-eabi/9.3.1/../../../../arm-none-eabi/lib/thumb/v6-m/nofp\libc_nano.a(lib_a-nano-vfprintf_i.o)
 *fill*         0x00000000080049c7        0x1 
 .rodata.__sf_fake_stderr
                0x00000000080049c8       0x20 d:/program files/stm32cubeide_1.7.0/stm32cubeide/plugins/com.st.stm32cube.ide.mcu.externaltools.gnu-tools-for-stm32.9-2020-q2-update.win32_2.0.0.202105311346/tools/bin/../lib/gcc/arm-none-eabi/9.3.1/../../../../arm-none-eabi/lib/thumb/v6-m/nofp\libc_nano.a(lib_a-findfp.o)
                0x00000000080049c8                __sf_fake_stderr
 .rodata.__sf_fake_stdin
                0x00000000080049e8       0x20 d:/program files/stm32cubeide_1.7.0/stm32cubeide/plugins/com.st.stm32cube.ide.mcu.externaltools.gnu-tools-for-stm32.9-2020-q2-update.win32_2.0.0.202105311346/tools/bin/../lib/gcc/arm-none-eabi/9.3.1/../../../../arm-none-eabi/lib/thumb/v6-m/nofp\libc_nano.a(lib_a-findfp.o)
                0x00000000080049e8                __sf_fake_stdin
 .rodata.__sf_fake_stdout
                0x0000000008004a08       0x20 d:/program files/stm32cubeide_1.7.0/stm32cubeide/plugins/com.st.stm32cube.ide.mcu.externaltools.gnu-tools-for-stm32.9-2020-q2-update.win32_2.0.0.202105311346/tools/bin/../lib/gcc/arm-none-eabi/9.3.1/../../../../arm-none-eabi/lib/thumb/v6-m/nofp\libc_nano.a(lib_a-findfp.o)
                0x0000000008004a08                __sf_fake_stdout
                0x0000000008004a28                . = ALIGN (0x4)

.rel.dyn        0x0000000008004a28        0x0
 .rel.iplt      0x0000000008004a28        0x0 d:/program files/stm32cubeide_1.7.0/stm32cubeide/plugins/com.st.stm32cube.ide.mcu.externaltools.gnu-tools-for-stm32.9-2020-q2-update.win32_2.0.0.202105311346/tools/bin/../lib/gcc/arm-none-eabi/9.3.1/thumb/v6-m/nofp/crtbegin.o

.ARM.extab      0x0000000008004a28        0x0
                0x0000000008004a28                . = ALIGN (0x4)
 *(.ARM.extab* .gnu.linkonce.armextab.*)
                0x0000000008004a28                . = ALIGN (0x4)

.ARM            0x0000000008004a28        0x0
                0x0000000008004a28                . = ALIGN (0x4)
                0x0000000008004a28                __exidx_start = .
 *(.ARM.exidx*)
                0x0000000008004a28                __exidx_end = .
                0x0000000008004a28                . = ALIGN (0x4)

.preinit_array  0x0000000008004a28        0x0
                0x0000000008004a28                . = ALIGN (0x4)
                0x0000000008004a28                PROVIDE (__preinit_array_start = .)
 *(.preinit_array*)
                0x0000000008004a28                PROVIDE (__preinit_array_end = .)
                0x0000000008004a28                . = ALIGN (0x4)

.init_array     0x0000000008004a28        0x4
                0x0000000008004a28                . = ALIGN (0x4)
                0x0000000008004a28                PROVIDE (__init_array_start = .)
 *(SORT_BY_NAME(.init_array.*))
 *(.init_array*)
 .init_array    0x0000000008004a28        0x4 d:/program files/stm32cubeide_1.7.0/stm32cubeide/plugins/com.st.stm32cube.ide.mcu.externaltools.gnu-tools-for-stm32.9-2020-q2-update.win32_2.0.0.202105311346/tools/bin/../lib/gcc/arm-none-eabi/9.3.1/thumb/v6-m/nofp/crtbegin.o
                0x0000000008004a2c                PROVIDE (__init_array_end = .)
                0x0000000008004a2c                . = ALIGN (0x4)

.fini_array     0x0000000008004a2c        0x4
                0x0000000008004a2c                . = ALIGN (0x4)
                [!provide]                        PROVIDE (__fini_array_start = .)
 *(SORT_BY_NAME(.fini_array.*))
 *(.fini_array*)
 .fini_array    0x0000000008004a2c        0x4 d:/program files/stm32cubeide_1.7.0/stm32cubeide/plugins/com.st.stm32cube.ide.mcu.externaltools.gnu-tools-for-stm32.9-2020-q2-update.win32_2.0.0.202105311346/tools/bin/../lib/gcc/arm-none-eabi/9.3.1/thumb/v6-m/nofp/crtbegin.o
                [!provide]                        PROVIDE (__fini_array_end = .)
                0x0000000008004a30                . = ALIGN (0x4)
                0x0000000008004a30                _sidata = LOADADDR (.data)

.data           0x0000000020000000      0x1a0 load address 0x0000000008004a30
                0x0000000020000000                . = ALIGN (0x4)
                0x0000000020000000                _sdata = .
 *(.data)
 *(.data*)
 .data.uart1    0x0000000020000000       0x98 ./Core/Src/peripherals_init.o
                0x0000000020000000                uart1
 .data.uart2    0x0000000020000098       0x98 ./Core/Src/peripherals_init.o
                0x0000000020000098                uart2
 .data.SystemCoreClock
                0x0000000020000130        0x4 ./Core/Src/system_stm32f0xx.o
                0x0000000020000130                SystemCoreClock
 .data.uwTickPrio
                0x0000000020000134        0x4 ./Drivers/STM32F0xx_HAL_Driver/Src/stm32f0xx_hal.o
                0x0000000020000134                uwTickPrio
 .data.uwTickFreq
                0x0000000020000138        0x1 ./Drivers/STM32F0xx_HAL_Driver/Src/stm32f0xx_hal.o
                0x0000000020000138                uwTickFreq
 *fill*         0x0000000020000139        0x3 
 .data._impure_ptr
                0x000000002000013c        0x4 d:/program files/stm32cubeide_1.7.0/stm32cubeide/plugins/com.st.stm32cube.ide.mcu.externaltools.gnu-tools-for-stm32.9-2020-q2-update.win32_2.0.0.202105311346/tools/bin/../lib/gcc/arm-none-eabi/9.3.1/../../../../arm-none-eabi/lib/thumb/v6-m/nofp\libc_nano.a(lib_a-impure.o)
                0x000000002000013c                _impure_ptr
 .data.impure_data
                0x0000000020000140       0x60 d:/program files/stm32cubeide_1.7.0/stm32cubeide/plugins/com.st.stm32cube.ide.mcu.externaltools.gnu-tools-for-stm32.9-2020-q2-update.win32_2.0.0.202105311346/tools/bin/../lib/gcc/arm-none-eabi/9.3.1/../../../../arm-none-eabi/lib/thumb/v6-m/nofp\libc_nano.a(lib_a-impure.o)
 *(.RamFunc)
 *(.RamFunc*)
                0x00000000200001a0                . = ALIGN (0x4)
                0x00000000200001a0                _edata = .

.igot.plt       0x00000000200001a0        0x0 load address 0x0000000008004bd0
 .igot.plt      0x00000000200001a0        0x0 d:/program files/stm32cubeide_1.7.0/stm32cubeide/plugins/com.st.stm32cube.ide.mcu.externaltools.gnu-tools-for-stm32.9-2020-q2-update.win32_2.0.0.202105311346/tools/bin/../lib/gcc/arm-none-eabi/9.3.1/thumb/v6-m/nofp/crtbegin.o
                0x00000000200001a0                . = ALIGN (0x4)

.bss            0x00000000200001a0      0x1e0 load address 0x0000000008004bd0
                0x00000000200001a0                _sbss = .
                0x00000000200001a0                __bss_start__ = _sbss
 *(.bss)
 .bss           0x00000000200001a0       0x1c d:/program files/stm32cubeide_1.7.0/stm32cubeide/plugins/com.st.stm32cube.ide.mcu.externaltools.gnu-tools-for-stm32.9-2020-q2-update.win32_2.0.0.202105311346/tools/bin/../lib/gcc/arm-none-eabi/9.3.1/thumb/v6-m/nofp/crtbegin.o
 *(.bss*)
 .bss.data_chunk.7142
                0x00000000200001bc       0x14 ./Core/Src/API/uart_driver.o
 .bss.__sbrk_heap_end
                0x00000000200001d0        0x4 ./Core/Src/sysmem.o
 .bss.__malloc_free_list
                0x00000000200001d4        0x4 d:/program files/stm32cubeide_1.7.0/stm32cubeide/plugins/com.st.stm32cube.ide.mcu.externaltools.gnu-tools-for-stm32.9-2020-q2-update.win32_2.0.0.202105311346/tools/bin/../lib/gcc/arm-none-eabi/9.3.1/../../../../arm-none-eabi/lib/thumb/v6-m/nofp\libc_nano.a(lib_a-nano-mallocr.o)
                0x00000000200001d4                __malloc_free_list
 .bss.__malloc_sbrk_start
                0x00000000200001d8        0x4 d:/program files/stm32cubeide_1.7.0/stm32cubeide/plugins/com.st.stm32cube.ide.mcu.externaltools.gnu-tools-for-stm32.9-2020-q2-update.win32_2.0.0.202105311346/tools/bin/../lib/gcc/arm-none-eabi/9.3.1/../../../../arm-none-eabi/lib/thumb/v6-m/nofp\libc_nano.a(lib_a-nano-mallocr.o)
                0x00000000200001d8                __malloc_sbrk_start
 *(COMMON)
 COMMON         0x00000000200001dc      0x190 ./Core/Src/peripherals_init.o
                0x00000000200001dc                uart1_tx_buff
                0x0000000020000240                uart2_rx_buff
                0x00000000200002a4                uart2_tx_buff
                0x0000000020000308                uart1_rx_buff
 COMMON         0x000000002000036c        0x4 ./Drivers/STM32F0xx_HAL_Driver/Src/stm32f0xx_hal.o
                0x000000002000036c                uwTick
 COMMON         0x0000000020000370        0x9 d:/program files/stm32cubeide_1.7.0/stm32cubeide/plugins/com.st.stm32cube.ide.mcu.externaltools.gnu-tools-for-stm32.9-2020-q2-update.win32_2.0.0.202105311346/tools/bin/../lib/gcc/arm-none-eabi/9.3.1/../../../../arm-none-eabi/lib/thumb/v6-m/nofp\libc_nano.a(lib_a-lock.o)
                0x0000000020000370                __lock___atexit_recursive_mutex
                0x0000000020000371                __lock___arc4random_mutex
                0x0000000020000372                __lock___env_recursive_mutex
                0x0000000020000373                __lock___sinit_recursive_mutex
                0x0000000020000374                __lock___malloc_recursive_mutex
                0x0000000020000375                __lock___at_quick_exit_mutex
                0x0000000020000376                __lock___dd_hash_mutex
                0x0000000020000377                __lock___tz_mutex
                0x0000000020000378                __lock___sfp_recursive_mutex
 *fill*         0x0000000020000379        0x3 
 COMMON         0x000000002000037c        0x4 d:/program files/stm32cubeide_1.7.0/stm32cubeide/plugins/com.st.stm32cube.ide.mcu.externaltools.gnu-tools-for-stm32.9-2020-q2-update.win32_2.0.0.202105311346/tools/bin/../lib/gcc/arm-none-eabi/9.3.1/../../../../arm-none-eabi/lib/thumb/v6-m/nofp\libc_nano.a(lib_a-reent.o)
                0x000000002000037c                errno
                0x0000000020000380                . = ALIGN (0x4)
                0x0000000020000380                _ebss = .
                0x0000000020000380                __bss_end__ = _ebss

._user_heap_stack
                0x0000000020000380      0x600 load address 0x0000000008004bd0
                0x0000000020000380                . = ALIGN (0x8)
                [!provide]                        PROVIDE (end = .)
                0x0000000020000380                PROVIDE (_end = .)
                0x0000000020000580                . = (. + _Min_Heap_Size)
 *fill*         0x0000000020000380      0x200 
                0x0000000020000980                . = (. + _Min_Stack_Size)
 *fill*         0x0000000020000580      0x400 
                0x0000000020000980                . = ALIGN (0x8)

/DISCARD/
 libc.a(*)
 libm.a(*)
 libgcc.a(*)

.ARM.attributes
                0x0000000000000000       0x28
 *(.ARM.attributes)
 .ARM.attributes
                0x0000000000000000       0x1e d:/program files/stm32cubeide_1.7.0/stm32cubeide/plugins/com.st.stm32cube.ide.mcu.externaltools.gnu-tools-for-stm32.9-2020-q2-update.win32_2.0.0.202105311346/tools/bin/../lib/gcc/arm-none-eabi/9.3.1/thumb/v6-m/nofp/crti.o
 .ARM.attributes
                0x000000000000001e       0x2c d:/program files/stm32cubeide_1.7.0/stm32cubeide/plugins/com.st.stm32cube.ide.mcu.externaltools.gnu-tools-for-stm32.9-2020-q2-update.win32_2.0.0.202105311346/tools/bin/../lib/gcc/arm-none-eabi/9.3.1/thumb/v6-m/nofp/crtbegin.o
 .ARM.attributes
                0x000000000000004a       0x2c ./Core/Src/API/circular_buffer.o
 .ARM.attributes
                0x0000000000000076       0x2c ./Core/Src/API/printf_debug.o
 .ARM.attributes
                0x00000000000000a2       0x2c ./Core/Src/API/uart_driver.o
 .ARM.attributes
                0x00000000000000ce       0x2c ./Core/Src/main.o
 .ARM.attributes
                0x00000000000000fa       0x2c ./Core/Src/peripherals_init.o
 .ARM.attributes
                0x0000000000000126       0x2c ./Core/Src/stm32f0xx_hal_msp.o
 .ARM.attributes
                0x0000000000000152       0x2c ./Core/Src/stm32f0xx_it.o
 .ARM.attributes
                0x000000000000017e       0x2c ./Core/Src/syscalls.o
 .ARM.attributes
                0x00000000000001aa       0x2c ./Core/Src/sysmem.o
 .ARM.attributes
                0x00000000000001d6       0x2c ./Core/Src/system_stm32f0xx.o
 .ARM.attributes
                0x0000000000000202       0x21 ./Core/Startup/startup_stm32f030cctx.o
 .ARM.attributes
                0x0000000000000223       0x2c ./Drivers/STM32F0xx_HAL_Driver/Src/stm32f0xx_hal.o
 .ARM.attributes
                0x000000000000024f       0x2c ./Drivers/STM32F0xx_HAL_Driver/Src/stm32f0xx_hal_cortex.o
 .ARM.attributes
                0x000000000000027b       0x2c ./Drivers/STM32F0xx_HAL_Driver/Src/stm32f0xx_hal_dma.o
 .ARM.attributes
                0x00000000000002a7       0x2c ./Drivers/STM32F0xx_HAL_Driver/Src/stm32f0xx_hal_gpio.o
 .ARM.attributes
                0x00000000000002d3       0x2c ./Drivers/STM32F0xx_HAL_Driver/Src/stm32f0xx_hal_rcc.o
 .ARM.attributes
                0x00000000000002ff       0x2c ./Drivers/STM32F0xx_HAL_Driver/Src/stm32f0xx_hal_rcc_ex.o
 .ARM.attributes
                0x000000000000032b       0x2c ./Drivers/STM32F0xx_HAL_Driver/Src/stm32f0xx_hal_uart.o
 .ARM.attributes
                0x0000000000000357       0x2c d:/program files/stm32cubeide_1.7.0/stm32cubeide/plugins/com.st.stm32cube.ide.mcu.externaltools.gnu-tools-for-stm32.9-2020-q2-update.win32_2.0.0.202105311346/tools/bin/../lib/gcc/arm-none-eabi/9.3.1/../../../../arm-none-eabi/lib/thumb/v6-m/nofp\libc_nano.a(lib_a-assert.o)
 .ARM.attributes
                0x0000000000000383       0x2c d:/program files/stm32cubeide_1.7.0/stm32cubeide/plugins/com.st.stm32cube.ide.mcu.externaltools.gnu-tools-for-stm32.9-2020-q2-update.win32_2.0.0.202105311346/tools/bin/../lib/gcc/arm-none-eabi/9.3.1/../../../../arm-none-eabi/lib/thumb/v6-m/nofp\libc_nano.a(lib_a-errno.o)
 .ARM.attributes
                0x00000000000003af       0x2c d:/program files/stm32cubeide_1.7.0/stm32cubeide/plugins/com.st.stm32cube.ide.mcu.externaltools.gnu-tools-for-stm32.9-2020-q2-update.win32_2.0.0.202105311346/tools/bin/../lib/gcc/arm-none-eabi/9.3.1/../../../../arm-none-eabi/lib/thumb/v6-m/nofp\libc_nano.a(lib_a-fprintf.o)
 .ARM.attributes
                0x00000000000003db       0x2c d:/program files/stm32cubeide_1.7.0/stm32cubeide/plugins/com.st.stm32cube.ide.mcu.externaltools.gnu-tools-for-stm32.9-2020-q2-update.win32_2.0.0.202105311346/tools/bin/../lib/gcc/arm-none-eabi/9.3.1/../../../../arm-none-eabi/lib/thumb/v6-m/nofp\libc_nano.a(lib_a-impure.o)
 .ARM.attributes
                0x0000000000000407       0x2c d:/program files/stm32cubeide_1.7.0/stm32cubeide/plugins/com.st.stm32cube.ide.mcu.externaltools.gnu-tools-for-stm32.9-2020-q2-update.win32_2.0.0.202105311346/tools/bin/../lib/gcc/arm-none-eabi/9.3.1/../../../../arm-none-eabi/lib/thumb/v6-m/nofp\libc_nano.a(lib_a-init.o)
 .ARM.attributes
                0x0000000000000433       0x2c d:/program files/stm32cubeide_1.7.0/stm32cubeide/plugins/com.st.stm32cube.ide.mcu.externaltools.gnu-tools-for-stm32.9-2020-q2-update.win32_2.0.0.202105311346/tools/bin/../lib/gcc/arm-none-eabi/9.3.1/../../../../arm-none-eabi/lib/thumb/v6-m/nofp\libc_nano.a(lib_a-malloc.o)
 .ARM.attributes
                0x000000000000045f       0x2c d:/program files/stm32cubeide_1.7.0/stm32cubeide/plugins/com.st.stm32cube.ide.mcu.externaltools.gnu-tools-for-stm32.9-2020-q2-update.win32_2.0.0.202105311346/tools/bin/../lib/gcc/arm-none-eabi/9.3.1/../../../../arm-none-eabi/lib/thumb/v6-m/nofp\libc_nano.a(lib_a-memset.o)
 .ARM.attributes
                0x000000000000048b       0x2c d:/program files/stm32cubeide_1.7.0/stm32cubeide/plugins/com.st.stm32cube.ide.mcu.externaltools.gnu-tools-for-stm32.9-2020-q2-update.win32_2.0.0.202105311346/tools/bin/../lib/gcc/arm-none-eabi/9.3.1/../../../../arm-none-eabi/lib/thumb/v6-m/nofp\libc_nano.a(lib_a-nano-freer.o)
 .ARM.attributes
                0x00000000000004b7       0x2c d:/program files/stm32cubeide_1.7.0/stm32cubeide/plugins/com.st.stm32cube.ide.mcu.externaltools.gnu-tools-for-stm32.9-2020-q2-update.win32_2.0.0.202105311346/tools/bin/../lib/gcc/arm-none-eabi/9.3.1/../../../../arm-none-eabi/lib/thumb/v6-m/nofp\libc_nano.a(lib_a-nano-mallocr.o)
 .ARM.attributes
                0x00000000000004e3       0x2c d:/program files/stm32cubeide_1.7.0/stm32cubeide/plugins/com.st.stm32cube.ide.mcu.externaltools.gnu-tools-for-stm32.9-2020-q2-update.win32_2.0.0.202105311346/tools/bin/../lib/gcc/arm-none-eabi/9.3.1/../../../../arm-none-eabi/lib/thumb/v6-m/nofp\libc_nano.a(lib_a-nano-vfprintf.o)
 .ARM.attributes
                0x000000000000050f       0x2c d:/program files/stm32cubeide_1.7.0/stm32cubeide/plugins/com.st.stm32cube.ide.mcu.externaltools.gnu-tools-for-stm32.9-2020-q2-update.win32_2.0.0.202105311346/tools/bin/../lib/gcc/arm-none-eabi/9.3.1/../../../../arm-none-eabi/lib/thumb/v6-m/nofp\libc_nano.a(lib_a-nano-vfprintf_i.o)
 .ARM.attributes
                0x000000000000053b       0x2c d:/program files/stm32cubeide_1.7.0/stm32cubeide/plugins/com.st.stm32cube.ide.mcu.externaltools.gnu-tools-for-stm32.9-2020-q2-update.win32_2.0.0.202105311346/tools/bin/../lib/gcc/arm-none-eabi/9.3.1/../../../../arm-none-eabi/lib/thumb/v6-m/nofp\libc_nano.a(lib_a-printf.o)
 .ARM.attributes
                0x0000000000000567       0x2c d:/program files/stm32cubeide_1.7.0/stm32cubeide/plugins/com.st.stm32cube.ide.mcu.externaltools.gnu-tools-for-stm32.9-2020-q2-update.win32_2.0.0.202105311346/tools/bin/../lib/gcc/arm-none-eabi/9.3.1/../../../../arm-none-eabi/lib/thumb/v6-m/nofp\libc_nano.a(lib_a-puts.o)
 .ARM.attributes
                0x0000000000000593       0x2c d:/program files/stm32cubeide_1.7.0/stm32cubeide/plugins/com.st.stm32cube.ide.mcu.externaltools.gnu-tools-for-stm32.9-2020-q2-update.win32_2.0.0.202105311346/tools/bin/../lib/gcc/arm-none-eabi/9.3.1/../../../../arm-none-eabi/lib/thumb/v6-m/nofp\libc_nano.a(lib_a-sbrkr.o)
 .ARM.attributes
                0x00000000000005bf       0x2c d:/program files/stm32cubeide_1.7.0/stm32cubeide/plugins/com.st.stm32cube.ide.mcu.externaltools.gnu-tools-for-stm32.9-2020-q2-update.win32_2.0.0.202105311346/tools/bin/../lib/gcc/arm-none-eabi/9.3.1/../../../../arm-none-eabi/lib/thumb/v6-m/nofp\libc_nano.a(lib_a-wbuf.o)
 .ARM.attributes
                0x00000000000005eb       0x2c d:/program files/stm32cubeide_1.7.0/stm32cubeide/plugins/com.st.stm32cube.ide.mcu.externaltools.gnu-tools-for-stm32.9-2020-q2-update.win32_2.0.0.202105311346/tools/bin/../lib/gcc/arm-none-eabi/9.3.1/../../../../arm-none-eabi/lib/thumb/v6-m/nofp\libc_nano.a(lib_a-wsetup.o)
 .ARM.attributes
                0x0000000000000617       0x2c d:/program files/stm32cubeide_1.7.0/stm32cubeide/plugins/com.st.stm32cube.ide.mcu.externaltools.gnu-tools-for-stm32.9-2020-q2-update.win32_2.0.0.202105311346/tools/bin/../lib/gcc/arm-none-eabi/9.3.1/../../../../arm-none-eabi/lib/thumb/v6-m/nofp\libc_nano.a(lib_a-abort.o)
 .ARM.attributes
                0x0000000000000643       0x2c d:/program files/stm32cubeide_1.7.0/stm32cubeide/plugins/com.st.stm32cube.ide.mcu.externaltools.gnu-tools-for-stm32.9-2020-q2-update.win32_2.0.0.202105311346/tools/bin/../lib/gcc/arm-none-eabi/9.3.1/../../../../arm-none-eabi/lib/thumb/v6-m/nofp\libc_nano.a(lib_a-fflush.o)
 .ARM.attributes
                0x000000000000066f       0x2c d:/program files/stm32cubeide_1.7.0/stm32cubeide/plugins/com.st.stm32cube.ide.mcu.externaltools.gnu-tools-for-stm32.9-2020-q2-update.win32_2.0.0.202105311346/tools/bin/../lib/gcc/arm-none-eabi/9.3.1/../../../../arm-none-eabi/lib/thumb/v6-m/nofp\libc_nano.a(lib_a-findfp.o)
 .ARM.attributes
                0x000000000000069b       0x2c d:/program files/stm32cubeide_1.7.0/stm32cubeide/plugins/com.st.stm32cube.ide.mcu.externaltools.gnu-tools-for-stm32.9-2020-q2-update.win32_2.0.0.202105311346/tools/bin/../lib/gcc/arm-none-eabi/9.3.1/../../../../arm-none-eabi/lib/thumb/v6-m/nofp\libc_nano.a(lib_a-fwalk.o)
 .ARM.attributes
                0x00000000000006c7       0x2c d:/program files/stm32cubeide_1.7.0/stm32cubeide/plugins/com.st.stm32cube.ide.mcu.externaltools.gnu-tools-for-stm32.9-2020-q2-update.win32_2.0.0.202105311346/tools/bin/../lib/gcc/arm-none-eabi/9.3.1/../../../../arm-none-eabi/lib/thumb/v6-m/nofp\libc_nano.a(lib_a-lock.o)
 .ARM.attributes
                0x00000000000006f3       0x2c d:/program files/stm32cubeide_1.7.0/stm32cubeide/plugins/com.st.stm32cube.ide.mcu.externaltools.gnu-tools-for-stm32.9-2020-q2-update.win32_2.0.0.202105311346/tools/bin/../lib/gcc/arm-none-eabi/9.3.1/../../../../arm-none-eabi/lib/thumb/v6-m/nofp\libc_nano.a(lib_a-makebuf.o)
 .ARM.attributes
                0x000000000000071f       0x2c d:/program files/stm32cubeide_1.7.0/stm32cubeide/plugins/com.st.stm32cube.ide.mcu.externaltools.gnu-tools-for-stm32.9-2020-q2-update.win32_2.0.0.202105311346/tools/bin/../lib/gcc/arm-none-eabi/9.3.1/../../../../arm-none-eabi/lib/thumb/v6-m/nofp\libc_nano.a(lib_a-memchr-stub.o)
 .ARM.attributes
                0x000000000000074b       0x2c d:/program files/stm32cubeide_1.7.0/stm32cubeide/plugins/com.st.stm32cube.ide.mcu.externaltools.gnu-tools-for-stm32.9-2020-q2-update.win32_2.0.0.202105311346/tools/bin/../lib/gcc/arm-none-eabi/9.3.1/../../../../arm-none-eabi/lib/thumb/v6-m/nofp\libc_nano.a(lib_a-mlock.o)
 .ARM.attributes
                0x0000000000000777       0x2c d:/program files/stm32cubeide_1.7.0/stm32cubeide/plugins/com.st.stm32cube.ide.mcu.externaltools.gnu-tools-for-stm32.9-2020-q2-update.win32_2.0.0.202105311346/tools/bin/../lib/gcc/arm-none-eabi/9.3.1/../../../../arm-none-eabi/lib/thumb/v6-m/nofp\libc_nano.a(lib_a-reent.o)
 .ARM.attributes
                0x00000000000007a3       0x2c d:/program files/stm32cubeide_1.7.0/stm32cubeide/plugins/com.st.stm32cube.ide.mcu.externaltools.gnu-tools-for-stm32.9-2020-q2-update.win32_2.0.0.202105311346/tools/bin/../lib/gcc/arm-none-eabi/9.3.1/../../../../arm-none-eabi/lib/thumb/v6-m/nofp\libc_nano.a(lib_a-signal.o)
 .ARM.attributes
                0x00000000000007cf       0x2c d:/program files/stm32cubeide_1.7.0/stm32cubeide/plugins/com.st.stm32cube.ide.mcu.externaltools.gnu-tools-for-stm32.9-2020-q2-update.win32_2.0.0.202105311346/tools/bin/../lib/gcc/arm-none-eabi/9.3.1/../../../../arm-none-eabi/lib/thumb/v6-m/nofp\libc_nano.a(lib_a-signalr.o)
 .ARM.attributes
                0x00000000000007fb       0x2c d:/program files/stm32cubeide_1.7.0/stm32cubeide/plugins/com.st.stm32cube.ide.mcu.externaltools.gnu-tools-for-stm32.9-2020-q2-update.win32_2.0.0.202105311346/tools/bin/../lib/gcc/arm-none-eabi/9.3.1/../../../../arm-none-eabi/lib/thumb/v6-m/nofp\libc_nano.a(lib_a-stdio.o)
 .ARM.attributes
                0x0000000000000827       0x2c d:/program files/stm32cubeide_1.7.0/stm32cubeide/plugins/com.st.stm32cube.ide.mcu.externaltools.gnu-tools-for-stm32.9-2020-q2-update.win32_2.0.0.202105311346/tools/bin/../lib/gcc/arm-none-eabi/9.3.1/../../../../arm-none-eabi/lib/thumb/v6-m/nofp\libc_nano.a(lib_a-writer.o)
 .ARM.attributes
                0x0000000000000853       0x2c d:/program files/stm32cubeide_1.7.0/stm32cubeide/plugins/com.st.stm32cube.ide.mcu.externaltools.gnu-tools-for-stm32.9-2020-q2-update.win32_2.0.0.202105311346/tools/bin/../lib/gcc/arm-none-eabi/9.3.1/../../../../arm-none-eabi/lib/thumb/v6-m/nofp\libc_nano.a(lib_a-closer.o)
 .ARM.attributes
                0x000000000000087f       0x2c d:/program files/stm32cubeide_1.7.0/stm32cubeide/plugins/com.st.stm32cube.ide.mcu.externaltools.gnu-tools-for-stm32.9-2020-q2-update.win32_2.0.0.202105311346/tools/bin/../lib/gcc/arm-none-eabi/9.3.1/../../../../arm-none-eabi/lib/thumb/v6-m/nofp\libc_nano.a(lib_a-fstatr.o)
 .ARM.attributes
                0x00000000000008ab       0x2c d:/program files/stm32cubeide_1.7.0/stm32cubeide/plugins/com.st.stm32cube.ide.mcu.externaltools.gnu-tools-for-stm32.9-2020-q2-update.win32_2.0.0.202105311346/tools/bin/../lib/gcc/arm-none-eabi/9.3.1/../../../../arm-none-eabi/lib/thumb/v6-m/nofp\libc_nano.a(lib_a-isattyr.o)
 .ARM.attributes
                0x00000000000008d7       0x2c d:/program files/stm32cubeide_1.7.0/stm32cubeide/plugins/com.st.stm32cube.ide.mcu.externaltools.gnu-tools-for-stm32.9-2020-q2-update.win32_2.0.0.202105311346/tools/bin/../lib/gcc/arm-none-eabi/9.3.1/../../../../arm-none-eabi/lib/thumb/v6-m/nofp\libc_nano.a(lib_a-lseekr.o)
 .ARM.attributes
                0x0000000000000903       0x2c d:/program files/stm32cubeide_1.7.0/stm32cubeide/plugins/com.st.stm32cube.ide.mcu.externaltools.gnu-tools-for-stm32.9-2020-q2-update.win32_2.0.0.202105311346/tools/bin/../lib/gcc/arm-none-eabi/9.3.1/../../../../arm-none-eabi/lib/thumb/v6-m/nofp\libc_nano.a(lib_a-readr.o)
 .ARM.attributes
                0x000000000000092f       0x1e d:/program files/stm32cubeide_1.7.0/stm32cubeide/plugins/com.st.stm32cube.ide.mcu.externaltools.gnu-tools-for-stm32.9-2020-q2-update.win32_2.0.0.202105311346/tools/bin/../lib/gcc/arm-none-eabi/9.3.1/thumb/v6-m/nofp\libgcc.a(_thumb1_case_shi.o)
 .ARM.attributes
                0x000000000000094d       0x1e d:/program files/stm32cubeide_1.7.0/stm32cubeide/plugins/com.st.stm32cube.ide.mcu.externaltools.gnu-tools-for-stm32.9-2020-q2-update.win32_2.0.0.202105311346/tools/bin/../lib/gcc/arm-none-eabi/9.3.1/thumb/v6-m/nofp\libgcc.a(_udivsi3.o)
 .ARM.attributes
                0x000000000000096b       0x1e d:/program files/stm32cubeide_1.7.0/stm32cubeide/plugins/com.st.stm32cube.ide.mcu.externaltools.gnu-tools-for-stm32.9-2020-q2-update.win32_2.0.0.202105311346/tools/bin/../lib/gcc/arm-none-eabi/9.3.1/thumb/v6-m/nofp\libgcc.a(_dvmd_tls.o)
 .ARM.attributes
                0x0000000000000989       0x1e d:/program files/stm32cubeide_1.7.0/stm32cubeide/plugins/com.st.stm32cube.ide.mcu.externaltools.gnu-tools-for-stm32.9-2020-q2-update.win32_2.0.0.202105311346/tools/bin/../lib/gcc/arm-none-eabi/9.3.1/thumb/v6-m/nofp/crtn.o
OUTPUT(stm32f0_custom_bootloader.elf elf32-littlearm)
LOAD linker stubs
LOAD d:/program files/stm32cubeide_1.7.0/stm32cubeide/plugins/com.st.stm32cube.ide.mcu.externaltools.gnu-tools-for-stm32.9-2020-q2-update.win32_2.0.0.202105311346/tools/bin/../lib/gcc/arm-none-eabi/9.3.1/../../../../arm-none-eabi/lib/thumb/v6-m/nofp\libc.a
LOAD d:/program files/stm32cubeide_1.7.0/stm32cubeide/plugins/com.st.stm32cube.ide.mcu.externaltools.gnu-tools-for-stm32.9-2020-q2-update.win32_2.0.0.202105311346/tools/bin/../lib/gcc/arm-none-eabi/9.3.1/../../../../arm-none-eabi/lib/thumb/v6-m/nofp\libm.a
LOAD d:/program files/stm32cubeide_1.7.0/stm32cubeide/plugins/com.st.stm32cube.ide.mcu.externaltools.gnu-tools-for-stm32.9-2020-q2-update.win32_2.0.0.202105311346/tools/bin/../lib/gcc/arm-none-eabi/9.3.1/thumb/v6-m/nofp\libgcc.a

.debug_info     0x0000000000000000     0xf8f7
 .debug_info    0x0000000000000000      0xebf ./Core/Src/API/circular_buffer.o
 .debug_info    0x0000000000000ebf     0x10d6 ./Core/Src/API/printf_debug.o
 .debug_info    0x0000000000001f95     0x13e9 ./Core/Src/API/uart_driver.o
 .debug_info    0x000000000000337e     0x10f6 ./Core/Src/main.o
 .debug_info    0x0000000000004474     0x15c3 ./Core/Src/peripherals_init.o
 .debug_info    0x0000000000005a37      0xace ./Core/Src/stm32f0xx_hal_msp.o
 .debug_info    0x0000000000006505     0x111c ./Core/Src/stm32f0xx_it.o
 .debug_info    0x0000000000007621      0xfa8 ./Core/Src/syscalls.o
 .debug_info    0x00000000000085c9      0xa25 ./Core/Src/sysmem.o
 .debug_info    0x0000000000008fee      0x2c3 ./Core/Src/system_stm32f0xx.o
 .debug_info    0x00000000000092b1       0x22 ./Core/Startup/startup_stm32f030cctx.o
 .debug_info    0x00000000000092d3      0x6e8 ./Drivers/STM32F0xx_HAL_Driver/Src/stm32f0xx_hal.o
 .debug_info    0x00000000000099bb      0x7ca ./Drivers/STM32F0xx_HAL_Driver/Src/stm32f0xx_hal_cortex.o
 .debug_info    0x000000000000a185      0x834 ./Drivers/STM32F0xx_HAL_Driver/Src/stm32f0xx_hal_dma.o
 .debug_info    0x000000000000a9b9      0x6d9 ./Drivers/STM32F0xx_HAL_Driver/Src/stm32f0xx_hal_gpio.o
 .debug_info    0x000000000000b092      0x88d ./Drivers/STM32F0xx_HAL_Driver/Src/stm32f0xx_hal_rcc.o
 .debug_info    0x000000000000b91f      0x401 ./Drivers/STM32F0xx_HAL_Driver/Src/stm32f0xx_hal_rcc_ex.o
 .debug_info    0x000000000000bd20     0x3bd7 ./Drivers/STM32F0xx_HAL_Driver/Src/stm32f0xx_hal_uart.o

.debug_abbrev   0x0000000000000000     0x23ad
 .debug_abbrev  0x0000000000000000      0x28b ./Core/Src/API/circular_buffer.o
 .debug_abbrev  0x000000000000028b      0x1ea ./Core/Src/API/printf_debug.o
 .debug_abbrev  0x0000000000000475      0x23e ./Core/Src/API/uart_driver.o
 .debug_abbrev  0x00000000000006b3      0x220 ./Core/Src/main.o
 .debug_abbrev  0x00000000000008d3      0x257 ./Core/Src/peripherals_init.o
 .debug_abbrev  0x0000000000000b2a      0x1b5 ./Core/Src/stm32f0xx_hal_msp.o
 .debug_abbrev  0x0000000000000cdf      0x1e0 ./Core/Src/stm32f0xx_it.o
 .debug_abbrev  0x0000000000000ebf      0x286 ./Core/Src/syscalls.o
 .debug_abbrev  0x0000000000001145      0x1bf ./Core/Src/sysmem.o
 .debug_abbrev  0x0000000000001304      0x145 ./Core/Src/system_stm32f0xx.o
 .debug_abbrev  0x0000000000001449       0x12 ./Core/Startup/startup_stm32f030cctx.o
 .debug_abbrev  0x000000000000145b      0x21e ./Drivers/STM32F0xx_HAL_Driver/Src/stm32f0xx_hal.o
 .debug_abbrev  0x0000000000001679      0x2a9 ./Drivers/STM32F0xx_HAL_Driver/Src/stm32f0xx_hal_cortex.o
 .debug_abbrev  0x0000000000001922      0x213 ./Drivers/STM32F0xx_HAL_Driver/Src/stm32f0xx_hal_dma.o
 .debug_abbrev  0x0000000000001b35      0x1e8 ./Drivers/STM32F0xx_HAL_Driver/Src/stm32f0xx_hal_gpio.o
 .debug_abbrev  0x0000000000001d1d      0x23b ./Drivers/STM32F0xx_HAL_Driver/Src/stm32f0xx_hal_rcc.o
 .debug_abbrev  0x0000000000001f58      0x193 ./Drivers/STM32F0xx_HAL_Driver/Src/stm32f0xx_hal_rcc_ex.o
 .debug_abbrev  0x00000000000020eb      0x2c2 ./Drivers/STM32F0xx_HAL_Driver/Src/stm32f0xx_hal_uart.o

.debug_aranges  0x0000000000000000      0x848
 .debug_aranges
                0x0000000000000000       0x90 ./Core/Src/API/circular_buffer.o
 .debug_aranges
                0x0000000000000090       0x20 ./Core/Src/API/printf_debug.o
 .debug_aranges
                0x00000000000000b0       0x68 ./Core/Src/API/uart_driver.o
 .debug_aranges
                0x0000000000000118       0x30 ./Core/Src/main.o
 .debug_aranges
                0x0000000000000148       0x30 ./Core/Src/peripherals_init.o
 .debug_aranges
                0x0000000000000178       0x30 ./Core/Src/stm32f0xx_hal_msp.o
 .debug_aranges
                0x00000000000001a8       0x50 ./Core/Src/stm32f0xx_it.o
 .debug_aranges
                0x00000000000001f8       0xa8 ./Core/Src/syscalls.o
 .debug_aranges
                0x00000000000002a0       0x20 ./Core/Src/sysmem.o
 .debug_aranges
                0x00000000000002c0       0x28 ./Core/Src/system_stm32f0xx.o
 .debug_aranges
                0x00000000000002e8       0x28 ./Core/Startup/startup_stm32f030cctx.o
 .debug_aranges
                0x0000000000000310       0xd0 ./Drivers/STM32F0xx_HAL_Driver/Src/stm32f0xx_hal.o
 .debug_aranges
                0x00000000000003e0       0xc0 ./Drivers/STM32F0xx_HAL_Driver/Src/stm32f0xx_hal_cortex.o
 .debug_aranges
                0x00000000000004a0       0x88 ./Drivers/STM32F0xx_HAL_Driver/Src/stm32f0xx_hal_dma.o
 .debug_aranges
                0x0000000000000528       0x58 ./Drivers/STM32F0xx_HAL_Driver/Src/stm32f0xx_hal_gpio.o
 .debug_aranges
                0x0000000000000580       0x80 ./Drivers/STM32F0xx_HAL_Driver/Src/stm32f0xx_hal_rcc.o
 .debug_aranges
                0x0000000000000600       0x30 ./Drivers/STM32F0xx_HAL_Driver/Src/stm32f0xx_hal_rcc_ex.o
 .debug_aranges
                0x0000000000000630      0x218 ./Drivers/STM32F0xx_HAL_Driver/Src/stm32f0xx_hal_uart.o

.debug_ranges   0x0000000000000000      0x760
 .debug_ranges  0x0000000000000000       0x80 ./Core/Src/API/circular_buffer.o
 .debug_ranges  0x0000000000000080       0x10 ./Core/Src/API/printf_debug.o
 .debug_ranges  0x0000000000000090       0x58 ./Core/Src/API/uart_driver.o
 .debug_ranges  0x00000000000000e8       0x20 ./Core/Src/main.o
 .debug_ranges  0x0000000000000108       0x20 ./Core/Src/peripherals_init.o
 .debug_ranges  0x0000000000000128       0x20 ./Core/Src/stm32f0xx_hal_msp.o
 .debug_ranges  0x0000000000000148       0x40 ./Core/Src/stm32f0xx_it.o
 .debug_ranges  0x0000000000000188       0x98 ./Core/Src/syscalls.o
 .debug_ranges  0x0000000000000220       0x10 ./Core/Src/sysmem.o
 .debug_ranges  0x0000000000000230       0x18 ./Core/Src/system_stm32f0xx.o
 .debug_ranges  0x0000000000000248       0x20 ./Core/Startup/startup_stm32f030cctx.o
 .debug_ranges  0x0000000000000268       0xc0 ./Drivers/STM32F0xx_HAL_Driver/Src/stm32f0xx_hal.o
 .debug_ranges  0x0000000000000328       0xb0 ./Drivers/STM32F0xx_HAL_Driver/Src/stm32f0xx_hal_cortex.o
 .debug_ranges  0x00000000000003d8       0x78 ./Drivers/STM32F0xx_HAL_Driver/Src/stm32f0xx_hal_dma.o
 .debug_ranges  0x0000000000000450       0x48 ./Drivers/STM32F0xx_HAL_Driver/Src/stm32f0xx_hal_gpio.o
 .debug_ranges  0x0000000000000498       0x70 ./Drivers/STM32F0xx_HAL_Driver/Src/stm32f0xx_hal_rcc.o
 .debug_ranges  0x0000000000000508       0x20 ./Drivers/STM32F0xx_HAL_Driver/Src/stm32f0xx_hal_rcc_ex.o
 .debug_ranges  0x0000000000000528      0x238 ./Drivers/STM32F0xx_HAL_Driver/Src/stm32f0xx_hal_uart.o

.debug_macro    0x0000000000000000    0x122f3
 .debug_macro   0x0000000000000000      0x208 ./Core/Src/API/circular_buffer.o
 .debug_macro   0x0000000000000208      0xa7e ./Core/Src/API/circular_buffer.o
 .debug_macro   0x0000000000000c86       0x22 ./Core/Src/API/circular_buffer.o
 .debug_macro   0x0000000000000ca8       0x4c ./Core/Src/API/circular_buffer.o
 .debug_macro   0x0000000000000cf4       0x18 ./Core/Src/API/circular_buffer.o
 .debug_macro   0x0000000000000d0c       0x94 ./Core/Src/API/circular_buffer.o
 .debug_macro   0x0000000000000da0       0x3c ./Core/Src/API/circular_buffer.o
 .debug_macro   0x0000000000000ddc       0x34 ./Core/Src/API/circular_buffer.o
 .debug_macro   0x0000000000000e10       0x16 ./Core/Src/API/circular_buffer.o
 .debug_macro   0x0000000000000e26       0x57 ./Core/Src/API/circular_buffer.o
 .debug_macro   0x0000000000000e7d       0x97 ./Core/Src/API/circular_buffer.o
 .debug_macro   0x0000000000000f14      0x339 ./Core/Src/API/circular_buffer.o
 .debug_macro   0x000000000000124d       0xfd ./Core/Src/API/circular_buffer.o
 .debug_macro   0x000000000000134a       0x10 ./Core/Src/API/circular_buffer.o
 .debug_macro   0x000000000000135a       0x16 ./Core/Src/API/circular_buffer.o
 .debug_macro   0x0000000000001370       0x43 ./Core/Src/API/circular_buffer.o
 .debug_macro   0x00000000000013b3       0x34 ./Core/Src/API/circular_buffer.o
 .debug_macro   0x00000000000013e7       0x10 ./Core/Src/API/circular_buffer.o
 .debug_macro   0x00000000000013f7       0x58 ./Core/Src/API/circular_buffer.o
 .debug_macro   0x000000000000144f       0x71 ./Core/Src/API/circular_buffer.o
 .debug_macro   0x00000000000014c0       0x1c ./Core/Src/API/circular_buffer.o
 .debug_macro   0x00000000000014dc      0x12a ./Core/Src/API/circular_buffer.o
 .debug_macro   0x0000000000001606       0x10 ./Core/Src/API/circular_buffer.o
 .debug_macro   0x0000000000001616       0x6a ./Core/Src/API/circular_buffer.o
 .debug_macro   0x0000000000001680       0x1c ./Core/Src/API/circular_buffer.o
 .debug_macro   0x000000000000169c       0x52 ./Core/Src/API/circular_buffer.o
 .debug_macro   0x00000000000016ee       0x22 ./Core/Src/API/circular_buffer.o
 .debug_macro   0x0000000000001710       0x10 ./Core/Src/API/circular_buffer.o
 .debug_macro   0x0000000000001720       0x40 ./Core/Src/API/circular_buffer.o
 .debug_macro   0x0000000000001760       0xd5 ./Core/Src/API/circular_buffer.o
 .debug_macro   0x0000000000001835       0x1c ./Core/Src/API/circular_buffer.o
 .debug_macro   0x0000000000001851       0x3d ./Core/Src/API/circular_buffer.o
 .debug_macro   0x000000000000188e       0x16 ./Core/Src/API/circular_buffer.o
 .debug_macro   0x00000000000018a4      0x145 ./Core/Src/API/circular_buffer.o
 .debug_macro   0x00000000000019e9      0x103 ./Core/Src/API/circular_buffer.o
 .debug_macro   0x0000000000001aec      0x1df ./Core/Src/API/circular_buffer.o
 .debug_macro   0x0000000000001ccb       0x16 ./Core/Src/API/circular_buffer.o
 .debug_macro   0x0000000000001ce1       0x16 ./Core/Src/API/circular_buffer.o
 .debug_macro   0x0000000000001cf7       0x35 ./Core/Src/API/circular_buffer.o
 .debug_macro   0x0000000000001d2c       0x16 ./Core/Src/API/circular_buffer.o
 .debug_macro   0x0000000000001d42       0x29 ./Core/Src/API/circular_buffer.o
 .debug_macro   0x0000000000001d6b      0x35e ./Core/Src/API/printf_debug.o
 .debug_macro   0x00000000000020c9       0x2e ./Core/Src/API/printf_debug.o
 .debug_macro   0x00000000000020f7       0x22 ./Core/Src/API/printf_debug.o
 .debug_macro   0x0000000000002119       0x1c ./Core/Src/API/printf_debug.o
 .debug_macro   0x0000000000002135       0x22 ./Core/Src/API/printf_debug.o
 .debug_macro   0x0000000000002157       0xaf ./Core/Src/API/printf_debug.o
 .debug_macro   0x0000000000002206      0x391 ./Core/Src/API/printf_debug.o
 .debug_macro   0x0000000000002597     0x7854 ./Core/Src/API/printf_debug.o
 .debug_macro   0x0000000000009deb       0x66 ./Core/Src/API/printf_debug.o
 .debug_macro   0x0000000000009e51      0x12d ./Core/Src/API/printf_debug.o
 .debug_macro   0x0000000000009f7e     0x34a6 ./Core/Src/API/printf_debug.o
 .debug_macro   0x000000000000d424       0x4f ./Core/Src/API/printf_debug.o
 .debug_macro   0x000000000000d473      0x924 ./Core/Src/API/printf_debug.o
 .debug_macro   0x000000000000dd97      0x289 ./Core/Src/API/printf_debug.o
 .debug_macro   0x000000000000e020      0x1af ./Core/Src/API/printf_debug.o
 .debug_macro   0x000000000000e1cf      0x153 ./Core/Src/API/printf_debug.o
 .debug_macro   0x000000000000e322      0x1a0 ./Core/Src/API/printf_debug.o
 .debug_macro   0x000000000000e4c2      0x1bc ./Core/Src/API/printf_debug.o
 .debug_macro   0x000000000000e67e      0x1de ./Core/Src/API/printf_debug.o
 .debug_macro   0x000000000000e85c       0x3c ./Core/Src/API/printf_debug.o
 .debug_macro   0x000000000000e898       0x28 ./Core/Src/API/printf_debug.o
 .debug_macro   0x000000000000e8c0       0xb0 ./Core/Src/API/printf_debug.o
 .debug_macro   0x000000000000e970      0x217 ./Core/Src/API/printf_debug.o
 .debug_macro   0x000000000000eb87      0x22c ./Core/Src/API/printf_debug.o
 .debug_macro   0x000000000000edb3       0x61 ./Core/Src/API/printf_debug.o
 .debug_macro   0x000000000000ee14       0xa5 ./Core/Src/API/printf_debug.o
 .debug_macro   0x000000000000eeb9       0x4c ./Core/Src/API/printf_debug.o
 .debug_macro   0x000000000000ef05       0x49 ./Core/Src/API/printf_debug.o
 .debug_macro   0x000000000000ef4e      0x55f ./Core/Src/API/printf_debug.o
 .debug_macro   0x000000000000f4ad       0x44 ./Core/Src/API/printf_debug.o
 .debug_macro   0x000000000000f4f1      0x10d ./Core/Src/API/printf_debug.o
 .debug_macro   0x000000000000f5fe      0x37c ./Core/Src/API/uart_driver.o
 .debug_macro   0x000000000000f97a      0x37d ./Core/Src/main.o
 .debug_macro   0x000000000000fcf7      0x333 ./Core/Src/main.o
 .debug_macro   0x000000000001002a       0x34 ./Core/Src/main.o
 .debug_macro   0x000000000001005e      0x38b ./Core/Src/peripherals_init.o
 .debug_macro   0x00000000000103e9      0x1b8 ./Core/Src/stm32f0xx_hal_msp.o
 .debug_macro   0x00000000000105a1      0x387 ./Core/Src/stm32f0xx_it.o
 .debug_macro   0x0000000000010928      0x24c ./Core/Src/syscalls.o
 .debug_macro   0x0000000000010b74       0x10 ./Core/Src/syscalls.o
 .debug_macro   0x0000000000010b84       0x10 ./Core/Src/syscalls.o
 .debug_macro   0x0000000000010b94       0x10 ./Core/Src/syscalls.o
 .debug_macro   0x0000000000010ba4       0x35 ./Core/Src/syscalls.o
 .debug_macro   0x0000000000010bd9      0x12c ./Core/Src/syscalls.o
 .debug_macro   0x0000000000010d05       0x10 ./Core/Src/syscalls.o
 .debug_macro   0x0000000000010d15      0x241 ./Core/Src/syscalls.o
 .debug_macro   0x0000000000010f56       0x1c ./Core/Src/syscalls.o
 .debug_macro   0x0000000000010f72       0x10 ./Core/Src/syscalls.o
 .debug_macro   0x0000000000010f82      0x189 ./Core/Src/syscalls.o
 .debug_macro   0x000000000001110b       0x16 ./Core/Src/syscalls.o
 .debug_macro   0x0000000000011121       0xce ./Core/Src/syscalls.o
 .debug_macro   0x00000000000111ef       0xff ./Core/Src/sysmem.o
 .debug_macro   0x00000000000112ee      0x23b ./Core/Src/sysmem.o
 .debug_macro   0x0000000000011529      0x1ae ./Core/Src/system_stm32f0xx.o
 .debug_macro   0x00000000000116d7      0x1d2 ./Drivers/STM32F0xx_HAL_Driver/Src/stm32f0xx_hal.o
 .debug_macro   0x00000000000118a9      0x1ae ./Drivers/STM32F0xx_HAL_Driver/Src/stm32f0xx_hal_cortex.o
 .debug_macro   0x0000000000011a57      0x1ae ./Drivers/STM32F0xx_HAL_Driver/Src/stm32f0xx_hal_dma.o
 .debug_macro   0x0000000000011c05      0x1b5 ./Drivers/STM32F0xx_HAL_Driver/Src/stm32f0xx_hal_gpio.o
 .debug_macro   0x0000000000011dba      0x1c0 ./Drivers/STM32F0xx_HAL_Driver/Src/stm32f0xx_hal_rcc.o
 .debug_macro   0x0000000000011f7a      0x1ae ./Drivers/STM32F0xx_HAL_Driver/Src/stm32f0xx_hal_rcc_ex.o
 .debug_macro   0x0000000000012128      0x1cb ./Drivers/STM32F0xx_HAL_Driver/Src/stm32f0xx_hal_uart.o

.debug_line     0x0000000000000000     0xc33d
 .debug_line    0x0000000000000000      0x96a ./Core/Src/API/circular_buffer.o
 .debug_line    0x000000000000096a      0x91a ./Core/Src/API/printf_debug.o
 .debug_line    0x0000000000001284      0xa84 ./Core/Src/API/uart_driver.o
 .debug_line    0x0000000000001d08      0x974 ./Core/Src/main.o
 .debug_line    0x000000000000267c      0x9c4 ./Core/Src/peripherals_init.o
 .debug_line    0x0000000000003040      0x761 ./Core/Src/stm32f0xx_hal_msp.o
 .debug_line    0x00000000000037a1      0x9cb ./Core/Src/stm32f0xx_it.o
 .debug_line    0x000000000000416c      0x839 ./Core/Src/syscalls.o
 .debug_line    0x00000000000049a5      0x52f ./Core/Src/sysmem.o
 .debug_line    0x0000000000004ed4      0x752 ./Core/Src/system_stm32f0xx.o
 .debug_line    0x0000000000005626       0x89 ./Core/Startup/startup_stm32f030cctx.o
 .debug_line    0x00000000000056af      0x958 ./Drivers/STM32F0xx_HAL_Driver/Src/stm32f0xx_hal.o
 .debug_line    0x0000000000006007      0xa04 ./Drivers/STM32F0xx_HAL_Driver/Src/stm32f0xx_hal_cortex.o
 .debug_line    0x0000000000006a0b      0xc74 ./Drivers/STM32F0xx_HAL_Driver/Src/stm32f0xx_hal_dma.o
 .debug_line    0x000000000000767f      0xad5 ./Drivers/STM32F0xx_HAL_Driver/Src/stm32f0xx_hal_gpio.o
 .debug_line    0x0000000000008154      0xd49 ./Drivers/STM32F0xx_HAL_Driver/Src/stm32f0xx_hal_rcc.o
 .debug_line    0x0000000000008e9d      0x8b7 ./Drivers/STM32F0xx_HAL_Driver/Src/stm32f0xx_hal_rcc_ex.o
 .debug_line    0x0000000000009754     0x2be9 ./Drivers/STM32F0xx_HAL_Driver/Src/stm32f0xx_hal_uart.o

.debug_str      0x0000000000000000    0x65859
 .debug_str     0x0000000000000000     0x8069 ./Core/Src/API/circular_buffer.o
                                       0x831e (size before relaxing)
 .debug_str     0x0000000000008069    0x5a488 ./Core/Src/API/printf_debug.o
                                      0x6269e (size before relaxing)
 .debug_str     0x00000000000624f1      0x1a4 ./Core/Src/API/uart_driver.o
                                      0x62895 (size before relaxing)
 .debug_str     0x0000000000062695      0x12a ./Core/Src/main.o
                                      0x62797 (size before relaxing)
 .debug_str     0x00000000000627bf      0x367 ./Core/Src/peripherals_init.o
                                      0x62ae5 (size before relaxing)
 .debug_str     0x0000000000062b26      0x181 ./Core/Src/stm32f0xx_hal_msp.o
                                      0x5e6f4 (size before relaxing)
 .debug_str     0x0000000000062ca7       0x9a ./Core/Src/stm32f0xx_it.o
                                      0x627e7 (size before relaxing)
 .debug_str     0x0000000000062d41     0x166b ./Core/Src/syscalls.o
                                       0x8de6 (size before relaxing)
 .debug_str     0x00000000000643ac       0x6b ./Core/Src/sysmem.o
                                       0x61b9 (size before relaxing)
 .debug_str     0x0000000000064417       0x5f ./Core/Src/system_stm32f0xx.o