Archive member included to satisfy reference by file (symbol)

d:/program files/stm32cubeide_1.7.0/stm32cubeide/plugins/com.st.stm32cube.ide.mcu.externaltools.gnu-tools-for-stm32.9-2020-q2-update.win32_2.0.0.202105311346/tools/bin/../lib/gcc/arm-none-eabi/9.3.1/../../../../arm-none-eabi/lib/thumb/v6-m/nofp\libc_nano.a(lib_a-assert.o)
                              ./Core/Src/API/circular_buffer.o (__assert_func)
d:/program files/stm32cubeide_1.7.0/stm32cubeide/plugins/com.st.stm32cube.ide.mcu.externaltools.gnu-tools-for-stm32.9-2020-q2-update.win32_2.0.0.202105311346/tools/bin/../lib/gcc/arm-none-eabi/9.3.1/../../../../arm-none-eabi/lib/thumb/v6-m/nofp\libc_nano.a(lib_a-errno.o)
                              ./Core/Src/syscalls.o (__errno)
d:/program files/stm32cubeide_1.7.0/stm32cubeide/plugins/com.st.stm32cube.ide.mcu.externaltools.gnu-tools-for-stm32.9-2020-q2-update.win32_2.0.0.202105311346/tools/bin/../lib/gcc/arm-none-eabi/9.3.1/../../../../arm-none-eabi/lib/thumb/v6-m/nofp\libc_nano.a(lib_a-exit.o)
                              d:/program files/stm32cubeide_1.7.0/stm32cubeide/plugins/com.st.stm32cube.ide.mcu.externaltools.gnu-tools-for-stm32.9-2020-q2-update.win32_2.0.0.202105311346/tools/bin/../lib/gcc/arm-none-eabi/9.3.1/../../../../arm-none-eabi/lib/thumb/v6-m/nofp/crt0.o (exit)
d:/program files/stm32cubeide_1.7.0/stm32cubeide/plugins/com.st.stm32cube.ide.mcu.externaltools.gnu-tools-for-stm32.9-2020-q2-update.win32_2.0.0.202105311346/tools/bin/../lib/gcc/arm-none-eabi/9.3.1/../../../../arm-none-eabi/lib/thumb/v6-m/nofp\libc_nano.a(lib_a-fprintf.o)
                              d:/program files/stm32cubeide_1.7.0/stm32cubeide/plugins/com.st.stm32cube.ide.mcu.externaltools.gnu-tools-for-stm32.9-2020-q2-update.win32_2.0.0.202105311346/tools/bin/../lib/gcc/arm-none-eabi/9.3.1/../../../../arm-none-eabi/lib/thumb/v6-m/nofp\libc_nano.a(lib_a-assert.o) (fiprintf)
d:/program files/stm32cubeide_1.7.0/stm32cubeide/plugins/com.st.stm32cube.ide.mcu.externaltools.gnu-tools-for-stm32.9-2020-q2-update.win32_2.0.0.202105311346/tools/bin/../lib/gcc/arm-none-eabi/9.3.1/../../../../arm-none-eabi/lib/thumb/v6-m/nofp\libc_nano.a(lib_a-impure.o)
                              d:/program files/stm32cubeide_1.7.0/stm32cubeide/plugins/com.st.stm32cube.ide.mcu.externaltools.gnu-tools-for-stm32.9-2020-q2-update.win32_2.0.0.202105311346/tools/bin/../lib/gcc/arm-none-eabi/9.3.1/../../../../arm-none-eabi/lib/thumb/v6-m/nofp\libc_nano.a(lib_a-exit.o) (_global_impure_ptr)
d:/program files/stm32cubeide_1.7.0/stm32cubeide/plugins/com.st.stm32cube.ide.mcu.externaltools.gnu-tools-for-stm32.9-2020-q2-update.win32_2.0.0.202105311346/tools/bin/../lib/gcc/arm-none-eabi/9.3.1/../../../../arm-none-eabi/lib/thumb/v6-m/nofp\libc_nano.a(lib_a-init.o)
                              d:/program files/stm32cubeide_1.7.0/stm32cubeide/plugins/com.st.stm32cube.ide.mcu.externaltools.gnu-tools-for-stm32.9-2020-q2-update.win32_2.0.0.202105311346/tools/bin/../lib/gcc/arm-none-eabi/9.3.1/../../../../arm-none-eabi/lib/thumb/v6-m/nofp/crt0.o (__libc_init_array)
d:/program files/stm32cubeide_1.7.0/stm32cubeide/plugins/com.st.stm32cube.ide.mcu.externaltools.gnu-tools-for-stm32.9-2020-q2-update.win32_2.0.0.202105311346/tools/bin/../lib/gcc/arm-none-eabi/9.3.1/../../../../arm-none-eabi/lib/thumb/v6-m/nofp\libc_nano.a(lib_a-malloc.o)
                              ./Core/Src/API/circular_buffer.o (malloc)
d:/program files/stm32cubeide_1.7.0/stm32cubeide/plugins/com.st.stm32cube.ide.mcu.externaltools.gnu-tools-for-stm32.9-2020-q2-update.win32_2.0.0.202105311346/tools/bin/../lib/gcc/arm-none-eabi/9.3.1/../../../../arm-none-eabi/lib/thumb/v6-m/nofp\libc_nano.a(lib_a-memcpy-stub.o)
                              ./Core/Src/host_comm/host_comm_tx_fsm.o (memcpy)
d:/program files/stm32cubeide_1.7.0/stm32cubeide/plugins/com.st.stm32cube.ide.mcu.externaltools.gnu-tools-for-stm32.9-2020-q2-update.win32_2.0.0.202105311346/tools/bin/../lib/gcc/arm-none-eabi/9.3.1/../../../../arm-none-eabi/lib/thumb/v6-m/nofp\libc_nano.a(lib_a-memset.o)
                              d:/program files/stm32cubeide_1.7.0/stm32cubeide/plugins/com.st.stm32cube.ide.mcu.externaltools.gnu-tools-for-stm32.9-2020-q2-update.win32_2.0.0.202105311346/tools/bin/../lib/gcc/arm-none-eabi/9.3.1/../../../../arm-none-eabi/lib/thumb/v6-m/nofp/crt0.o (memset)
d:/program files/stm32cubeide_1.7.0/stm32cubeide/plugins/com.st.stm32cube.ide.mcu.externaltools.gnu-tools-for-stm32.9-2020-q2-update.win32_2.0.0.202105311346/tools/bin/../lib/gcc/arm-none-eabi/9.3.1/../../../../arm-none-eabi/lib/thumb/v6-m/nofp\libc_nano.a(lib_a-nano-freer.o)
                              d:/program files/stm32cubeide_1.7.0/stm32cubeide/plugins/com.st.stm32cube.ide.mcu.externaltools.gnu-tools-for-stm32.9-2020-q2-update.win32_2.0.0.202105311346/tools/bin/../lib/gcc/arm-none-eabi/9.3.1/../../../../arm-none-eabi/lib/thumb/v6-m/nofp\libc_nano.a(lib_a-malloc.o) (_free_r)
[...]
Memory Configuration

Name             Origin             Length             Attributes
RAM              0x0000000020000000 0x0000000000008000 xrw
FLASH            0x0000000008000000 0x0000000000008000 xr
*default*        0x0000000000000000 0xffffffffffffffff

Linker script and memory map

LOAD d:/program files/stm32cubeide_1.7.0/stm32cubeide/plugins/com.st.stm32cube.ide.mcu.externaltools.gnu-tools-for-stm32.9-2020-q2-update.win32_2.0.0.202105311346/tools/bin/../lib/gcc/arm-none-eabi/9.3.1/thumb/v6-m/nofp/crti.o
LOAD d:/program files/stm32cubeide_1.7.0/stm32cubeide/plugins/com.st.stm32cube.ide.mcu.externaltools.gnu-tools-for-stm32.9-2020-q2-update.win32_2.0.0.202105311346/tools/bin/../lib/gcc/arm-none-eabi/9.3.1/thumb/v6-m/nofp/crtbegin.o
LOAD d:/program files/stm32cubeide_1.7.0/stm32cubeide/plugins/com.st.stm32cube.ide.mcu.externaltools.gnu-tools-for-stm32.9-2020-q2-update.win32_2.0.0.202105311346/tools/bin/../lib/gcc/arm-none-eabi/9.3.1/../../../../arm-none-eabi/lib/thumb/v6-m/nofp/crt0.o
LOAD ./Core/Src/API/circular_buffer.o
LOAD ./Core/Src/API/printf_debug.o
LOAD ./Core/Src/API/time_event.o
LOAD ./Core/Src/API/time_irq.o
LOAD ./Core/Src/API/uart_driver.o
LOAD ./Core/Src/host_comm/host_comm_fsm.o
LOAD ./Core/Src/host_comm/host_comm_rx_fsm.o
LOAD ./Core/Src/host_comm/host_comm_tx_fsm.o
LOAD ./Core/Src/host_comm/host_comm_tx_queue.o
LOAD ./Core/Src/host_comm/protocol.o
LOAD ./Core/Src/led_animation/led_animation.o
LOAD ./Core/Src/led_animation/led_animation_fsm.o
LOAD ./Core/Src/main.o
LOAD ./Core/Src/peripherals_init.o
LOAD ./Core/Src/stm32f0xx_hal_msp.o
LOAD ./Core/Src/stm32f0xx_it.o
LOAD ./Core/Src/syscalls.o
LOAD ./Core/Src/sysmem.o
LOAD ./Core/Src/system_stm32f0xx.o
LOAD ./Core/Src/packet_proc/packet_proc_fsm.o
LOAD ./Core/Startup/startup_stm32f030cctx.o
LOAD ./Drivers/STM32F0xx_HAL_Driver/Src/stm32f0xx_hal.o
LOAD ./Drivers/STM32F0xx_HAL_Driver/Src/stm32f0xx_hal_cortex.o
LOAD ./Drivers/STM32F0xx_HAL_Driver/Src/stm32f0xx_hal_dma.o
LOAD ./Drivers/STM32F0xx_HAL_Driver/Src/stm32f0xx_hal_exti.o
LOAD ./Drivers/STM32F0xx_HAL_Driver/Src/stm32f0xx_hal_flash.o
LOAD ./Drivers/STM32F0xx_HAL_Driver/Src/stm32f0xx_hal_flash_ex.o
LOAD ./Drivers/STM32F0xx_HAL_Driver/Src/stm32f0xx_hal_gpio.o
LOAD ./Drivers/STM32F0xx_HAL_Driver/Src/stm32f0xx_hal_i2c.o
LOAD ./Drivers/STM32F0xx_HAL_Driver/Src/stm32f0xx_hal_i2c_ex.o
LOAD ./Drivers/STM32F0xx_HAL_Driver/Src/stm32f0xx_hal_pwr.o
LOAD ./Drivers/STM32F0xx_HAL_Driver/Src/stm32f0xx_hal_pwr_ex.o
LOAD ./Drivers/STM32F0xx_HAL_Driver/Src/stm32f0xx_hal_rcc.o
LOAD ./Drivers/STM32F0xx_HAL_Driver/Src/stm32f0xx_hal_rcc_ex.o
LOAD ./Drivers/STM32F0xx_HAL_Driver/Src/stm32f0xx_hal_tim.o
LOAD ./Drivers/STM32F0xx_HAL_Driver/Src/stm32f0xx_hal_tim_ex.o
LOAD ./Drivers/STM32F0xx_HAL_Driver/Src/stm32f0xx_hal_uart.o
LOAD ./Drivers/STM32F0xx_HAL_Driver/Src/stm32f0xx_hal_uart_ex.o
START GROUP
LOAD d:/program files/stm32cubeide_1.7.0/stm32cubeide/plugins/com.st.stm32cube.ide.mcu.externaltools.gnu-tools-for-stm32.9-2020-q2-update.win32_2.0.0.202105311346/tools/bin/../lib/gcc/arm-none-eabi/9.3.1/../../../../arm-none-eabi/lib/thumb/v6-m/nofp\libc_nano.a
LOAD d:/program files/stm32cubeide_1.7.0/stm32cubeide/plugins/com.st.stm32cube.ide.mcu.externaltools.gnu-tools-for-stm32.9-2020-q2-update.win32_2.0.0.202105311346/tools/bin/../lib/gcc/arm-none-eabi/9.3.1/../../../../arm-none-eabi/lib/thumb/v6-m/nofp\libm.a
END GROUP
START GROUP
LOAD d:/program files/stm32cubeide_1.7.0/stm32cubeide/plugins/com.st.stm32cube.ide.mcu.externaltools.gnu-tools-for-stm32.9-2020-q2-update.win32_2.0.0.202105311346/tools/bin/../lib/gcc/arm-none-eabi/9.3.1/thumb/v6-m/nofp\libgcc.a
LOAD d:/program files/stm32cubeide_1.7.0/stm32cubeide/plugins/com.st.stm32cube.ide.mcu.externaltools.gnu-tools-for-stm32.9-2020-q2-update.win32_2.0.0.202105311346/tools/bin/../lib/gcc/arm-none-eabi/9.3.1/../../../../arm-none-eabi/lib/thumb/v6-m/nofp\libc_nano.a
END GROUP
START GROUP
LOAD d:/program files/stm32cubeide_1.7.0/stm32cubeide/plugins/com.st.stm32cube.ide.mcu.externaltools.gnu-tools-for-stm32.9-2020-q2-update.win32_2.0.0.202105311346/tools/bin/../lib/gcc/arm-none-eabi/9.3.1/thumb/v6-m/nofp\libgcc.a
LOAD d:/program files/stm32cubeide_1.7.0/stm32cubeide/plugins/com.st.stm32cube.ide.mcu.externaltools.gnu-tools-for-stm32.9-2020-q2-update.win32_2.0.0.202105311346/tools/bin/../lib/gcc/arm-none-eabi/9.3.1/../../../../arm-none-eabi/lib/thumb/v6-m/nofp\libc_nano.a
LOAD d:/program files/stm32cubeide_1.7.0/stm32cubeide/plugins/com.st.stm32cube.ide.mcu.externaltools.gnu-tools-for-stm32.9-2020-q2-update.win32_2.0.0.202105311346/tools/bin/../lib/gcc/arm-none-eabi/9.3.1/../../../../arm-none-eabi/lib/thumb/v6-m/nofp\libnosys.a
END GROUP
START GROUP
LOAD d:/program files/stm32cubeide_1.7.0/stm32cubeide/plugins/com.st.stm32cube.ide.mcu.externaltools.gnu-tools-for-stm32.9-2020-q2-update.win32_2.0.0.202105311346/tools/bin/../lib/gcc/arm-none-eabi/9.3.1/thumb/v6-m/nofp\libgcc.a
LOAD d:/program files/stm32cubeide_1.7.0/stm32cubeide/plugins/com.st.stm32cube.ide.mcu.externaltools.gnu-tools-for-stm32.9-2020-q2-update.win32_2.0.0.202105311346/tools/bin/../lib/gcc/arm-none-eabi/9.3.1/../../../../arm-none-eabi/lib/thumb/v6-m/nofp\libc_nano.a
LOAD d:/program files/stm32cubeide_1.7.0/stm32cubeide/plugins/com.st.stm32cube.ide.mcu.externaltools.gnu-tools-for-stm32.9-2020-q2-update.win32_2.0.0.202105311346/tools/bin/../lib/gcc/arm-none-eabi/9.3.1/../../../../arm-none-eabi/lib/thumb/v6-m/nofp\libnosys.a
END GROUP
LOAD d:/program files/stm32cubeide_1.7.0/stm32cubeide/plugins/com.st.stm32cube.ide.mcu.externaltools.gnu-tools-for-stm32.9-2020-q2-update.win32_2.0.0.202105311346/tools/bin/../lib/gcc/arm-none-eabi/9.3.1/thumb/v6-m/nofp/crtend.o
LOAD d:/program files/stm32cubeide_1.7.0/stm32cubeide/plugins/com.st.stm32cube.ide.mcu.externaltools.gnu-tools-for-stm32.9-2020-q2-update.win32_2.0.0.202105311346/tools/bin/../lib/gcc/arm-none-eabi/9.3.1/thumb/v6-m/nofp/crtn.o
                0x0000000020008000                _estack = (ORIGIN (RAM) + LENGTH (RAM))
                0x0000000000000200                _Min_Heap_Size = 0x200
                0x0000000000000400                _Min_Stack_Size = 0x400

.isr_vector     0x0000000008000000       0xbc
                0x0000000008000000                . = ALIGN (0x4)
 *(.isr_vector)
 .isr_vector    0x0000000008000000       0xbc ./Core/Startup/startup_stm32f030cctx.o
                0x0000000008000000                g_pfnVectors
                0x00000000080000bc                . = ALIGN (0x4)

.text           0x00000000080000bc     0x3e68
                0x00000000080000bc                . = ALIGN (0x4)
 *(.text)
 .text          0x00000000080000bc       0x48 d:/program files/stm32cubeide_1.7.0/stm32cubeide/plugins/com.st.stm32cube.ide.mcu.externaltools.gnu-tools-for-stm32.9-2020-q2-update.win32_2.0.0.202105311346/tools/bin/../lib/gcc/arm-none-eabi/9.3.1/thumb/v6-m/nofp/crtbegin.o
 .text          0x0000000008000104       0x14 d:/program files/stm32cubeide_1.7.0/stm32cubeide/plugins/com.st.stm32cube.ide.mcu.externaltools.gnu-tools-for-stm32.9-2020-q2-update.win32_2.0.0.202105311346/tools/bin/../lib/gcc/arm-none-eabi/9.3.1/thumb/v6-m/nofp\libgcc.a(_thumb1_case_shi.o)
                0x0000000008000104                __gnu_thumb1_case_shi
 .text          0x0000000008000118      0x114 d:/program files/stm32cubeide_1.7.0/stm32cubeide/plugins/com.st.stm32cube.ide.mcu.externaltools.gnu-tools-for-stm32.9-2020-q2-update.win32_2.0.0.202105311346/tools/bin/../lib/gcc/arm-none-eabi/9.3.1/thumb/v6-m/nofp\libgcc.a(_udivsi3.o)
                0x0000000008000118                __aeabi_uidiv
                0x0000000008000118                __udivsi3
                0x0000000008000224                __aeabi_uidivmod
 .text          0x000000000800022c      0x1d4 d:/program files/stm32cubeide_1.7.0/stm32cubeide/plugins/com.st.stm32cube.ide.mcu.externaltools.gnu-tools-for-stm32.9-2020-q2-update.win32_2.0.0.202105311346/tools/bin/../lib/gcc/arm-none-eabi/9.3.1/thumb/v6-m/nofp\libgcc.a(_divsi3.o)
                0x000000000800022c                __divsi3
                0x000000000800022c                __aeabi_idiv
                0x00000000080003f8                __aeabi_idivmod
 .text          0x0000000008000400        0x4 d:/program files/stm32cubeide_1.7.0/stm32cubeide/plugins/com.st.stm32cube.ide.mcu.externaltools.gnu-tools-for-stm32.9-2020-q2-update.win32_2.0.0.202105311346/tools/bin/../lib/gcc/arm-none-eabi/9.3.1/thumb/v6-m/nofp\libgcc.a(_dvmd_tls.o)
                0x0000000008000400                __aeabi_idiv0
                0x0000000008000400                __aeabi_ldiv0
 *(.text*)
 .text.circular_buff_get_data_len.part.0
                0x0000000008000404       0x1c ./Core/Src/API/circular_buffer.o
 .text.circular_buff_get_free_space.part.0
                0x0000000008000420       0x1c ./Core/Src/API/circular_buffer.o
 .text.circular_buff_init
                0x000000000800043c       0x50 ./Core/Src/API/circular_buffer.o
                0x000000000800043c                circular_buff_init
 .text.circular_buff_reset
                0x000000000800048c       0x28 ./Core/Src/API/circular_buffer.o
                0x000000000800048c                circular_buff_reset
 .text.circular_buff_get_data_len
                0x00000000080004b4       0x28 ./Core/Src/API/circular_buffer.o
                0x00000000080004b4                circular_buff_get_data_len
 .text.circular_buff_get_free_space
                0x00000000080004dc       0x24 ./Core/Src/API/circular_buffer.o
                0x00000000080004dc                circular_buff_get_free_space
 .text.circular_buff_put
                0x0000000008000500       0x58 ./Core/Src/API/circular_buffer.o
                0x0000000008000500                circular_buff_put
 .text.circular_buff_get
                0x0000000008000558       0x50 ./Core/Src/API/circular_buffer.o
                0x0000000008000558                circular_buff_get
 .text.circular_buff_write
                0x00000000080005a8       0xcc ./Core/Src/API/circular_buffer.o
                0x00000000080005a8                circular_buff_write
 .text.circular_buff_read
                0x0000000008000674       0x80 ./Core/Src/API/circular_buffer.o
                0x0000000008000674                circular_buff_read
 .text._write   0x00000000080006f4       0x14 ./Core/Src/API/printf_debug.o
                0x00000000080006f4                _write
 .text.time_event_start
                0x0000000008000708       0x28 ./Core/Src/API/time_event.o
                0x0000000008000708                time_event_start
 .text.time_event_stop
                0x0000000008000730       0x28 ./Core/Src/API/time_event.o
                0x0000000008000730                time_event_stop
 .text.time_event_update
                0x0000000008000758       0x1c ./Core/Src/API/time_event.o
                0x0000000008000758                time_event_update
 .text.time_event_is_raised
                0x0000000008000774        0x4 ./Core/Src/API/time_event.o
                0x0000000008000774                time_event_is_raised
 .text.HAL_SYSTICK_Callback
                0x0000000008000778        0xc ./Core/Src/API/time_irq.o
                0x0000000008000778                HAL_SYSTICK_Callback
 .text.uart_init_it
                0x0000000008000784       0x74 ./Core/Src/API/uart_driver.o
                0x0000000008000784                uart_init_it
 .text.uart_get_rx_data_len
                0x00000000080007f8        0xc ./Core/Src/API/uart_driver.o
                0x00000000080007f8                uart_get_rx_data_len
 .text.uart_read_rx_data
                0x0000000008000804        0xc ./Core/Src/API/uart_driver.o
                0x0000000008000804                uart_read_rx_data
 .text.uart_clear_rx_data
                0x0000000008000810        0xc ./Core/Src/API/uart_driver.o
                0x0000000008000810                uart_clear_rx_data
 .text.uart_transmit_it
                0x000000000800081c       0x3c ./Core/Src/API/uart_driver.o
                0x000000000800081c                uart_transmit_it
 .text.HAL_UART_TxCpltCallback
                0x0000000008000858       0x5c ./Core/Src/API/uart_driver.o
                0x0000000008000858                HAL_UART_TxCpltCallback
 .text.HAL_UART_RxCpltCallback
                0x00000000080008b4       0x50 ./Core/Src/API/uart_driver.o
                0x00000000080008b4                HAL_UART_RxCpltCallback
 .text.host_comm_fsm_init
                0x0000000008000904       0x20 ./Core/Src/host_comm/host_comm_fsm.o
                0x0000000008000904                host_comm_fsm_init
 .text.host_comm_fsm_run
                0x0000000008000924       0x18 ./Core/Src/host_comm/host_comm_fsm.o
                0x0000000008000924                host_comm_fsm_run
 .text.host_comm_fsm_time_event_update
                0x000000000800093c       0x18 ./Core/Src/host_comm/host_comm_fsm.o
                0x000000000800093c                host_comm_fsm_time_event_update
 .text.host_comm_rx_fsm_init
                0x0000000008000954       0x34 ./Core/Src/host_comm/host_comm_rx_fsm.o
                0x0000000008000954                host_comm_rx_fsm_init
 .text.host_comm_rx_fsm_time_event_update
                0x0000000008000988        0xc ./Core/Src/host_comm/host_comm_rx_fsm.o
                0x0000000008000988                host_comm_rx_fsm_time_event_update
 .text.host_comm_rx_fsm_run
                0x0000000008000994      0x250 ./Core/Src/host_comm/host_comm_rx_fsm.o
                0x0000000008000994                host_comm_rx_fsm_run
 .text.enter_seq_transmit_packet
                0x0000000008000be4       0xec ./Core/Src/host_comm/host_comm_tx_fsm.o
 .text.host_comm_tx_fsm_init
                0x0000000008000cd0       0x4c ./Core/Src/host_comm/host_comm_tx_fsm.o
                0x0000000008000cd0                host_comm_tx_fsm_init
 .text.crc32_accumulate
                0x0000000008000d1c       0x20 ./Core/Src/host_comm/host_comm_tx_fsm.o
                0x0000000008000d1c                crc32_accumulate
 .text.host_comm_tx_fsm_send_packet_no_payload
                0x0000000008000d3c       0x2c ./Core/Src/host_comm/host_comm_tx_fsm.o
                0x0000000008000d3c                host_comm_tx_fsm_send_packet_no_payload
 .text.host_comm_tx_fsm_time_event_update
                0x0000000008000d68        0xc ./Core/Src/host_comm/host_comm_tx_fsm.o
                0x0000000008000d68                host_comm_tx_fsm_time_event_update
 .text.host_comm_tx_fsm_run
                0x0000000008000d74       0xac ./Core/Src/host_comm/host_comm_tx_fsm.o
                0x0000000008000d74                host_comm_tx_fsm_run
 .text.host_comm_tx_queue_init
                0x0000000008000e20       0x1c ./Core/Src/host_comm/host_comm_tx_queue.o
                0x0000000008000e20                host_comm_tx_queue_init
 .text.host_comm_tx_queue_get_pending_transfers
                0x0000000008000e3c        0xc ./Core/Src/host_comm/host_comm_tx_queue.o
                0x0000000008000e3c                host_comm_tx_queue_get_pending_transfers
 .text.host_comm_tx_queue_write_request
                0x0000000008000e48       0x64 ./Core/Src/host_comm/host_comm_tx_queue.o
                0x0000000008000e48                host_comm_tx_queue_write_request
 .text.host_comm_tx_queue_read_request
                0x0000000008000eac       0x48 ./Core/Src/host_comm/host_comm_tx_queue.o
                0x0000000008000eac                host_comm_tx_queue_read_request
 .text.protocol_check_valid_header
                0x0000000008000ef4       0x38 ./Core/Src/host_comm/protocol.o
                0x0000000008000ef4                protocol_check_valid_header
 .text.led_bootloader_init
                0x0000000008000f2c       0x6c ./Core/Src/led_animation/led_animation.o
                0x0000000008000f2c                led_bootloader_init
 .text.led_bootloader_run
                0x0000000008000f98       0x6c ./Core/Src/led_animation/led_animation.o
                0x0000000008000f98                led_bootloader_run
 .text.led_bootloader_time_event_update
                0x0000000008001004       0x24 ./Core/Src/led_animation/led_animation.o
                0x0000000008001004                led_bootloader_time_event_update
 .text.led_animation_init
                0x0000000008001028       0x34 ./Core/Src/led_animation/led_animation_fsm.o
                0x0000000008001028                led_animation_init
 .text.led_animation_start
                0x000000000800105c       0x14 ./Core/Src/led_animation/led_animation_fsm.o
                0x000000000800105c                led_animation_start
 .text.led_animation_set_brightness
                0x0000000008001070       0x10 ./Core/Src/led_animation/led_animation_fsm.o
                0x0000000008001070                led_animation_set_brightness
 .text.led_animation_run
                0x0000000008001080      0x260 ./Core/Src/led_animation/led_animation_fsm.o
                0x0000000008001080                led_animation_run
 .text.led_animation_update_timers
                0x00000000080012e0       0x18 ./Core/Src/led_animation/led_animation_fsm.o
                0x00000000080012e0                led_animation_update_timers
 .text.print_startup_message
                0x00000000080012f8       0x54 ./Core/Src/main.o
                0x00000000080012f8                print_startup_message
 .text.startup.main
                0x000000000800134c       0x24 ./Core/Src/main.o
                0x000000000800134c                main
 .text.Error_Handler
                0x0000000008001370        0x4 ./Core/Src/main.o
                0x0000000008001370                Error_Handler
 .text.peripherals_init
                0x0000000008001374      0x160 ./Core/Src/peripherals_init.o
                0x0000000008001374                peripherals_init
 .text.HAL_MspInit
                0x00000000080014d4       0x30 ./Core/Src/stm32f0xx_hal_msp.o
                0x00000000080014d4                HAL_MspInit
 .text.HAL_UART_MspInit
                0x0000000008001504       0xd8 ./Core/Src/stm32f0xx_hal_msp.o
                0x0000000008001504                HAL_UART_MspInit
 .text.NMI_Handler
                0x00000000080015dc        0x4 ./Core/Src/stm32f0xx_it.o
                0x00000000080015dc                NMI_Handler
 .text.HardFault_Handler
                0x00000000080015e0        0x4 ./Core/Src/stm32f0xx_it.o
                0x00000000080015e0                HardFault_Handler
 .text.SVC_Handler
                0x00000000080015e4        0x4 ./Core/Src/stm32f0xx_it.o
                0x00000000080015e4                SVC_Handler
 .text.PendSV_Handler
                0x00000000080015e8        0x4 ./Core/Src/stm32f0xx_it.o
                0x00000000080015e8                PendSV_Handler
 .text.SysTick_Handler
                0x00000000080015ec        0xc ./Core/Src/stm32f0xx_it.o
                0x00000000080015ec                SysTick_Handler
 .text.USART1_IRQHandler
                0x00000000080015f8       0x10 ./Core/Src/stm32f0xx_it.o
                0x00000000080015f8                USART1_IRQHandler
 .text.USART2_IRQHandler
                0x0000000008001608       0x10 ./Core/Src/stm32f0xx_it.o
                0x0000000008001608                USART2_IRQHandler
 .text._getpid  0x0000000008001618        0x4 ./Core/Src/syscalls.o
                0x0000000008001618                _getpid
 .text._kill    0x000000000800161c       0x10 ./Core/Src/syscalls.o
                0x000000000800161c                _kill
 .text._exit    0x000000000800162c        0xc ./Core/Src/syscalls.o
                0x000000000800162c                _exit
 .text._read    0x0000000008001638       0x1c ./Core/Src/syscalls.o
                0x0000000008001638                _read
 .text._close   0x0000000008001654        0x8 ./Core/Src/syscalls.o
                0x0000000008001654                _close
 .text._fstat   0x000000000800165c        0xc ./Core/Src/syscalls.o
                0x000000000800165c                _fstat
 .text._isatty  0x0000000008001668        0x4 ./Core/Src/syscalls.o
                0x0000000008001668                _isatty
 .text._lseek   0x000000000800166c        0x4 ./Core/Src/syscalls.o
                0x000000000800166c                _lseek
 .text._sbrk    0x0000000008001670       0x44 ./Core/Src/sysmem.o
                0x0000000008001670                _sbrk
 .text.SystemInit
                0x00000000080016b4        0x4 ./Core/Src/system_stm32f0xx.o
                0x00000000080016b4                SystemInit
 .text.Reset_Handler
                0x00000000080016b8       0x50 ./Core/Startup/startup_stm32f030cctx.o
                0x00000000080016b8                Reset_Handler
 .text.Default_Handler
                0x0000000008001708        0x2 ./Core/Startup/startup_stm32f030cctx.o
                0x0000000008001708                TIM1_CC_IRQHandler
                0x0000000008001708                TIM6_IRQHandler
                0x0000000008001708                I2C1_IRQHandler
                0x0000000008001708                SPI1_IRQHandler
                0x0000000008001708                EXTI2_3_IRQHandler
                0x0000000008001708                ADC1_IRQHandler
                0x0000000008001708                I2C2_IRQHandler
                0x0000000008001708                USART3_6_IRQHandler
                0x0000000008001708                TIM17_IRQHandler
                0x0000000008001708                RTC_IRQHandler
                0x0000000008001708                TIM16_IRQHandler
                0x0000000008001708                TIM3_IRQHandler
                0x0000000008001708                EXTI4_15_IRQHandler
                0x0000000008001708                RCC_IRQHandler
                0x0000000008001708                DMA1_Channel1_IRQHandler
                0x0000000008001708                Default_Handler
                0x0000000008001708                TIM14_IRQHandler
                0x0000000008001708                DMA1_Channel4_5_IRQHandler
                0x0000000008001708                TIM7_IRQHandler
                0x0000000008001708                TIM15_IRQHandler
                0x0000000008001708                EXTI0_1_IRQHandler
                0x0000000008001708                SPI2_IRQHandler
                0x0000000008001708                WWDG_IRQHandler
                0x0000000008001708                DMA1_Channel2_3_IRQHandler
                0x0000000008001708                FLASH_IRQHandler
                0x0000000008001708                TIM1_BRK_UP_TRG_COM_IRQHandler
 *fill*         0x000000000800170a        0x2 
 .text.HAL_InitTick
                0x000000000800170c       0x4c ./Drivers/STM32F0xx_HAL_Driver/Src/stm32f0xx_hal.o
                0x000000000800170c                HAL_InitTick
 .text.HAL_Init
                0x0000000008001758       0x20 ./Drivers/STM32F0xx_HAL_Driver/Src/stm32f0xx_hal.o
                0x0000000008001758                HAL_Init
 .text.HAL_IncTick
                0x0000000008001778       0x18 ./Drivers/STM32F0xx_HAL_Driver/Src/stm32f0xx_hal.o
                0x0000000008001778                HAL_IncTick
 .text.HAL_GetTick
                0x0000000008001790        0xc ./Drivers/STM32F0xx_HAL_Driver/Src/stm32f0xx_hal.o
                0x0000000008001790                HAL_GetTick
 .text.HAL_NVIC_SetPriority
                0x000000000800179c       0x64 ./Drivers/STM32F0xx_HAL_Driver/Src/stm32f0xx_hal_cortex.o
                0x000000000800179c                HAL_NVIC_SetPriority
 .text.HAL_NVIC_EnableIRQ
                0x0000000008001800       0x18 ./Drivers/STM32F0xx_HAL_Driver/Src/stm32f0xx_hal_cortex.o
                0x0000000008001800                HAL_NVIC_EnableIRQ
 .text.HAL_SYSTICK_Config
                0x0000000008001818       0x34 ./Drivers/STM32F0xx_HAL_Driver/Src/stm32f0xx_hal_cortex.o
                0x0000000008001818                HAL_SYSTICK_Config
 .text.HAL_DMA_Abort
                0x000000000800184c       0x40 ./Drivers/STM32F0xx_HAL_Driver/Src/stm32f0xx_hal_dma.o
                0x000000000800184c                HAL_DMA_Abort
 .text.HAL_DMA_Abort_IT
                0x000000000800188c       0x48 ./Drivers/STM32F0xx_HAL_Driver/Src/stm32f0xx_hal_dma.o
                0x000000000800188c                HAL_DMA_Abort_IT
 .text.HAL_GPIO_Init
                0x00000000080018d4      0x1e8 ./Drivers/STM32F0xx_HAL_Driver/Src/stm32f0xx_hal_gpio.o
                0x00000000080018d4                HAL_GPIO_Init
 .text.HAL_GPIO_WritePin
                0x0000000008001abc        0xc ./Drivers/STM32F0xx_HAL_Driver/Src/stm32f0xx_hal_gpio.o
                0x0000000008001abc                HAL_GPIO_WritePin
 .text.HAL_RCC_OscConfig
                0x0000000008001ac8      0x4ac ./Drivers/STM32F0xx_HAL_Driver/Src/stm32f0xx_hal_rcc.o
                0x0000000008001ac8                HAL_RCC_OscConfig
 .text.HAL_RCC_ClockConfig
                0x0000000008001f74      0x184 ./Drivers/STM32F0xx_HAL_Driver/Src/stm32f0xx_hal_rcc.o
                0x0000000008001f74                HAL_RCC_ClockConfig
 .text.HAL_RCC_GetSysClockFreq
                0x00000000080020f8       0x74 ./Drivers/STM32F0xx_HAL_Driver/Src/stm32f0xx_hal_rcc.o
                0x00000000080020f8                HAL_RCC_GetSysClockFreq
 .text.HAL_RCC_GetPCLK1Freq
                0x000000000800216c       0x20 ./Drivers/STM32F0xx_HAL_Driver/Src/stm32f0xx_hal_rcc.o
                0x000000000800216c                HAL_RCC_GetPCLK1Freq
 .text.HAL_RCCEx_PeriphCLKConfig
                0x000000000800218c      0x12c ./Drivers/STM32F0xx_HAL_Driver/Src/stm32f0xx_hal_rcc_ex.o
                0x000000000800218c                HAL_RCCEx_PeriphCLKConfig
 .text.UART_TxISR_16BIT
                0x00000000080022b8       0x5c ./Drivers/STM32F0xx_HAL_Driver/Src/stm32f0xx_hal_uart.o
 .text.UART_TxISR_8BIT
                0x0000000008002314       0x58 ./Drivers/STM32F0xx_HAL_Driver/Src/stm32f0xx_hal_uart.o
 .text.HAL_UART_Transmit_IT
                0x000000000800236c       0x9c ./Drivers/STM32F0xx_HAL_Driver/Src/stm32f0xx_hal_uart.o
                0x000000000800236c                HAL_UART_Transmit_IT
 .text.HAL_UART_Receive_IT
                0x0000000008002408      0x120 ./Drivers/STM32F0xx_HAL_Driver/Src/stm32f0xx_hal_uart.o
                0x0000000008002408                HAL_UART_Receive_IT
 .text.HAL_UART_ErrorCallback
                0x0000000008002528        0x4 ./Drivers/STM32F0xx_HAL_Driver/Src/stm32f0xx_hal_uart.o
                0x0000000008002528                HAL_UART_ErrorCallback
 .text.UART_DMAAbortOnError
                0x000000000800252c       0x14 ./Drivers/STM32F0xx_HAL_Driver/Src/stm32f0xx_hal_uart.o
 .text.HAL_UARTEx_RxEventCallback
                0x0000000008002540        0x4 ./Drivers/STM32F0xx_HAL_Driver/Src/stm32f0xx_hal_uart.o
                0x0000000008002540                HAL_UARTEx_RxEventCallback
 .text.HAL_UART_IRQHandler
                0x0000000008002544      0x314 ./Drivers/STM32F0xx_HAL_Driver/Src/stm32f0xx_hal_uart.o
                0x0000000008002544                HAL_UART_IRQHandler
 .text.UART_RxISR_8BIT.part.0
                0x0000000008002858       0x74 ./Drivers/STM32F0xx_HAL_Driver/Src/stm32f0xx_hal_uart.o
 .text.UART_RxISR_16BIT
                0x00000000080028cc       0x3c ./Drivers/STM32F0xx_HAL_Driver/Src/stm32f0xx_hal_uart.o
 .text.UART_RxISR_8BIT
                0x0000000008002908       0x40 ./Drivers/STM32F0xx_HAL_Driver/Src/stm32f0xx_hal_uart.o
 .text.UART_AdvFeatureConfig
                0x0000000008002948       0xd0 ./Drivers/STM32F0xx_HAL_Driver/Src/stm32f0xx_hal_uart.o
                0x0000000008002948                UART_AdvFeatureConfig
 .text.UART_WaitOnFlagUntilTimeout
                0x0000000008002a18       0xf0 ./Drivers/STM32F0xx_HAL_Driver/Src/stm32f0xx_hal_uart.o
                0x0000000008002a18                UART_WaitOnFlagUntilTimeout
 .text.HAL_UART_Init
                0x0000000008002b08      0x244 ./Drivers/STM32F0xx_HAL_Driver/Src/stm32f0xx_hal_uart.o
                0x0000000008002b08                HAL_UART_Init
 .text.__assert_func
                0x0000000008002d4c       0x3c d:/program files/stm32cubeide_1.7.0/stm32cubeide/plugins/com.st.stm32cube.ide.mcu.externaltools.gnu-tools-for-stm32.9-2020-q2-update.win32_2.0.0.202105311346/tools/bin/../lib/gcc/arm-none-eabi/9.3.1/../../../../arm-none-eabi/lib/thumb/v6-m/nofp\libc_nano.a(lib_a-assert.o)
                0x0000000008002d4c                __assert_func
 .text.__errno  0x0000000008002d88        0xc d:/program files/stm32cubeide_1.7.0/stm32cubeide/plugins/com.st.stm32cube.ide.mcu.externaltools.gnu-tools-for-stm32.9-2020-q2-update.win32_2.0.0.202105311346/tools/bin/../lib/gcc/arm-none-eabi/9.3.1/../../../../arm-none-eabi/lib/thumb/v6-m/nofp\libc_nano.a(lib_a-errno.o)
                0x0000000008002d88                __errno
 .text.fprintf  0x0000000008002d94       0x20 d:/program files/stm32cubeide_1.7.0/stm32cubeide/plugins/com.st.stm32cube.ide.mcu.externaltools.gnu-tools-for-stm32.9-2020-q2-update.win32_2.0.0.202105311346/tools/bin/../lib/gcc/arm-none-eabi/9.3.1/../../../../arm-none-eabi/lib/thumb/v6-m/nofp\libc_nano.a(lib_a-fprintf.o)
                0x0000000008002d94                fiprintf
                0x0000000008002d94                fprintf
 .text.__libc_init_array
                0x0000000008002db4       0x48 d:/program files/stm32cubeide_1.7.0/stm32cubeide/plugins/com.st.stm32cube.ide.mcu.externaltools.gnu-tools-for-stm32.9-2020-q2-update.win32_2.0.0.202105311346/tools/bin/../lib/gcc/arm-none-eabi/9.3.1/../../../../arm-none-eabi/lib/thumb/v6-m/nofp\libc_nano.a(lib_a-init.o)
                0x0000000008002db4                __libc_init_array
 .text.malloc   0x0000000008002dfc       0x14 d:/program files/stm32cubeide_1.7.0/stm32cubeide/plugins/com.st.stm32cube.ide.mcu.externaltools.gnu-tools-for-stm32.9-2020-q2-update.win32_2.0.0.202105311346/tools/bin/../lib/gcc/arm-none-eabi/9.3.1/../../../../arm-none-eabi/lib/thumb/v6-m/nofp\libc_nano.a(lib_a-malloc.o)
                0x0000000008002dfc                malloc
 .text.memcpy   0x0000000008002e10       0x12 d:/program files/stm32cubeide_1.7.0/stm32cubeide/plugins/com.st.stm32cube.ide.mcu.externaltools.gnu-tools-for-stm32.9-2020-q2-update.win32_2.0.0.202105311346/tools/bin/../lib/gcc/arm-none-eabi/9.3.1/../../../../arm-none-eabi/lib/thumb/v6-m/nofp\libc_nano.a(lib_a-memcpy-stub.o)
                0x0000000008002e10                memcpy
 .text.memset   0x0000000008002e22       0x10 d:/program files/stm32cubeide_1.7.0/stm32cubeide/plugins/com.st.stm32cube.ide.mcu.externaltools.gnu-tools-for-stm32.9-2020-q2-update.win32_2.0.0.202105311346/tools/bin/../lib/gcc/arm-none-eabi/9.3.1/../../../../arm-none-eabi/lib/thumb/v6-m/nofp\libc_nano.a(lib_a-memset.o)
                0x0000000008002e22                memset
 *fill*         0x0000000008002e32        0x2 
 .text._free_r  0x0000000008002e34       0x94 d:/program files/stm32cubeide_1.7.0/stm32cubeide/plugins/com.st.stm32cube.ide.mcu.externaltools.gnu-tools-for-stm32.9-2020-q2-update.win32_2.0.0.202105311346/tools/bin/../lib/gcc/arm-none-eabi/9.3.1/../../../../arm-none-eabi/lib/thumb/v6-m/nofp\libc_nano.a(lib_a-nano-freer.o)
                0x0000000008002e34                _free_r
 .text._malloc_r
                0x0000000008002ec8       0xbc d:/program files/stm32cubeide_1.7.0/stm32cubeide/plugins/com.st.stm32cube.ide.mcu.externaltools.gnu-tools-for-stm32.9-2020-q2-update.win32_2.0.0.202105311346/tools/bin/../lib/gcc/arm-none-eabi/9.3.1/../../../../arm-none-eabi/lib/thumb/v6-m/nofp\libc_nano.a(lib_a-nano-mallocr.o)
                0x0000000008002ec8                _malloc_r
 .text.__sfputc_r
                0x0000000008002f84       0x2a d:/program files/stm32cubeide_1.7.0/stm32cubeide/plugins/com.st.stm32cube.ide.mcu.externaltools.gnu-tools-for-stm32.9-2020-q2-update.win32_2.0.0.202105311346/tools/bin/../lib/gcc/arm-none-eabi/9.3.1/../../../../arm-none-eabi/lib/thumb/v6-m/nofp\libc_nano.a(lib_a-nano-vfprintf.o)
 .text.__sfputs_r
                0x0000000008002fae       0x24 d:/program files/stm32cubeide_1.7.0/stm32cubeide/plugins/com.st.stm32cube.ide.mcu.externaltools.gnu-tools-for-stm32.9-2020-q2-update.win32_2.0.0.202105311346/tools/bin/../lib/gcc/arm-none-eabi/9.3.1/../../../../arm-none-eabi/lib/thumb/v6-m/nofp\libc_nano.a(lib_a-nano-vfprintf.o)
                0x0000000008002fae                __sfputs_r
 *fill*         0x0000000008002fd2        0x2 
 .text._vfprintf_r
                0x0000000008002fd4      0x274 d:/program files/stm32cubeide_1.7.0/stm32cubeide/plugins/com.st.stm32cube.ide.mcu.externaltools.gnu-tools-for-stm32.9-2020-q2-update.win32_2.0.0.202105311346/tools/bin/../lib/gcc/arm-none-eabi/9.3.1/../../../../arm-none-eabi/lib/thumb/v6-m/nofp\libc_nano.a(lib_a-nano-vfprintf.o)
                0x0000000008002fd4                _vfprintf_r
                0x0000000008002fd4                _vfiprintf_r
 .text._printf_common
                0x0000000008003248       0xde d:/program files/stm32cubeide_1.7.0/stm32cubeide/plugins/com.st.stm32cube.ide.mcu.externaltools.gnu-tools-for-stm32.9-2020-q2-update.win32_2.0.0.202105311346/tools/bin/../lib/gcc/arm-none-eabi/9.3.1/../../../../arm-none-eabi/lib/thumb/v6-m/nofp\libc_nano.a(lib_a-nano-vfprintf_i.o)
                0x0000000008003248                _printf_common
 *fill*         0x0000000008003326        0x2 
 .text._printf_i
                0x0000000008003328      0x224 d:/program files/stm32cubeide_1.7.0/stm32cubeide/plugins/com.st.stm32cube.ide.mcu.externaltools.gnu-tools-for-stm32.9-2020-q2-update.win32_2.0.0.202105311346/tools/bin/../lib/gcc/arm-none-eabi/9.3.1/../../../../arm-none-eabi/lib/thumb/v6-m/nofp\libc_nano.a(lib_a-nano-vfprintf_i.o)
                0x0000000008003328                _printf_i
 .text.printf   0x000000000800354c       0x34 d:/program files/stm32cubeide_1.7.0/stm32cubeide/plugins/com.st.stm32cube.ide.mcu.externaltools.gnu-tools-for-stm32.9-2020-q2-update.win32_2.0.0.202105311346/tools/bin/../lib/gcc/arm-none-eabi/9.3.1/../../../../arm-none-eabi/lib/thumb/v6-m/nofp\libc_nano.a(lib_a-printf.o)
                0x000000000800354c                iprintf
                0x000000000800354c                printf
 .text._puts_r  0x0000000008003580       0xe4 d:/program files/stm32cubeide_1.7.0/stm32cubeide/plugins/com.st.stm32cube.ide.mcu.externaltools.gnu-tools-for-stm32.9-2020-q2-update.win32_2.0.0.202105311346/tools/bin/../lib/gcc/arm-none-eabi/9.3.1/../../../../arm-none-eabi/lib/thumb/v6-m/nofp\libc_nano.a(lib_a-puts.o)
                0x0000000008003580                _puts_r
 .text.puts     0x0000000008003664       0x14 d:/program files/stm32cubeide_1.7.0/stm32cubeide/plugins/com.st.stm32cube.ide.mcu.externaltools.gnu-tools-for-stm32.9-2020-q2-update.win32_2.0.0.202105311346/tools/bin/../lib/gcc/arm-none-eabi/9.3.1/../../../../arm-none-eabi/lib/thumb/v6-m/nofp\libc_nano.a(lib_a-puts.o)
                0x0000000008003664                puts
 .text._sbrk_r  0x0000000008003678       0x24 d:/program files/stm32cubeide_1.7.0/stm32cubeide/plugins/com.st.stm32cube.ide.mcu.externaltools.gnu-tools-for-stm32.9-2020-q2-update.win32_2.0.0.202105311346/tools/bin/../lib/gcc/arm-none-eabi/9.3.1/../../../../arm-none-eabi/lib/thumb/v6-m/nofp\libc_nano.a(lib_a-sbrkr.o)
                0x0000000008003678                _sbrk_r
 .text.__swbuf_r
                0x000000000800369c       0xac d:/program files/stm32cubeide_1.7.0/stm32cubeide/plugins/com.st.stm32cube.ide.mcu.externaltools.gnu-tools-for-stm32.9-2020-q2-update.win32_2.0.0.202105311346/tools/bin/../lib/gcc/arm-none-eabi/9.3.1/../../../../arm-none-eabi/lib/thumb/v6-m/nofp\libc_nano.a(lib_a-wbuf.o)
                0x000000000800369c                __swbuf_r
 .text.__swsetup_r
                0x0000000008003748       0xf0 d:/program files/stm32cubeide_1.7.0/stm32cubeide/plugins/com.st.stm32cube.ide.mcu.externaltools.gnu-tools-for-stm32.9-2020-q2-update.win32_2.0.0.202105311346/tools/bin/../lib/gcc/arm-none-eabi/9.3.1/../../../../arm-none-eabi/lib/thumb/v6-m/nofp\libc_nano.a(lib_a-wsetup.o)
                0x0000000008003748                __swsetup_r
 .text.abort    0x0000000008003838        0xe d:/program files/stm32cubeide_1.7.0/stm32cubeide/plugins/com.st.stm32cube.ide.mcu.externaltools.gnu-tools-for-stm32.9-2020-q2-update.win32_2.0.0.202105311346/tools/bin/../lib/gcc/arm-none-eabi/9.3.1/../../../../arm-none-eabi/lib/thumb/v6-m/nofp\libc_nano.a(lib_a-abort.o)
                0x0000000008003838                abort
 *fill*         0x0000000008003846        0x2 
 .text.__sflush_r
                0x0000000008003848      0x118 d:/program files/stm32cubeide_1.7.0/stm32cubeide/plugins/com.st.stm32cube.ide.mcu.externaltools.gnu-tools-for-stm32.9-2020-q2-update.win32_2.0.0.202105311346/tools/bin/../lib/gcc/arm-none-eabi/9.3.1/../../../../arm-none-eabi/lib/thumb/v6-m/nofp\libc_nano.a(lib_a-fflush.o)
                0x0000000008003848                __sflush_r
 .text._fflush_r
                0x0000000008003960       0x80 d:/program files/stm32cubeide_1.7.0/stm32cubeide/plugins/com.st.stm32cube.ide.mcu.externaltools.gnu-tools-for-stm32.9-2020-q2-update.win32_2.0.0.202105311346/tools/bin/../lib/gcc/arm-none-eabi/9.3.1/../../../../arm-none-eabi/lib/thumb/v6-m/nofp\libc_nano.a(lib_a-fflush.o)
                0x0000000008003960                _fflush_r
 .text.std      0x00000000080039e0       0x48 d:/program files/stm32cubeide_1.7.0/stm32cubeide/plugins/com.st.stm32cube.ide.mcu.externaltools.gnu-tools-for-stm32.9-2020-q2-update.win32_2.0.0.202105311346/tools/bin/../lib/gcc/arm-none-eabi/9.3.1/../../../../arm-none-eabi/lib/thumb/v6-m/nofp\libc_nano.a(lib_a-findfp.o)
 .text._cleanup_r
                0x0000000008003a28       0x10 d:/program files/stm32cubeide_1.7.0/stm32cubeide/plugins/com.st.stm32cube.ide.mcu.externaltools.gnu-tools-for-stm32.9-2020-q2-update.win32_2.0.0.202105311346/tools/bin/../lib/gcc/arm-none-eabi/9.3.1/../../../../arm-none-eabi/lib/thumb/v6-m/nofp\libc_nano.a(lib_a-findfp.o)
                0x0000000008003a28                _cleanup_r
 .text.__sfmoreglue
                0x0000000008003a38       0x2c d:/program files/stm32cubeide_1.7.0/stm32cubeide/plugins/com.st.stm32cube.ide.mcu.externaltools.gnu-tools-for-stm32.9-2020-q2-update.win32_2.0.0.202105311346/tools/bin/../lib/gcc/arm-none-eabi/9.3.1/../../../../arm-none-eabi/lib/thumb/v6-m/nofp\libc_nano.a(lib_a-findfp.o)
                0x0000000008003a38                __sfmoreglue
 .text.__sfp_lock_acquire
                0x0000000008003a64       0x10 d:/program files/stm32cubeide_1.7.0/stm32cubeide/plugins/com.st.stm32cube.ide.mcu.externaltools.gnu-tools-for-stm32.9-2020-q2-update.win32_2.0.0.202105311346/tools/bin/../lib/gcc/arm-none-eabi/9.3.1/../../../../arm-none-eabi/lib/thumb/v6-m/nofp\libc_nano.a(lib_a-findfp.o)
                0x0000000008003a64                __sfp_lock_acquire
 .text.__sfp_lock_release
                0x0000000008003a74       0x10 d:/program files/stm32cubeide_1.7.0/stm32cubeide/plugins/com.st.stm32cube.ide.mcu.externaltools.gnu-tools-for-stm32.9-2020-q2-update.win32_2.0.0.202105311346/tools/bin/../lib/gcc/arm-none-eabi/9.3.1/../../../../arm-none-eabi/lib/thumb/v6-m/nofp\libc_nano.a(lib_a-findfp.o)
                0x0000000008003a74                __sfp_lock_release
 .text.__sinit_lock_acquire
                0x0000000008003a84       0x10 d:/program files/stm32cubeide_1.7.0/stm32cubeide/plugins/com.st.stm32cube.ide.mcu.externaltools.gnu-tools-for-stm32.9-2020-q2-update.win32_2.0.0.202105311346/tools/bin/../lib/gcc/arm-none-eabi/9.3.1/../../../../arm-none-eabi/lib/thumb/v6-m/nofp\libc_nano.a(lib_a-findfp.o)
                0x0000000008003a84                __sinit_lock_acquire
 .text.__sinit_lock_release
                0x0000000008003a94       0x10 d:/program files/stm32cubeide_1.7.0/stm32cubeide/plugins/com.st.stm32cube.ide.mcu.externaltools.gnu-tools-for-stm32.9-2020-q2-update.win32_2.0.0.202105311346/tools/bin/../lib/gcc/arm-none-eabi/9.3.1/../../../../arm-none-eabi/lib/thumb/v6-m/nofp\libc_nano.a(lib_a-findfp.o)
                0x0000000008003a94                __sinit_lock_release
 .text.__sinit  0x0000000008003aa4       0x70 d:/program files/stm32cubeide_1.7.0/stm32cubeide/plugins/com.st.stm32cube.ide.mcu.externaltools.gnu-tools-for-stm32.9-2020-q2-update.win32_2.0.0.202105311346/tools/bin/../lib/gcc/arm-none-eabi/9.3.1/../../../../arm-none-eabi/lib/thumb/v6-m/nofp\libc_nano.a(lib_a-findfp.o)
                0x0000000008003aa4                __sinit
 .text.__sfp    0x0000000008003b14       0x90 d:/program files/stm32cubeide_1.7.0/stm32cubeide/plugins/com.st.stm32cube.ide.mcu.externaltools.gnu-tools-for-stm32.9-2020-q2-update.win32_2.0.0.202105311346/tools/bin/../lib/gcc/arm-none-eabi/9.3.1/../../../../arm-none-eabi/lib/thumb/v6-m/nofp\libc_nano.a(lib_a-findfp.o)
                0x0000000008003b14                __sfp
 .text._fwalk_reent
                0x0000000008003ba4       0x40 d:/program files/stm32cubeide_1.7.0/stm32cubeide/plugins/com.st.stm32cube.ide.mcu.externaltools.gnu-tools-for-stm32.9-2020-q2-update.win32_2.0.0.202105311346/tools/bin/../lib/gcc/arm-none-eabi/9.3.1/../../../../arm-none-eabi/lib/thumb/v6-m/nofp\libc_nano.a(lib_a-fwalk.o)
                0x0000000008003ba4                _fwalk_reent
 .text.__retarget_lock_init_recursive
                0x0000000008003be4        0x2 d:/program files/stm32cubeide_1.7.0/stm32cubeide/plugins/com.st.stm32cube.ide.mcu.externaltools.gnu-tools-for-stm32.9-2020-q2-update.win32_2.0.0.202105311346/tools/bin/../lib/gcc/arm-none-eabi/9.3.1/../../../../arm-none-eabi/lib/thumb/v6-m/nofp\libc_nano.a(lib_a-lock.o)
                0x0000000008003be4                __retarget_lock_init_recursive
 .text.__retarget_lock_acquire_recursive
                0x0000000008003be6        0x2 d:/program files/stm32cubeide_1.7.0/stm32cubeide/plugins/com.st.stm32cube.ide.mcu.externaltools.gnu-tools-for-stm32.9-2020-q2-update.win32_2.0.0.202105311346/tools/bin/../lib/gcc/arm-none-eabi/9.3.1/../../../../arm-none-eabi/lib/thumb/v6-m/nofp\libc_nano.a(lib_a-lock.o)
                0x0000000008003be6                __retarget_lock_acquire_recursive
 .text.__retarget_lock_release_recursive
                0x0000000008003be8        0x2 d:/program files/stm32cubeide_1.7.0/stm32cubeide/plugins/com.st.stm32cube.ide.mcu.externaltools.gnu-tools-for-stm32.9-2020-q2-update.win32_2.0.0.202105311346/tools/bin/../lib/gcc/arm-none-eabi/9.3.1/../../../../arm-none-eabi/lib/thumb/v6-m/nofp\libc_nano.a(lib_a-lock.o)
                0x0000000008003be8                __retarget_lock_release_recursive
 *fill*         0x0000000008003bea        0x2 
 .text.__swhatbuf_r
                0x0000000008003bec       0x50 d:/program files/stm32cubeide_1.7.0/stm32cubeide/plugins/com.st.stm32cube.ide.mcu.externaltools.gnu-tools-for-stm32.9-2020-q2-update.win32_2.0.0.202105311346/tools/bin/../lib/gcc/arm-none-eabi/9.3.1/../../../../arm-none-eabi/lib/thumb/v6-m/nofp\libc_nano.a(lib_a-makebuf.o)
                0x0000000008003bec                __swhatbuf_r
 .text.__smakebuf_r
                0x0000000008003c3c       0x88 d:/program files/stm32cubeide_1.7.0/stm32cubeide/plugins/com.st.stm32cube.ide.mcu.externaltools.gnu-tools-for-stm32.9-2020-q2-update.win32_2.0.0.202105311346/tools/bin/../lib/gcc/arm-none-eabi/9.3.1/../../../../arm-none-eabi/lib/thumb/v6-m/nofp\libc_nano.a(lib_a-makebuf.o)
                0x0000000008003c3c                __smakebuf_r
 .text.memchr   0x0000000008003cc4       0x16 d:/program files/stm32cubeide_1.7.0/stm32cubeide/plugins/com.st.stm32cube.ide.mcu.externaltools.gnu-tools-for-stm32.9-2020-q2-update.win32_2.0.0.202105311346/tools/bin/../lib/gcc/arm-none-eabi/9.3.1/../../../../arm-none-eabi/lib/thumb/v6-m/nofp\libc_nano.a(lib_a-memchr-stub.o)
                0x0000000008003cc4                memchr
 *fill*         0x0000000008003cda        0x2 
 .text.__malloc_lock
                0x0000000008003cdc       0x10 d:/program files/stm32cubeide_1.7.0/stm32cubeide/plugins/com.st.stm32cube.ide.mcu.externaltools.gnu-tools-for-stm32.9-2020-q2-update.win32_2.0.0.202105311346/tools/bin/../lib/gcc/arm-none-eabi/9.3.1/../../../../arm-none-eabi/lib/thumb/v6-m/nofp\libc_nano.a(lib_a-mlock.o)
                0x0000000008003cdc                __malloc_lock
 .text.__malloc_unlock
                0x0000000008003cec       0x10 d:/program files/stm32cubeide_1.7.0/stm32cubeide/plugins/com.st.stm32cube.ide.mcu.externaltools.gnu-tools-for-stm32.9-2020-q2-update.win32_2.0.0.202105311346/tools/bin/../lib/gcc/arm-none-eabi/9.3.1/../../../../arm-none-eabi/lib/thumb/v6-m/nofp\libc_nano.a(lib_a-mlock.o)
                0x0000000008003cec                __malloc_unlock
 .text._raise_r
                0x0000000008003cfc       0x54 d:/program files/stm32cubeide_1.7.0/stm32cubeide/plugins/com.st.stm32cube.ide.mcu.externaltools.gnu-tools-for-stm32.9-2020-q2-update.win32_2.0.0.202105311346/tools/bin/../lib/gcc/arm-none-eabi/9.3.1/../../../../arm-none-eabi/lib/thumb/v6-m/nofp\libc_nano.a(lib_a-signal.o)
                0x0000000008003cfc                _raise_r
 .text.raise    0x0000000008003d50       0x14 d:/program files/stm32cubeide_1.7.0/stm32cubeide/plugins/com.st.stm32cube.ide.mcu.externaltools.gnu-tools-for-stm32.9-2020-q2-update.win32_2.0.0.202105311346/tools/bin/../lib/gcc/arm-none-eabi/9.3.1/../../../../arm-none-eabi/lib/thumb/v6-m/nofp\libc_nano.a(lib_a-signal.o)
                0x0000000008003d50                raise
 .text._kill_r  0x0000000008003d64       0x24 d:/program files/stm32cubeide_1.7.0/stm32cubeide/plugins/com.st.stm32cube.ide.mcu.externaltools.gnu-tools-for-stm32.9-2020-q2-update.win32_2.0.0.202105311346/tools/bin/../lib/gcc/arm-none-eabi/9.3.1/../../../../arm-none-eabi/lib/thumb/v6-m/nofp\libc_nano.a(lib_a-signalr.o)
                0x0000000008003d64                _kill_r
 .text._getpid_r
                0x0000000008003d88        0x8 d:/program files/stm32cubeide_1.7.0/stm32cubeide/plugins/com.st.stm32cube.ide.mcu.externaltools.gnu-tools-for-stm32.9-2020-q2-update.win32_2.0.0.202105311346/tools/bin/../lib/gcc/arm-none-eabi/9.3.1/../../../../arm-none-eabi/lib/thumb/v6-m/nofp\libc_nano.a(lib_a-signalr.o)
                0x0000000008003d88                _getpid_r
 .text.__sread  0x0000000008003d90       0x28 d:/program files/stm32cubeide_1.7.0/stm32cubeide/plugins/com.st.stm32cube.ide.mcu.externaltools.gnu-tools-for-stm32.9-2020-q2-update.win32_2.0.0.202105311346/tools/bin/../lib/gcc/arm-none-eabi/9.3.1/../../../../arm-none-eabi/lib/thumb/v6-m/nofp\libc_nano.a(lib_a-stdio.o)
                0x0000000008003d90                __sread
 .text.__swrite
                0x0000000008003db8       0x38 d:/program files/stm32cubeide_1.7.0/stm32cubeide/plugins/com.st.stm32cube.ide.mcu.externaltools.gnu-tools-for-stm32.9-2020-q2-update.win32_2.0.0.202105311346/tools/bin/../lib/gcc/arm-none-eabi/9.3.1/../../../../arm-none-eabi/lib/thumb/v6-m/nofp\libc_nano.a(lib_a-stdio.o)
                0x0000000008003db8                __swrite
 .text.__sseek  0x0000000008003df0       0x2c d:/program files/stm32cubeide_1.7.0/stm32cubeide/plugins/com.st.stm32cube.ide.mcu.externaltools.gnu-tools-for-stm32.9-2020-q2-update.win32_2.0.0.202105311346/tools/bin/../lib/gcc/arm-none-eabi/9.3.1/../../../../arm-none-eabi/lib/thumb/v6-m/nofp\libc_nano.a(lib_a-stdio.o)
                0x0000000008003df0                __sseek
 .text.__sclose
                0x0000000008003e1c        0xc d:/program files/stm32cubeide_1.7.0/stm32cubeide/plugins/com.st.stm32cube.ide.mcu.externaltools.gnu-tools-for-stm32.9-2020-q2-update.win32_2.0.0.202105311346/tools/bin/../lib/gcc/arm-none-eabi/9.3.1/../../../../arm-none-eabi/lib/thumb/v6-m/nofp\libc_nano.a(lib_a-stdio.o)
                0x0000000008003e1c                __sclose
 .text._write_r
                0x0000000008003e28       0x28 d:/program files/stm32cubeide_1.7.0/stm32cubeide/plugins/com.st.stm32cube.ide.mcu.externaltools.gnu-tools-for-stm32.9-2020-q2-update.win32_2.0.0.202105311346/tools/bin/../lib/gcc/arm-none-eabi/9.3.1/../../../../arm-none-eabi/lib/thumb/v6-m/nofp\libc_nano.a(lib_a-writer.o)
                0x0000000008003e28                _write_r
 .text._close_r
                0x0000000008003e50       0x24 d:/program files/stm32cubeide_1.7.0/stm32cubeide/plugins/com.st.stm32cube.ide.mcu.externaltools.gnu-tools-for-stm32.9-2020-q2-update.win32_2.0.0.202105311346/tools/bin/../lib/gcc/arm-none-eabi/9.3.1/../../../../arm-none-eabi/lib/thumb/v6-m/nofp\libc_nano.a(lib_a-closer.o)
                0x0000000008003e50                _close_r
 .text._fstat_r
                0x0000000008003e74       0x24 d:/program files/stm32cubeide_1.7.0/stm32cubeide/plugins/com.st.stm32cube.ide.mcu.externaltools.gnu-tools-for-stm32.9-2020-q2-update.win32_2.0.0.202105311346/tools/bin/../lib/gcc/arm-none-eabi/9.3.1/../../../../arm-none-eabi/lib/thumb/v6-m/nofp\libc_nano.a(lib_a-fstatr.o)
                0x0000000008003e74                _fstat_r
 .text._isatty_r
                0x0000000008003e98       0x24 d:/program files/stm32cubeide_1.7.0/stm32cubeide/plugins/com.st.stm32cube.ide.mcu.externaltools.gnu-tools-for-stm32.9-2020-q2-update.win32_2.0.0.202105311346/tools/bin/../lib/gcc/arm-none-eabi/9.3.1/../../../../arm-none-eabi/lib/thumb/v6-m/nofp\libc_nano.a(lib_a-isattyr.o)
                0x0000000008003e98                _isatty_r
 .text._lseek_r
                0x0000000008003ebc       0x28 d:/program files/stm32cubeide_1.7.0/stm32cubeide/plugins/com.st.stm32cube.ide.mcu.externaltools.gnu-tools-for-stm32.9-2020-q2-update.win32_2.0.0.202105311346/tools/bin/../lib/gcc/arm-none-eabi/9.3.1/../../../../arm-none-eabi/lib/thumb/v6-m/nofp\libc_nano.a(lib_a-lseekr.o)
                0x0000000008003ebc                _lseek_r
 .text._read_r  0x0000000008003ee4       0x28 d:/program files/stm32cubeide_1.7.0/stm32cubeide/plugins/com.st.stm32cube.ide.mcu.externaltools.gnu-tools-for-stm32.9-2020-q2-update.win32_2.0.0.202105311346/tools/bin/../lib/gcc/arm-none-eabi/9.3.1/../../../../arm-none-eabi/lib/thumb/v6-m/nofp\libc_nano.a(lib_a-readr.o)
                0x0000000008003ee4                _read_r
 *(.glue_7)
 .glue_7        0x0000000008003f0c        0x0 linker stubs
 *(.glue_7t)
 .glue_7t       0x0000000008003f0c        0x0 linker stubs
 *(.eh_frame)
 .eh_frame      0x0000000008003f0c        0x0 d:/program files/stm32cubeide_1.7.0/stm32cubeide/plugins/com.st.stm32cube.ide.mcu.externaltools.gnu-tools-for-stm32.9-2020-q2-update.win32_2.0.0.202105311346/tools/bin/../lib/gcc/arm-none-eabi/9.3.1/thumb/v6-m/nofp/crtbegin.o
 *(.init)
 .init          0x0000000008003f0c        0x4 d:/program files/stm32cubeide_1.7.0/stm32cubeide/plugins/com.st.stm32cube.ide.mcu.externaltools.gnu-tools-for-stm32.9-2020-q2-update.win32_2.0.0.202105311346/tools/bin/../lib/gcc/arm-none-eabi/9.3.1/thumb/v6-m/nofp/crti.o
                0x0000000008003f0c                _init
 .init          0x0000000008003f10        0x8 d:/program files/stm32cubeide_1.7.0/stm32cubeide/plugins/com.st.stm32cube.ide.mcu.externaltools.gnu-tools-for-stm32.9-2020-q2-update.win32_2.0.0.202105311346/tools/bin/../lib/gcc/arm-none-eabi/9.3.1/thumb/v6-m/nofp/crtn.o
 *(.fini)
 .fini          0x0000000008003f18        0x4 d:/program files/stm32cubeide_1.7.0/stm32cubeide/plugins/com.st.stm32cube.ide.mcu.externaltools.gnu-tools-for-stm32.9-2020-q2-update.win32_2.0.0.202105311346/tools/bin/../lib/gcc/arm-none-eabi/9.3.1/thumb/v6-m/nofp/crti.o
                0x0000000008003f18                _fini
 .fini          0x0000000008003f1c        0x8 d:/program files/stm32cubeide_1.7.0/stm32cubeide/plugins/com.st.stm32cube.ide.mcu.externaltools.gnu-tools-for-stm32.9-2020-q2-update.win32_2.0.0.202105311346/tools/bin/../lib/gcc/arm-none-eabi/9.3.1/thumb/v6-m/nofp/crtn.o
                0x0000000008003f24                . = ALIGN (0x4)
                0x0000000008003f24                _etext = .

.vfp11_veneer   0x0000000008003f24        0x0
 .vfp11_veneer  0x0000000008003f24        0x0 linker stubs

.v4_bx          0x0000000008003f24        0x0
 .v4_bx         0x0000000008003f24        0x0 linker stubs

.iplt           0x0000000008003f24        0x0
 .iplt          0x0000000008003f24        0x0 d:/program files/stm32cubeide_1.7.0/stm32cubeide/plugins/com.st.stm32cube.ide.mcu.externaltools.gnu-tools-for-stm32.9-2020-q2-update.win32_2.0.0.202105311346/tools/bin/../lib/gcc/arm-none-eabi/9.3.1/thumb/v6-m/nofp/crtbegin.o

.rodata         0x0000000008003f24      0x5c4
                0x0000000008003f24                . = ALIGN (0x4)
 *(.rodata)
 .rodata        0x0000000008003f24       0x20 ./Core/Src/led_animation/led_animation.o
 *(.rodata*)
 .rodata.circular_buff_get_data_len.part.0.str1.4
                0x0000000008003f44       0x2a ./Core/Src/API/circular_buffer.o
 *fill*         0x0000000008003f6e        0x2 
 .rodata.circular_buff_init.str1.4
                0x0000000008003f70        0xf ./Core/Src/API/circular_buffer.o
 *fill*         0x0000000008003f7f        0x1 
 .rodata.circular_buff_put.str1.4
                0x0000000008003f80       0x19 ./Core/Src/API/circular_buffer.o
 *fill*         0x0000000008003f99        0x3 
 .rodata.circular_buff_get.str1.4
                0x0000000008003f9c       0x21 ./Core/Src/API/circular_buffer.o
 *fill*         0x0000000008003fbd        0x3 
 .rodata.circular_buff_read.str1.4
                0x0000000008003fc0       0x21 ./Core/Src/API/circular_buffer.o
 *fill*         0x0000000008003fe1        0x3 
 .rodata.__func__.4908
                0x0000000008003fe4       0x13 ./Core/Src/API/circular_buffer.o
 *fill*         0x0000000008003ff7        0x1 
 .rodata.__func__.4917
                0x0000000008003ff8       0x14 ./Core/Src/API/circular_buffer.o
 .rodata.__func__.4921
                0x000000000800400c       0x1b ./Core/Src/API/circular_buffer.o
 *fill*         0x0000000008004027        0x1 
 .rodata.__func__.4930
                0x0000000008004028       0x1d ./Core/Src/API/circular_buffer.o
 *fill*         0x0000000008004045        0x3 
 .rodata.__func__.4935
                0x0000000008004048       0x12 ./Core/Src/API/circular_buffer.o
 *fill*         0x000000000800405a        0x2 
 .rodata.__func__.4940
                0x000000000800405c       0x12 ./Core/Src/API/circular_buffer.o
 *fill*         0x000000000800406e        0x2 
 .rodata.__func__.4947
                0x0000000008004070       0x14 ./Core/Src/API/circular_buffer.o
 .rodata.__func__.4957
                0x0000000008004084       0x13 ./Core/Src/API/circular_buffer.o
 *fill*         0x0000000008004097        0x1 
 .rodata.time_event_start.str1.4
                0x0000000008004098       0x29 ./Core/Src/API/time_event.o
 *fill*         0x00000000080040c1        0x3 
 .rodata.__func__.4224
                0x00000000080040c4       0x11 ./Core/Src/API/time_event.o
 *fill*         0x00000000080040d5        0x3 
 .rodata.__func__.4228
                0x00000000080040d8       0x10 ./Core/Src/API/time_event.o
 .rodata.host_comm_rx_fsm_run
                0x00000000080040e8       0x18 ./Core/Src/host_comm/host_comm_rx_fsm.o
 .rodata.enter_seq_transmit_packet.str1.4
                0x0000000008004100       0xb0 ./Core/Src/host_comm/host_comm_tx_fsm.o
 .rodata.host_comm_tx_fsm_init.str1.4
                0x00000000080041b0       0x34 ./Core/Src/host_comm/host_comm_tx_fsm.o
 .rodata.host_comm_tx_fsm_run.str1.4
                0x00000000080041e4       0x8c ./Core/Src/host_comm/host_comm_tx_fsm.o
 .rodata.host_comm_tx_queue_write_request.str1.4
                0x0000000008004270       0x7c ./Core/Src/host_comm/host_comm_tx_queue.o
 .rodata.host_comm_tx_queue_read_request.str1.4
                0x00000000080042ec       0x30 ./Core/Src/host_comm/host_comm_tx_queue.o
 .rodata.protocol_postamble
                0x000000000800431c        0x4 ./Core/Src/host_comm/protocol.o
                0x000000000800431c                protocol_postamble
 .rodata.protocol_preamble
                0x0000000008004320        0x4 ./Core/Src/host_comm/protocol.o
                0x0000000008004320                protocol_preamble
 .rodata.print_startup_message.str1.4
                0x0000000008004324       0xa9 ./Core/Src/main.o
 *fill*         0x00000000080043cd        0x3 
 .rodata.AHBPrescTable
                0x00000000080043d0       0x10 ./Core/Src/system_stm32f0xx.o
                0x00000000080043d0                AHBPrescTable
 .rodata.APBPrescTable
                0x00000000080043e0        0x8 ./Core/Src/system_stm32f0xx.o
                0x00000000080043e0                APBPrescTable
 .rodata.HAL_RCC_ClockConfig.str1.4
                0x00000000080043e8       0x25 ./Drivers/STM32F0xx_HAL_Driver/Src/stm32f0xx_hal_rcc.o
 *fill*         0x000000000800440d        0x3 
 .rodata.CSWTCH.58
                0x0000000008004410        0x3 ./Drivers/STM32F0xx_HAL_Driver/Src/stm32f0xx_hal_uart.o
 .rodata.__assert_func.str1.1
                0x0000000008004413       0x3c d:/program files/stm32cubeide_1.7.0/stm32cubeide/plugins/com.st.stm32cube.ide.mcu.externaltools.gnu-tools-for-stm32.9-2020-q2-update.win32_2.0.0.202105311346/tools/bin/../lib/gcc/arm-none-eabi/9.3.1/../../../../arm-none-eabi/lib/thumb/v6-m/nofp\libc_nano.a(lib_a-assert.o)
                                         0x3d (size before relaxing)
 *fill*         0x000000000800444f        0x1 
 .rodata._global_impure_ptr
                0x0000000008004450        0x4 d:/program files/stm32cubeide_1.7.0/stm32cubeide/plugins/com.st.stm32cube.ide.mcu.externaltools.gnu-tools-for-stm32.9-2020-q2-update.win32_2.0.0.202105311346/tools/bin/../lib/gcc/arm-none-eabi/9.3.1/../../../../arm-none-eabi/lib/thumb/v6-m/nofp\libc_nano.a(lib_a-impure.o)
                0x0000000008004450                _global_impure_ptr
 .rodata._vfprintf_r.str1.1
                0x0000000008004454       0x11 d:/program files/stm32cubeide_1.7.0/stm32cubeide/plugins/com.st.stm32cube.ide.mcu.externaltools.gnu-tools-for-stm32.9-2020-q2-update.win32_2.0.0.202105311346/tools/bin/../lib/gcc/arm-none-eabi/9.3.1/../../../../arm-none-eabi/lib/thumb/v6-m/nofp\libc_nano.a(lib_a-nano-vfprintf.o)
 .rodata._printf_i.str1.1
                0x0000000008004465       0x22 d:/program files/stm32cubeide_1.7.0/stm32cubeide/plugins/com.st.stm32cube.ide.mcu.externaltools.gnu-tools-for-stm32.9-2020-q2-update.win32_2.0.0.202105311346/tools/bin/../lib/gcc/arm-none-eabi/9.3.1/../../../../arm-none-eabi/lib/thumb/v6-m/nofp\libc_nano.a(lib_a-nano-vfprintf_i.o)
 *fill*         0x0000000008004487        0x1 
 .rodata.__sf_fake_stderr
                0x0000000008004488       0x20 d:/program files/stm32cubeide_1.7.0/stm32cubeide/plugins/com.st.stm32cube.ide.mcu.externaltools.gnu-tools-for-stm32.9-2020-q2-update.win32_2.0.0.202105311346/tools/bin/../lib/gcc/arm-none-eabi/9.3.1/../../../../arm-none-eabi/lib/thumb/v6-m/nofp\libc_nano.a(lib_a-findfp.o)
                0x0000000008004488                __sf_fake_stderr
 .rodata.__sf_fake_stdin
                0x00000000080044a8       0x20 d:/program files/stm32cubeide_1.7.0/stm32cubeide/plugins/com.st.stm32cube.ide.mcu.externaltools.gnu-tools-for-stm32.9-2020-q2-update.win32_2.0.0.202105311346/tools/bin/../lib/gcc/arm-none-eabi/9.3.1/../../../../arm-none-eabi/lib/thumb/v6-m/nofp\libc_nano.a(lib_a-findfp.o)
                0x00000000080044a8                __sf_fake_stdin
 .rodata.__sf_fake_stdout
                0x00000000080044c8       0x20 d:/program files/stm32cubeide_1.7.0/stm32cubeide/plugins/com.st.stm32cube.ide.mcu.externaltools.gnu-tools-for-stm32.9-2020-q2-update.win32_2.0.0.202105311346/tools/bin/../lib/gcc/arm-none-eabi/9.3.1/../../../../arm-none-eabi/lib/thumb/v6-m/nofp\libc_nano.a(lib_a-findfp.o)
                0x00000000080044c8                __sf_fake_stdout
                0x00000000080044e8                . = ALIGN (0x4)

.rel.dyn        0x00000000080044e8        0x0
 .rel.iplt      0x00000000080044e8        0x0 d:/program files/stm32cubeide_1.7.0/stm32cubeide/plugins/com.st.stm32cube.ide.mcu.externaltools.gnu-tools-for-stm32.9-2020-q2-update.win32_2.0.0.202105311346/tools/bin/../lib/gcc/arm-none-eabi/9.3.1/thumb/v6-m/nofp/crtbegin.o

.ARM.extab      0x00000000080044e8        0x0
                0x00000000080044e8                . = ALIGN (0x4)
 *(.ARM.extab* .gnu.linkonce.armextab.*)
                0x00000000080044e8                . = ALIGN (0x4)

.ARM            0x00000000080044e8        0x0
                0x00000000080044e8                . = ALIGN (0x4)
                0x00000000080044e8                __exidx_start = .
 *(.ARM.exidx*)
                0x00000000080044e8                __exidx_end = .
                0x00000000080044e8                . = ALIGN (0x4)

.preinit_array  0x00000000080044e8        0x0
                0x00000000080044e8                . = ALIGN (0x4)
                0x00000000080044e8                PROVIDE (__preinit_array_start = .)
 *(.preinit_array*)
                0x00000000080044e8                PROVIDE (__preinit_array_end = .)
                0x00000000080044e8                . = ALIGN (0x4)

.init_array     0x00000000080044e8        0x4
                0x00000000080044e8                . = ALIGN (0x4)
                0x00000000080044e8                PROVIDE (__init_array_start = .)
 *(SORT_BY_NAME(.init_array.*))
 *(.init_array*)
 .init_array    0x00000000080044e8        0x4 d:/program files/stm32cubeide_1.7.0/stm32cubeide/plugins/com.st.stm32cube.ide.mcu.externaltools.gnu-tools-for-stm32.9-2020-q2-update.win32_2.0.0.202105311346/tools/bin/../lib/gcc/arm-none-eabi/9.3.1/thumb/v6-m/nofp/crtbegin.o
                0x00000000080044ec                PROVIDE (__init_array_end = .)
                0x00000000080044ec                . = ALIGN (0x4)

.fini_array     0x00000000080044ec        0x4
                0x00000000080044ec                . = ALIGN (0x4)
                [!provide]                        PROVIDE (__fini_array_start = .)
 *(SORT_BY_NAME(.fini_array.*))
 *(.fini_array*)
 .fini_array    0x00000000080044ec        0x4 d:/program files/stm32cubeide_1.7.0/stm32cubeide/plugins/com.st.stm32cube.ide.mcu.externaltools.gnu-tools-for-stm32.9-2020-q2-update.win32_2.0.0.202105311346/tools/bin/../lib/gcc/arm-none-eabi/9.3.1/thumb/v6-m/nofp/crtbegin.o
                [!provide]                        PROVIDE (__fini_array_end = .)
                0x00000000080044f0                . = ALIGN (0x4)
                0x00000000080044f0                _sidata = LOADADDR (.data)

.data           0x0000000020000000      0x1a4 load address 0x00000000080044f0
                0x0000000020000000                . = ALIGN (0x4)
                0x0000000020000000                _sdata = .
 *(.data)
 *(.data*)
 .data.fade_amount.6606
                0x0000000020000000        0x4 ./Core/Src/led_animation/led_animation.o
 .data.uart1    0x0000000020000004       0x98 ./Core/Src/peripherals_init.o
                0x0000000020000004                uart1
 .data.uart2    0x000000002000009c       0x98 ./Core/Src/peripherals_init.o
                0x000000002000009c                uart2
 .data.SystemCoreClock
                0x0000000020000134        0x4 ./Core/Src/system_stm32f0xx.o
                0x0000000020000134                SystemCoreClock
 .data.uwTickFreq
                0x0000000020000138        0x1 ./Drivers/STM32F0xx_HAL_Driver/Src/stm32f0xx_hal.o
                0x0000000020000138                uwTickFreq
 *fill*         0x0000000020000139        0x3 
 .data.uwTickPrio
                0x000000002000013c        0x4 ./Drivers/STM32F0xx_HAL_Driver/Src/stm32f0xx_hal.o
                0x000000002000013c                uwTickPrio
 .data._impure_ptr
                0x0000000020000140        0x4 d:/program files/stm32cubeide_1.7.0/stm32cubeide/plugins/com.st.stm32cube.ide.mcu.externaltools.gnu-tools-for-stm32.9-2020-q2-update.win32_2.0.0.202105311346/tools/bin/../lib/gcc/arm-none-eabi/9.3.1/../../../../arm-none-eabi/lib/thumb/v6-m/nofp\libc_nano.a(lib_a-impure.o)
                0x0000000020000140                _impure_ptr
 .data.impure_data
                0x0000000020000144       0x60 d:/program files/stm32cubeide_1.7.0/stm32cubeide/plugins/com.st.stm32cube.ide.mcu.externaltools.gnu-tools-for-stm32.9-2020-q2-update.win32_2.0.0.202105311346/tools/bin/../lib/gcc/arm-none-eabi/9.3.1/../../../../arm-none-eabi/lib/thumb/v6-m/nofp\libc_nano.a(lib_a-impure.o)
 *(.RamFunc)
 *(.RamFunc*)
                0x00000000200001a4                . = ALIGN (0x4)
                0x00000000200001a4                _edata = .

.igot.plt       0x00000000200001a4        0x0 load address 0x0000000008004694
 .igot.plt      0x00000000200001a4        0x0 d:/program files/stm32cubeide_1.7.0/stm32cubeide/plugins/com.st.stm32cube.ide.mcu.externaltools.gnu-tools-for-stm32.9-2020-q2-update.win32_2.0.0.202105311346/tools/bin/../lib/gcc/arm-none-eabi/9.3.1/thumb/v6-m/nofp/crtbegin.o
                0x00000000200001a4                . = ALIGN (0x4)

.bss            0x00000000200001a4      0xa64 load address 0x0000000008004694
                0x00000000200001a4                _sbss = .
                0x00000000200001a4                __bss_start__ = _sbss
 *(.bss)
 .bss           0x00000000200001a4       0x1c d:/program files/stm32cubeide_1.7.0/stm32cubeide/plugins/com.st.stm32cube.ide.mcu.externaltools.gnu-tools-for-stm32.9-2020-q2-update.win32_2.0.0.202105311346/tools/bin/../lib/gcc/arm-none-eabi/9.3.1/thumb/v6-m/nofp/crtbegin.o
 *(.bss*)
 .bss.data_chunk.6325
                0x00000000200001c0       0x14 ./Core/Src/API/uart_driver.o
 .bss.tx_queue  0x00000000200001d4      0x408 ./Core/Src/host_comm/host_comm_tx_queue.o
 .bss.brightness.6605
                0x00000000200005dc        0x1 ./Core/Src/led_animation/led_animation.o
 *fill*         0x00000000200005dd        0x3 
 .bss.millis_counter.6604
                0x00000000200005e0        0x4 ./Core/Src/led_animation/led_animation.o
 .bss.__sbrk_heap_end
                0x00000000200005e4        0x4 ./Core/Src/sysmem.o
 .bss.__malloc_free_list
                0x00000000200005e8        0x4 d:/program files/stm32cubeide_1.7.0/stm32cubeide/plugins/com.st.stm32cube.ide.mcu.externaltools.gnu-tools-for-stm32.9-2020-q2-update.win32_2.0.0.202105311346/tools/bin/../lib/gcc/arm-none-eabi/9.3.1/../../../../arm-none-eabi/lib/thumb/v6-m/nofp\libc_nano.a(lib_a-nano-mallocr.o)
                0x00000000200005e8                __malloc_free_list
 .bss.__malloc_sbrk_start
                0x00000000200005ec        0x4 d:/program files/stm32cubeide_1.7.0/stm32cubeide/plugins/com.st.stm32cube.ide.mcu.externaltools.gnu-tools-for-stm32.9-2020-q2-update.win32_2.0.0.202105311346/tools/bin/../lib/gcc/arm-none-eabi/9.3.1/../../../../arm-none-eabi/lib/thumb/v6-m/nofp\libc_nano.a(lib_a-nano-mallocr.o)
                0x00000000200005ec                __malloc_sbrk_start
 *(COMMON)
 COMMON         0x00000000200005f0      0x118 ./Core/Src/host_comm/host_comm_rx_fsm.o
                0x00000000200005f0                host_comm_rx_handle
 COMMON         0x0000000020000708       0x20 ./Core/Src/host_comm/host_comm_tx_fsm.o
                0x0000000020000708                host_comm_tx_handle
 COMMON         0x0000000020000728       0xcc ./Core/Src/led_animation/led_animation.o
                0x0000000020000728                led2_fsm
                0x000000002000076c                led3_fsm
                0x00000000200007b0                led1_fsm
 COMMON         0x00000000200007f4      0x400 ./Core/Src/peripherals_init.o
                0x00000000200007f4                uart1_tx_buff
                0x00000000200008f4                uart2_rx_buff
                0x00000000200009f4                uart2_tx_buff
                0x0000000020000af4                uart1_rx_buff
 COMMON         0x0000000020000bf4        0x4 ./Drivers/STM32F0xx_HAL_Driver/Src/stm32f0xx_hal.o
                0x0000000020000bf4                uwTick
 COMMON         0x0000000020000bf8        0x9 d:/program files/stm32cubeide_1.7.0/stm32cubeide/plugins/com.st.stm32cube.ide.mcu.externaltools.gnu-tools-for-stm32.9-2020-q2-update.win32_2.0.0.202105311346/tools/bin/../lib/gcc/arm-none-eabi/9.3.1/../../../../arm-none-eabi/lib/thumb/v6-m/nofp\libc_nano.a(lib_a-lock.o)
                0x0000000020000bf8                __lock___atexit_recursive_mutex
                0x0000000020000bf9                __lock___arc4random_mutex
                0x0000000020000bfa                __lock___env_recursive_mutex
                0x0000000020000bfb                __lock___sinit_recursive_mutex
                0x0000000020000bfc                __lock___malloc_recursive_mutex
                0x0000000020000bfd                __lock___at_quick_exit_mutex
                0x0000000020000bfe                __lock___dd_hash_mutex
                0x0000000020000bff                __lock___tz_mutex
                0x0000000020000c00                __lock___sfp_recursive_mutex
 *fill*         0x0000000020000c01        0x3 
 COMMON         0x0000000020000c04        0x4 d:/program files/stm32cubeide_1.7.0/stm32cubeide/plugins/com.st.stm32cube.ide.mcu.externaltools.gnu-tools-for-stm32.9-2020-q2-update.win32_2.0.0.202105311346/tools/bin/../lib/gcc/arm-none-eabi/9.3.1/../../../../arm-none-eabi/lib/thumb/v6-m/nofp\libc_nano.a(lib_a-reent.o)
                0x0000000020000c04                errno
                0x0000000020000c08                . = ALIGN (0x4)
                0x0000000020000c08                _ebss = .
                0x0000000020000c08                __bss_end__ = _ebss

._user_heap_stack
                0x0000000020000c08      0x600 load address 0x0000000008004694
                0x0000000020000c08                . = ALIGN (0x8)
                [!provide]                        PROVIDE (end = .)
                0x0000000020000c08                PROVIDE (_end = .)
                0x0000000020000e08                . = (. + _Min_Heap_Size)
 *fill*         0x0000000020000c08      0x200 
                0x0000000020001208                . = (. + _Min_Stack_Size)
 *fill*         0x0000000020000e08      0x400 
                0x0000000020001208                . = ALIGN (0x8)

/DISCARD/
 libc.a(*)
 libm.a(*)
 libgcc.a(*)

.ARM.attributes
                0x0000000000000000       0x28
 *(.ARM.attributes)
 .ARM.attributes
                0x0000000000000000       0x1e d:/program files/stm32cubeide_1.7.0/stm32cubeide/plugins/com.st.stm32cube.ide.mcu.externaltools.gnu-tools-for-stm32.9-2020-q2-update.win32_2.0.0.202105311346/tools/bin/../lib/gcc/arm-none-eabi/9.3.1/thumb/v6-m/nofp/crti.o
 .ARM.attributes
                0x000000000000001e       0x2c d:/program files/stm32cubeide_1.7.0/stm32cubeide/plugins/com.st.stm32cube.ide.mcu.externaltools.gnu-tools-for-stm32.9-2020-q2-update.win32_2.0.0.202105311346/tools/bin/../lib/gcc/arm-none-eabi/9.3.1/thumb/v6-m/nofp/crtbegin.o
 .ARM.attributes
                0x000000000000004a       0x2c ./Core/Src/API/circular_buffer.o
 .ARM.attributes
                0x0000000000000076       0x2c ./Core/Src/API/printf_debug.o
 .ARM.attributes
                0x00000000000000a2       0x2c ./Core/Src/API/time_event.o
 .ARM.attributes
                0x00000000000000ce       0x2c ./Core/Src/API/time_irq.o
 .ARM.attributes
                0x00000000000000fa       0x2c ./Core/Src/API/uart_driver.o
 .ARM.attributes
                0x0000000000000126       0x2c ./Core/Src/host_comm/host_comm_fsm.o
 .ARM.attributes
                0x0000000000000152       0x2c ./Core/Src/host_comm/host_comm_rx_fsm.o
 .ARM.attributes
                0x000000000000017e       0x2c ./Core/Src/host_comm/host_comm_tx_fsm.o
 .ARM.attributes
                0x00000000000001aa       0x2c ./Core/Src/host_comm/host_comm_tx_queue.o
 .ARM.attributes
                0x00000000000001d6       0x2c ./Core/Src/host_comm/protocol.o
 .ARM.attributes
                0x0000000000000202       0x2c ./Core/Src/led_animation/led_animation.o
 .ARM.attributes
                0x000000000000022e       0x2c ./Core/Src/led_animation/led_animation_fsm.o
 .ARM.attributes
                0x000000000000025a       0x2c ./Core/Src/main.o
 .ARM.attributes
                0x0000000000000286       0x2c ./Core/Src/peripherals_init.o
 .ARM.attributes
                0x00000000000002b2       0x2c ./Core/Src/stm32f0xx_hal_msp.o
 .ARM.attributes
                0x00000000000002de       0x2c ./Core/Src/stm32f0xx_it.o
 .ARM.attributes
                0x000000000000030a       0x2c ./Core/Src/syscalls.o
 .ARM.attributes
                0x0000000000000336       0x2c ./Core/Src/sysmem.o
 .ARM.attributes
                0x0000000000000362       0x2c ./Core/Src/system_stm32f0xx.o
 .ARM.attributes
                0x000000000000038e       0x21 ./Core/Startup/startup_stm32f030cctx.o
 .ARM.attributes
                0x00000000000003af       0x2c ./Drivers/STM32F0xx_HAL_Driver/Src/stm32f0xx_hal.o
 .ARM.attributes
                0x00000000000003db       0x2c ./Drivers/STM32F0xx_HAL_Driver/Src/stm32f0xx_hal_cortex.o
 .ARM.attributes
                0x0000000000000407       0x2c ./Drivers/STM32F0xx_HAL_Driver/Src/stm32f0xx_hal_dma.o
 .ARM.attributes
                0x0000000000000433       0x2c ./Drivers/STM32F0xx_HAL_Driver/Src/stm32f0xx_hal_gpio.o
 .ARM.attributes
                0x000000000000045f       0x2c ./Drivers/STM32F0xx_HAL_Driver/Src/stm32f0xx_hal_rcc.o
 .ARM.attributes
                0x000000000000048b       0x2c ./Drivers/STM32F0xx_HAL_Driver/Src/stm32f0xx_hal_rcc_ex.o
 .ARM.attributes
                0x00000000000004b7       0x2c ./Drivers/STM32F0xx_HAL_Driver/Src/stm32f0xx_hal_uart.o
 .ARM.attributes
                0x00000000000004e3       0x2c d:/program files/stm32cubeide_1.7.0/stm32cubeide/plugins/com.st.stm32cube.ide.mcu.externaltools.gnu-tools-for-stm32.9-2020-q2-update.win32_2.0.0.202105311346/tools/bin/../lib/gcc/arm-none-eabi/9.3.1/../../../../arm-none-eabi/lib/thumb/v6-m/nofp\libc_nano.a(lib_a-assert.o)
 .ARM.attributes
                0x000000000000050f       0x2c d:/program files/stm32cubeide_1.7.0/stm32cubeide/plugins/com.st.stm32cube.ide.mcu.externaltools.gnu-tools-for-stm32.9-2020-q2-update.win32_2.0.0.202105311346/tools/bin/../lib/gcc/arm-none-eabi/9.3.1/../../../../arm-none-eabi/lib/thumb/v6-m/nofp\libc_nano.a(lib_a-errno.o)
 .ARM.attributes
                0x000000000000053b       0x2c d:/program files/stm32cubeide_1.7.0/stm32cubeide/plugins/com.st.stm32cube.ide.mcu.externaltools.gnu-tools-for-stm32.9-2020-q2-update.win32_2.0.0.202105311346/tools/bin/../lib/gcc/arm-none-eabi/9.3.1/../../../../arm-none-eabi/lib/thumb/v6-m/nofp\libc_nano.a(lib_a-fprintf.o)
 .ARM.attributes
                0x0000000000000567       0x2c d:/program files/stm32cubeide_1.7.0/stm32cubeide/plugins/com.st.stm32cube.ide.mcu.externaltools.gnu-tools-for-stm32.9-2020-q2-update.win32_2.0.0.202105311346/tools/bin/../lib/gcc/arm-none-eabi/9.3.1/../../../../arm-none-eabi/lib/thumb/v6-m/nofp\libc_nano.a(lib_a-impure.o)
 .ARM.attributes
                0x0000000000000593       0x2c d:/program files/stm32cubeide_1.7.0/stm32cubeide/plugins/com.st.stm32cube.ide.mcu.externaltools.gnu-tools-for-stm32.9-2020-q2-update.win32_2.0.0.202105311346/tools/bin/../lib/gcc/arm-none-eabi/9.3.1/../../../../arm-none-eabi/lib/thumb/v6-m/nofp\libc_nano.a(lib_a-init.o)
 .ARM.attributes
                0x00000000000005bf       0x2c d:/program files/stm32cubeide_1.7.0/stm32cubeide/plugins/com.st.stm32cube.ide.mcu.externaltools.gnu-tools-for-stm32.9-2020-q2-update.win32_2.0.0.202105311346/tools/bin/../lib/gcc/arm-none-eabi/9.3.1/../../../../arm-none-eabi/lib/thumb/v6-m/nofp\libc_nano.a(lib_a-malloc.o)
 .ARM.attributes
                0x00000000000005eb       0x2c d:/program files/stm32cubeide_1.7.0/stm32cubeide/plugins/com.st.stm32cube.ide.mcu.externaltools.gnu-tools-for-stm32.9-2020-q2-update.win32_2.0.0.202105311346/tools/bin/../lib/gcc/arm-none-eabi/9.3.1/../../../../arm-none-eabi/lib/thumb/v6-m/nofp\libc_nano.a(lib_a-memcpy-stub.o)
 .ARM.attributes
                0x0000000000000617       0x2c d:/program files/stm32cubeide_1.7.0/stm32cubeide/plugins/com.st.stm32cube.ide.mcu.externaltools.gnu-tools-for-stm32.9-2020-q2-update.win32_2.0.0.202105311346/tools/bin/../lib/gcc/arm-none-eabi/9.3.1/../../../../arm-none-eabi/lib/thumb/v6-m/nofp\libc_nano.a(lib_a-memset.o)
 .ARM.attributes
                0x0000000000000643       0x2c d:/program files/stm32cubeide_1.7.0/stm32cubeide/plugins/com.st.stm32cube.ide.mcu.externaltools.gnu-tools-for-stm32.9-2020-q2-update.win32_2.0.0.202105311346/tools/bin/../lib/gcc/arm-none-eabi/9.3.1/../../../../arm-none-eabi/lib/thumb/v6-m/nofp\libc_nano.a(lib_a-nano-freer.o)
 .ARM.attributes
                0x000000000000066f       0x2c d:/program files/stm32cubeide_1.7.0/stm32cubeide/plugins/com.st.stm32cube.ide.mcu.externaltools.gnu-tools-for-stm32.9-2020-q2-update.win32_2.0.0.202105311346/tools/bin/../lib/gcc/arm-none-eabi/9.3.1/../../../../arm-none-eabi/lib/thumb/v6-m/nofp\libc_nano.a(lib_a-nano-mallocr.o)
 .ARM.attributes
                0x000000000000069b       0x2c d:/program files/stm32cubeide_1.7.0/stm32cubeide/plugins/com.st.stm32cube.ide.mcu.externaltools.gnu-tools-for-stm32.9-2020-q2-update.win32_2.0.0.202105311346/tools/bin/../lib/gcc/arm-none-eabi/9.3.1/../../../../arm-none-eabi/lib/thumb/v6-m/nofp\libc_nano.a(lib_a-nano-vfprintf.o)
 .ARM.attributes
                0x00000000000006c7       0x2c d:/program files/stm32cubeide_1.7.0/stm32cubeide/plugins/com.st.stm32cube.ide.mcu.externaltools.gnu-tools-for-stm32.9-2020-q2-update.win32_2.0.0.202105311346/tools/bin/../lib/gcc/arm-none-eabi/9.3.1/../../../../arm-none-eabi/lib/thumb/v6-m/nofp\libc_nano.a(lib_a-nano-vfprintf_i.o)
 .ARM.attributes
                0x00000000000006f3       0x2c d:/program files/stm32cubeide_1.7.0/stm32cubeide/plugins/com.st.stm32cube.ide.mcu.externaltools.gnu-tools-for-stm32.9-2020-q2-update.win32_2.0.0.202105311346/tools/bin/../lib/gcc/arm-none-eabi/9.3.1/../../../../arm-none-eabi/lib/thumb/v6-m/nofp\libc_nano.a(lib_a-printf.o)
 .ARM.attributes
                0x000000000000071f       0x2c d:/program files/stm32cubeide_1.7.0/stm32cubeide/plugins/com.st.stm32cube.ide.mcu.externaltools.gnu-tools-for-stm32.9-2020-q2-update.win32_2.0.0.202105311346/tools/bin/../lib/gcc/arm-none-eabi/9.3.1/../../../../arm-none-eabi/lib/thumb/v6-m/nofp\libc_nano.a(lib_a-puts.o)
 .ARM.attributes
                0x000000000000074b       0x2c d:/program files/stm32cubeide_1.7.0/stm32cubeide/plugins/com.st.stm32cube.ide.mcu.externaltools.gnu-tools-for-stm32.9-2020-q2-update.win32_2.0.0.202105311346/tools/bin/../lib/gcc/arm-none-eabi/9.3.1/../../../../arm-none-eabi/lib/thumb/v6-m/nofp\libc_nano.a(lib_a-sbrkr.o)
 .ARM.attributes
                0x0000000000000777       0x2c d:/program files/stm32cubeide_1.7.0/stm32cubeide/plugins/com.st.stm32cube.ide.mcu.externaltools.gnu-tools-for-stm32.9-2020-q2-update.win32_2.0.0.202105311346/tools/bin/../lib/gcc/arm-none-eabi/9.3.1/../../../../arm-none-eabi/lib/thumb/v6-m/nofp\libc_nano.a(lib_a-wbuf.o)
 .ARM.attributes
                0x00000000000007a3       0x2c d:/program files/stm32cubeide_1.7.0/stm32cubeide/plugins/com.st.stm32cube.ide.mcu.externaltools.gnu-tools-for-stm32.9-2020-q2-update.win32_2.0.0.202105311346/tools/bin/../lib/gcc/arm-none-eabi/9.3.1/../../../../arm-none-eabi/lib/thumb/v6-m/nofp\libc_nano.a(lib_a-wsetup.o)
 .ARM.attributes
                0x00000000000007cf       0x2c d:/program files/stm32cubeide_1.7.0/stm32cubeide/plugins/com.st.stm32cube.ide.mcu.externaltools.gnu-tools-for-stm32.9-2020-q2-update.win32_2.0.0.202105311346/tools/bin/../lib/gcc/arm-none-eabi/9.3.1/../../../../arm-none-eabi/lib/thumb/v6-m/nofp\libc_nano.a(lib_a-abort.o)
 .ARM.attributes
                0x00000000000007fb       0x2c d:/program files/stm32cubeide_1.7.0/stm32cubeide/plugins/com.st.stm32cube.ide.mcu.externaltools.gnu-tools-for-stm32.9-2020-q2-update.win32_2.0.0.202105311346/tools/bin/../lib/gcc/arm-none-eabi/9.3.1/../../../../arm-none-eabi/lib/thumb/v6-m/nofp\libc_nano.a(lib_a-fflush.o)
 .ARM.attributes
                0x0000000000000827       0x2c d:/program files/stm32cubeide_1.7.0/stm32cubeide/plugins/com.st.stm32cube.ide.mcu.externaltools.gnu-tools-for-stm32.9-2020-q2-update.win32_2.0.0.202105311346/tools/bin/../lib/gcc/arm-none-eabi/9.3.1/../../../../arm-none-eabi/lib/thumb/v6-m/nofp\libc_nano.a(lib_a-findfp.o)
 .ARM.attributes
                0x0000000000000853       0x2c d:/program files/stm32cubeide_1.7.0/stm32cubeide/plugins/com.st.stm32cube.ide.mcu.externaltools.gnu-tools-for-stm32.9-2020-q2-update.win32_2.0.0.202105311346/tools/bin/../lib/gcc/arm-none-eabi/9.3.1/../../../../arm-none-eabi/lib/thumb/v6-m/nofp\libc_nano.a(lib_a-fwalk.o)
 .ARM.attributes
                0x000000000000087f       0x2c d:/program files/stm32cubeide_1.7.0/stm32cubeide/plugins/com.st.stm32cube.ide.mcu.externaltools.gnu-tools-for-stm32.9-2020-q2-update.win32_2.0.0.202105311346/tools/bin/../lib/gcc/arm-none-eabi/9.3.1/../../../../arm-none-eabi/lib/thumb/v6-m/nofp\libc_nano.a(lib_a-lock.o)
 .ARM.attributes
                0x00000000000008ab       0x2c d:/program files/stm32cubeide_1.7.0/stm32cubeide/plugins/com.st.stm32cube.ide.mcu.externaltools.gnu-tools-for-stm32.9-2020-q2-update.win32_2.0.0.202105311346/tools/bin/../lib/gcc/arm-none-eabi/9.3.1/../../../../arm-none-eabi/lib/thumb/v6-m/nofp\libc_nano.a(lib_a-makebuf.o)
 .ARM.attributes
                0x00000000000008d7       0x2c d:/program files/stm32cubeide_1.7.0/stm32cubeide/plugins/com.st.stm32cube.ide.mcu.externaltools.gnu-tools-for-stm32.9-2020-q2-update.win32_2.0.0.202105311346/tools/bin/../lib/gcc/arm-none-eabi/9.3.1/../../../../arm-none-eabi/lib/thumb/v6-m/nofp\libc_nano.a(lib_a-memchr-stub.o)
 .ARM.attributes
                0x0000000000000903       0x2c d:/program files/stm32cubeide_1.7.0/stm32cubeide/plugins/com.st.stm32cube.ide.mcu.externaltools.gnu-tools-for-stm32.9-2020-q2-update.win32_2.0.0.202105311346/tools/bin/../lib/gcc/arm-none-eabi/9.3.1/../../../../arm-none-eabi/lib/thumb/v6-m/nofp\libc_nano.a(lib_a-mlock.o)
 .ARM.attributes
                0x000000000000092f       0x2c d:/program files/stm32cubeide_1.7.0/stm32cubeide/plugins/com.st.stm32cube.ide.mcu.externaltools.gnu-tools-for-stm32.9-2020-q2-update.win32_2.0.0.202105311346/tools/bin/../lib/gcc/arm-none-eabi/9.3.1/../../../../arm-none-eabi/lib/thumb/v6-m/nofp\libc_nano.a(lib_a-reent.o)
 .ARM.attributes
                0x000000000000095b       0x2c d:/program files/stm32cubeide_1.7.0/stm32cubeide/plugins/com.st.stm32cube.ide.mcu.externaltools.gnu-tools-for-stm32.9-2020-q2-update.win32_2.0.0.202105311346/tools/bin/../lib/gcc/arm-none-eabi/9.3.1/../../../../arm-none-eabi/lib/thumb/v6-m/nofp\libc_nano.a(lib_a-signal.o)
 .ARM.attributes
                0x0000000000000987       0x2c d:/program files/stm32cubeide_1.7.0/stm32cubeide/plugins/com.st.stm32cube.ide.mcu.externaltools.gnu-tools-for-stm32.9-2020-q2-update.win32_2.0.0.202105311346/tools/bin/../lib/gcc/arm-none-eabi/9.3.1/../../../../arm-none-eabi/lib/thumb/v6-m/nofp\libc_nano.a(lib_a-signalr.o)
 .ARM.attributes
                0x00000000000009b3       0x2c d:/program files/stm32cubeide_1.7.0/stm32cubeide/plugins/com.st.stm32cube.ide.mcu.externaltools.gnu-tools-for-stm32.9-2020-q2-update.win32_2.0.0.202105311346/tools/bin/../lib/gcc/arm-none-eabi/9.3.1/../../../../arm-none-eabi/lib/thumb/v6-m/nofp\libc_nano.a(lib_a-stdio.o)
 .ARM.attributes
                0x00000000000009df       0x2c d:/program files/stm32cubeide_1.7.0/stm32cubeide/plugins/com.st.stm32cube.ide.mcu.externaltools.gnu-tools-for-stm32.9-2020-q2-update.win32_2.0.0.202105311346/tools/bin/../lib/gcc/arm-none-eabi/9.3.1/../../../../arm-none-eabi/lib/thumb/v6-m/nofp\libc_nano.a(lib_a-writer.o)
 .ARM.attributes
                0x0000000000000a0b       0x2c d:/program files/stm32cubeide_1.7.0/stm32cubeide/plugins/com.st.stm32cube.ide.mcu.externaltools.gnu-tools-for-stm32.9-2020-q2-update.win32_2.0.0.202105311346/tools/bin/../lib/gcc/arm-none-eabi/9.3.1/../../../../arm-none-eabi/lib/thumb/v6-m/nofp\libc_nano.a(lib_a-closer.o)
 .ARM.attributes
                0x0000000000000a37       0x2c d:/program files/stm32cubeide_1.7.0/stm32cubeide/plugins/com.st.stm32cube.ide.mcu.externaltools.gnu-tools-for-stm32.9-2020-q2-update.win32_2.0.0.202105311346/tools/bin/../lib/gcc/arm-none-eabi/9.3.1/../../../../arm-none-eabi/lib/thumb/v6-m/nofp\libc_nano.a(lib_a-fstatr.o)
 .ARM.attributes
                0x0000000000000a63       0x2c d:/program files/stm32cubeide_1.7.0/stm32cubeide/plugins/com.st.stm32cube.ide.mcu.externaltools.gnu-tools-for-stm32.9-2020-q2-update.win32_2.0.0.202105311346/tools/bin/../lib/gcc/arm-none-eabi/9.3.1/../../../../arm-none-eabi/lib/thumb/v6-m/nofp\libc_nano.a(lib_a-isattyr.o)
 .ARM.attributes
                0x0000000000000a8f       0x2c d:/program files/stm32cubeide_1.7.0/stm32cubeide/plugins/com.st.stm32cube.ide.mcu.externaltools.gnu-tools-for-stm32.9-2020-q2-update.win32_2.0.0.202105311346/tools/bin/../lib/gcc/arm-none-eabi/9.3.1/../../../../arm-none-eabi/lib/thumb/v6-m/nofp\libc_nano.a(lib_a-lseekr.o)
 .ARM.attributes
                0x0000000000000abb       0x2c d:/program files/stm32cubeide_1.7.0/stm32cubeide/plugins/com.st.stm32cube.ide.mcu.externaltools.gnu-tools-for-stm32.9-2020-q2-update.win32_2.0.0.202105311346/tools/bin/../lib/gcc/arm-none-eabi/9.3.1/../../../../arm-none-eabi/lib/thumb/v6-m/nofp\libc_nano.a(lib_a-readr.o)
 .ARM.attributes
                0x0000000000000ae7       0x1e d:/program files/stm32cubeide_1.7.0/stm32cubeide/plugins/com.st.stm32cube.ide.mcu.externaltools.gnu-tools-for-stm32.9-2020-q2-update.win32_2.0.0.202105311346/tools/bin/../lib/gcc/arm-none-eabi/9.3.1/thumb/v6-m/nofp\libgcc.a(_thumb1_case_shi.o)
 .ARM.attributes
                0x0000000000000b05       0x1e d:/program files/stm32cubeide_1.7.0/stm32cubeide/plugins/com.st.stm32cube.ide.mcu.externaltools.gnu-tools-for-stm32.9-2020-q2-update.win32_2.0.0.202105311346/tools/bin/../lib/gcc/arm-none-eabi/9.3.1/thumb/v6-m/nofp\libgcc.a(_udivsi3.o)
 .ARM.attributes
                0x0000000000000b23       0x1e d:/program files/stm32cubeide_1.7.0/stm32cubeide/plugins/com.st.stm32cube.ide.mcu.externaltools.gnu-tools-for-stm32.9-2020-q2-update.win32_2.0.0.202105311346/tools/bin/../lib/gcc/arm-none-eabi/9.3.1/thumb/v6-m/nofp\libgcc.a(_divsi3.o)
 .ARM.attributes
                0x0000000000000b41       0x1e d:/program files/stm32cubeide_1.7.0/stm32cubeide/plugins/com.st.stm32cube.ide.mcu.externaltools.gnu-tools-for-stm32.9-2020-q2-update.win32_2.0.0.202105311346/tools/bin/../lib/gcc/arm-none-eabi/9.3.1/thumb/v6-m/nofp\libgcc.a(_dvmd_tls.o)
 .ARM.attributes
                0x0000000000000b5f       0x1e d:/program files/stm32cubeide_1.7.0/stm32cubeide/plugins/com.st.stm32cube.ide.mcu.externaltools.gnu-tools-for-stm32.9-2020-q2-update.win32_2.0.0.202105311346/tools/bin/../lib/gcc/arm-none-eabi/9.3.1/thumb/v6-m/nofp/crtn.o
OUTPUT(stm32f0_custom_bootloader.elf elf32-littlearm)
LOAD linker stubs
LOAD d:/program files/stm32cubeide_1.7.0/stm32cubeide/plugins/com.st.stm32cube.ide.mcu.externaltools.gnu-tools-for-stm32.9-2020-q2-update.win32_2.0.0.202105311346/tools/bin/../lib/gcc/arm-none-eabi/9.3.1/../../../../arm-none-eabi/lib/thumb/v6-m/nofp\libc.a
LOAD d:/program files/stm32cubeide_1.7.0/stm32cubeide/plugins/com.st.stm32cube.ide.mcu.externaltools.gnu-tools-for-stm32.9-2020-q2-update.win32_2.0.0.202105311346/tools/bin/../lib/gcc/arm-none-eabi/9.3.1/../../../../arm-none-eabi/lib/thumb/v6-m/nofp\libm.a
LOAD d:/program files/stm32cubeide_1.7.0/stm32cubeide/plugins/com.st.stm32cube.ide.mcu.externaltools.gnu-tools-for-stm32.9-2020-q2-update.win32_2.0.0.202105311346/tools/bin/../lib/gcc/arm-none-eabi/9.3.1/thumb/v6-m/nofp\libgcc.a

.debug_info     0x0000000000000000    0x20778
 .debug_info    0x0000000000000000     0x1666 ./Core/Src/API/circular_buffer.o
 .debug_info    0x0000000000001666     0x110c ./Core/Src/API/printf_debug.o
 .debug_info    0x0000000000002772      0x323 ./Core/Src/API/time_event.o
 .debug_info    0x0000000000002a95     0x188e ./Core/Src/API/time_irq.o
 .debug_info    0x0000000000004323     0x16a0 ./Core/Src/API/uart_driver.o
 .debug_info    0x00000000000059c3     0x1685 ./Core/Src/host_comm/host_comm_fsm.o
 .debug_info    0x0000000000007048     0x2698 ./Core/Src/host_comm/host_comm_rx_fsm.o
 .debug_info    0x00000000000096e0     0x1fa3 ./Core/Src/host_comm/host_comm_tx_fsm.o
 .debug_info    0x000000000000b683      0xdc4 ./Core/Src/host_comm/host_comm_tx_queue.o
 .debug_info    0x000000000000c447      0xd4a ./Core/Src/host_comm/protocol.o
 .debug_info    0x000000000000d191     0x1677 ./Core/Src/led_animation/led_animation.o
 .debug_info    0x000000000000e808     0x1885 ./Core/Src/led_animation/led_animation_fsm.o
 .debug_info    0x000000000001008d     0x19fe ./Core/Src/main.o
 .debug_info    0x0000000000011a8b     0x182a ./Core/Src/peripherals_init.o
 .debug_info    0x00000000000132b5      0xc19 ./Core/Src/stm32f0xx_hal_msp.o
 .debug_info    0x0000000000013ece     0x1171 ./Core/Src/stm32f0xx_it.o
 .debug_info    0x000000000001503f     0x10dc ./Core/Src/syscalls.o
 .debug_info    0x000000000001611b      0xa4e ./Core/Src/sysmem.o
 .debug_info    0x0000000000016b69      0x2d7 ./Core/Src/system_stm32f0xx.o
 .debug_info    0x0000000000016e40       0x22 ./Core/Startup/startup_stm32f030cctx.o
 .debug_info    0x0000000000016e62      0x7be ./Drivers/STM32F0xx_HAL_Driver/Src/stm32f0xx_hal.o
 .debug_info    0x0000000000017620      0x973 ./Drivers/STM32F0xx_HAL_Driver/Src/stm32f0xx_hal_cortex.o
 .debug_info    0x0000000000017f93      0x9d7 ./Drivers/STM32F0xx_HAL_Driver/Src/stm32f0xx_hal_dma.o
 .debug_info    0x000000000001896a      0x71b ./Drivers/STM32F0xx_HAL_Driver/Src/stm32f0xx_hal_gpio.o
 .debug_info    0x0000000000019085      0xb44 ./Drivers/STM32F0xx_HAL_Driver/Src/stm32f0xx_hal_rcc.o
 .debug_info    0x0000000000019bc9      0x480 ./Drivers/STM32F0xx_HAL_Driver/Src/stm32f0xx_hal_rcc_ex.o
 .debug_info    0x000000000001a049     0x672f ./Drivers/STM32F0xx_HAL_Driver/Src/stm32f0xx_hal_uart.o

.debug_abbrev   0x0000000000000000     0x459d
 .debug_abbrev  0x0000000000000000      0x408 ./Core/Src/API/circular_buffer.o
 .debug_abbrev  0x0000000000000408      0x21c ./Core/Src/API/printf_debug.o
 .debug_abbrev  0x0000000000000624      0x14a ./Core/Src/API/time_event.o
 .debug_abbrev  0x000000000000076e      0x20d ./Core/Src/API/time_irq.o
 .debug_abbrev  0x000000000000097b      0x29c ./Core/Src/API/uart_driver.o
 .debug_abbrev  0x0000000000000c17      0x245 ./Core/Src/host_comm/host_comm_fsm.o
 .debug_abbrev  0x0000000000000e5c      0x45d ./Core/Src/host_comm/host_comm_rx_fsm.o
 .debug_abbrev  0x00000000000012b9      0x427 ./Core/Src/host_comm/host_comm_tx_fsm.o
 .debug_abbrev  0x00000000000016e0      0x28e ./Core/Src/host_comm/host_comm_tx_queue.o
 .debug_abbrev  0x000000000000196e      0x2b2 ./Core/Src/host_comm/protocol.o
 .debug_abbrev  0x0000000000001c20      0x2dc ./Core/Src/led_animation/led_animation.o
 .debug_abbrev  0x0000000000001efc      0x418 ./Core/Src/led_animation/led_animation_fsm.o
 .debug_abbrev  0x0000000000002314      0x287 ./Core/Src/main.o
 .debug_abbrev  0x000000000000259b      0x2af ./Core/Src/peripherals_init.o
 .debug_abbrev  0x000000000000284a      0x1f5 ./Core/Src/stm32f0xx_hal_msp.o
 .debug_abbrev  0x0000000000002a3f      0x247 ./Core/Src/stm32f0xx_it.o
 .debug_abbrev  0x0000000000002c86      0x2ed ./Core/Src/syscalls.o
 .debug_abbrev  0x0000000000002f73      0x1f4 ./Core/Src/sysmem.o
 .debug_abbrev  0x0000000000003167      0x14b ./Core/Src/system_stm32f0xx.o
 .debug_abbrev  0x00000000000032b2       0x12 ./Core/Startup/startup_stm32f030cctx.o
 .debug_abbrev  0x00000000000032c4      0x2af ./Drivers/STM32F0xx_HAL_Driver/Src/stm32f0xx_hal.o
 .debug_abbrev  0x0000000000003573      0x2ab ./Drivers/STM32F0xx_HAL_Driver/Src/stm32f0xx_hal_cortex.o
 .debug_abbrev  0x000000000000381e      0x256 ./Drivers/STM32F0xx_HAL_Driver/Src/stm32f0xx_hal_dma.o
 .debug_abbrev  0x0000000000003a74      0x228 ./Drivers/STM32F0xx_HAL_Driver/Src/stm32f0xx_hal_gpio.o
 .debug_abbrev  0x0000000000003c9c      0x2fd ./Drivers/STM32F0xx_HAL_Driver/Src/stm32f0xx_hal_rcc.o
 .debug_abbrev  0x0000000000003f99      0x1e8 ./Drivers/STM32F0xx_HAL_Driver/Src/stm32f0xx_hal_rcc_ex.o
 .debug_abbrev  0x0000000000004181      0x41c ./Drivers/STM32F0xx_HAL_Driver/Src/stm32f0xx_hal_uart.o

.debug_loc      0x0000000000000000     0xa2af
 .debug_loc     0x0000000000000000      0xd11 ./Core/Src/API/circular_buffer.o
 .debug_loc     0x0000000000000d11       0x79 ./Core/Src/API/printf_debug.o
 .debug_loc     0x0000000000000d8a      0x108 ./Core/Src/API/time_event.o
 .debug_loc     0x0000000000000e92      0x4f8 ./Core/Src/API/uart_driver.o
 .debug_loc     0x000000000000138a       0x3f ./Core/Src/host_comm/host_comm_fsm.o
 .debug_loc     0x00000000000013c9      0xafa ./Core/Src/host_comm/host_comm_rx_fsm.o
 .debug_loc     0x0000000000001ec3      0x946 ./Core/Src/host_comm/host_comm_tx_fsm.o
 .debug_loc     0x0000000000002809       0xec ./Core/Src/host_comm/host_comm_tx_queue.o
 .debug_loc     0x00000000000028f5      0x18e ./Core/Src/host_comm/protocol.o
 .debug_loc     0x0000000000002a83      0x6a8 ./Core/Src/led_animation/led_animation_fsm.o
 .debug_loc     0x000000000000312b       0x9e ./Core/Src/stm32f0xx_hal_msp.o
 .debug_loc     0x00000000000031c9      0x463 ./Core/Src/syscalls.o
 .debug_loc     0x000000000000362c       0x8a ./Core/Src/sysmem.o
 .debug_loc     0x00000000000036b6      0x107 ./Core/Src/system_stm32f0xx.o
 .debug_loc     0x00000000000037bd      0x135 ./Drivers/STM32F0xx_HAL_Driver/Src/stm32f0xx_hal.o
 .debug_loc     0x00000000000038f2      0x482 ./Drivers/STM32F0xx_HAL_Driver/Src/stm32f0xx_hal_cortex.o
 .debug_loc     0x0000000000003d74      0xa48 ./Drivers/STM32F0xx_HAL_Driver/Src/stm32f0xx_hal_dma.o
 .debug_loc     0x00000000000047bc      0x4b9 ./Drivers/STM32F0xx_HAL_Driver/Src/stm32f0xx_hal_gpio.o
 .debug_loc     0x0000000000004c75      0x7d3 ./Drivers/STM32F0xx_HAL_Driver/Src/stm32f0xx_hal_rcc.o
 .debug_loc     0x0000000000005448      0x2d9 ./Drivers/STM32F0xx_HAL_Driver/Src/stm32f0xx_hal_rcc_ex.o
 .debug_loc     0x0000000000005721     0x4b8e ./Drivers/STM32F0xx_HAL_Driver/Src/stm32f0xx_hal_uart.o

.debug_aranges  0x0000000000000000      0x9c0
 .debug_aranges
                0x0000000000000000       0x90 ./Core/Src/API/circular_buffer.o
 .debug_aranges
                0x0000000000000090       0x20 ./Core/Src/API/printf_debug.o
 .debug_aranges
                0x00000000000000b0       0x50 ./Core/Src/API/time_event.o
 .debug_aranges
                0x0000000000000100       0x20 ./Core/Src/API/time_irq.o
 .debug_aranges
                0x0000000000000120       0x68 ./Core/Src/API/uart_driver.o
 .debug_aranges
                0x0000000000000188       0x30 ./Core/Src/host_comm/host_comm_fsm.o
 .debug_aranges
                0x00000000000001b8       0x50 ./Core/Src/host_comm/host_comm_rx_fsm.o
 .debug_aranges